Component: Arm Compiler for Embedded 6.22 Tool: armlink [5ee90200]

==============================================================================

Section Cross References

    py32f002bxx_start_kit.o(.ARM.exidx.text.BSP_GetVersion) refers to py32f002bxx_start_kit.o(.text.BSP_GetVersion) for [Anonymous Symbol]
    py32f002bxx_start_kit.o(.text.RM1002_RST_Init) refers to py32f002b_hal_gpio.o(.text.HAL_GPIO_Init) for HAL_GPIO_Init
    py32f002bxx_start_kit.o(.text.RM1002_RST_Init) refers to py32f002b_hal_gpio.o(.text.HAL_GPIO_WritePin) for HAL_GPIO_WritePin
    py32f002bxx_start_kit.o(.ARM.exidx.text.RM1002_RST_Init) refers to py32f002bxx_start_kit.o(.text.RM1002_RST_Init) for [Anonymous Symbol]
    py32f002bxx_start_kit.o(.text.BSP_PB_Init) refers to py32f002b_hal_gpio.o(.text.HAL_GPIO_Init) for HAL_GPIO_Init
    py32f002bxx_start_kit.o(.text.BSP_PB_Init) refers to py32f002b_hal_cortex.o(.text.HAL_NVIC_SetPriority) for HAL_NVIC_SetPriority
    py32f002bxx_start_kit.o(.text.BSP_PB_Init) refers to py32f002b_hal_cortex.o(.text.HAL_NVIC_EnableIRQ) for HAL_NVIC_EnableIRQ
    py32f002bxx_start_kit.o(.text.BSP_PB_Init) refers to py32f002bxx_start_kit.o(.data.BUTTON_PORT) for BUTTON_PORT
    py32f002bxx_start_kit.o(.ARM.exidx.text.BSP_PB_Init) refers to py32f002bxx_start_kit.o(.text.BSP_PB_Init) for [Anonymous Symbol]
    py32f002bxx_start_kit.o(.text.BSP_PB_DeInit) refers to py32f002b_hal_cortex.o(.text.HAL_NVIC_DisableIRQ) for HAL_NVIC_DisableIRQ
    py32f002bxx_start_kit.o(.text.BSP_PB_DeInit) refers to py32f002b_hal_gpio.o(.text.HAL_GPIO_DeInit) for HAL_GPIO_DeInit
    py32f002bxx_start_kit.o(.text.BSP_PB_DeInit) refers to py32f002bxx_start_kit.o(.data.BUTTON_PORT) for BUTTON_PORT
    py32f002bxx_start_kit.o(.ARM.exidx.text.BSP_PB_DeInit) refers to py32f002bxx_start_kit.o(.text.BSP_PB_DeInit) for [Anonymous Symbol]
    py32f002bxx_start_kit.o(.text.BSP_PB_GetState) refers to py32f002b_hal_gpio.o(.text.HAL_GPIO_ReadPin) for HAL_GPIO_ReadPin
    py32f002bxx_start_kit.o(.text.BSP_PB_GetState) refers to py32f002bxx_start_kit.o(.data.BUTTON_PORT) for BUTTON_PORT
    py32f002bxx_start_kit.o(.ARM.exidx.text.BSP_PB_GetState) refers to py32f002bxx_start_kit.o(.text.BSP_PB_GetState) for [Anonymous Symbol]
    py32f002bxx_start_kit.o(.text.BSP_USART_Config) refers to py32f002b_hal_uart.o(.text.HAL_UART_Init) for HAL_UART_Init
    py32f002bxx_start_kit.o(.text.BSP_USART_Config) refers to py32f002b_hal_gpio.o(.text.HAL_GPIO_Init) for HAL_GPIO_Init
    py32f002bxx_start_kit.o(.text.BSP_USART_Config) refers to py32f002b_hal_cortex.o(.text.HAL_NVIC_SetPriority) for HAL_NVIC_SetPriority
    py32f002bxx_start_kit.o(.text.BSP_USART_Config) refers to py32f002b_hal_cortex.o(.text.HAL_NVIC_EnableIRQ) for HAL_NVIC_EnableIRQ
    py32f002bxx_start_kit.o(.text.BSP_USART_Config) refers to py32f002bxx_start_kit.o(.bss.DebugUartHandle) for DebugUartHandle
    py32f002bxx_start_kit.o(.ARM.exidx.text.BSP_USART_Config) refers to py32f002bxx_start_kit.o(.text.BSP_USART_Config) for [Anonymous Symbol]
    system_py32f002b.o(.text.SystemCoreClockUpdate) refers to system_py32f002b.o(.rodata.HSIFreqTable) for HSIFreqTable
    system_py32f002b.o(.text.SystemCoreClockUpdate) refers to system_py32f002b.o(.data.SystemCoreClock) for SystemCoreClock
    system_py32f002b.o(.text.SystemCoreClockUpdate) refers to system_py32f002b.o(.rodata.AHBPrescTable) for AHBPrescTable
    system_py32f002b.o(.ARM.exidx.text.SystemCoreClockUpdate) refers to system_py32f002b.o(.text.SystemCoreClockUpdate) for [Anonymous Symbol]
    system_py32f002b.o(.ARM.exidx.text.SystemInit) refers to system_py32f002b.o(.text.SystemInit) for [Anonymous Symbol]
    startup_py32f002bxx.o(RESET) refers to startup_py32f002bxx.o(STACK) for __initial_sp
    startup_py32f002bxx.o(RESET) refers to startup_py32f002bxx.o(.text) for Reset_Handler
    startup_py32f002bxx.o(RESET) refers to py32f002b_it.o(.text.NMI_Handler) for NMI_Handler
    startup_py32f002bxx.o(RESET) refers to py32f002b_it.o(.text.HardFault_Handler) for HardFault_Handler
    startup_py32f002bxx.o(RESET) refers to py32f002b_it.o(.text.SVC_Handler) for SVC_Handler
    startup_py32f002bxx.o(RESET) refers to py32f002b_it.o(.text.PendSV_Handler) for PendSV_Handler
    startup_py32f002bxx.o(RESET) refers to py32f002b_it.o(.text.SysTick_Handler) for SysTick_Handler
    startup_py32f002bxx.o(RESET) refers to py32f002b_it.o(.text.ADC_COMP_IRQHandler) for ADC_COMP_IRQHandler
    startup_py32f002bxx.o(RESET) refers to py32f002b_it.o(.text.TIM1_BRK_UP_TRG_COM_IRQHandler) for TIM1_BRK_UP_TRG_COM_IRQHandler
    startup_py32f002bxx.o(RESET) refers to usart.o(.text.USART1_IRQHandler) for USART1_IRQHandler
    startup_py32f002bxx.o(.text) refers to system_py32f002b.o(.text.SystemInit) for SystemInit
    startup_py32f002bxx.o(.text) refers to entry.o(.ARM.Collect$$$$00000000) for __main
    py32f002b_hal.o(.text.HAL_Init) refers to py32f002b_hal.o(.text.HAL_InitTick) for HAL_InitTick
[...]
    py32f002b_hal_uart.c                     0x00000000   Number         0  py32f002b_hal_uart.o ABSOLUTE
    py32f002b_it.c                           0x00000000   Number         0  py32f002b_it.o ABSOLUTE
    py32f002bxx_Start_Kit.c                  0x00000000   Number         0  py32f002bxx_start_kit.o ABSOLUTE
    sc7a20.c                                 0x00000000   Number         0  sc7a20.o ABSOLUTE
    startup_py32f002bxx.s                    0x00000000   Number         0  startup_py32f002bxx.o ABSOLUTE
    sys.c                                    0x00000000   Number         0  sys.o ABSOLUTE
    system_py32f002b.c                       0x00000000   Number         0  system_py32f002b.o ABSOLUTE
    tim.c                                    0x00000000   Number         0  tim.o ABSOLUTE
    usart.c                                  0x00000000   Number         0  usart.o ABSOLUTE
    voice_app.c                              0x00000000   Number         0  voice_app.o ABSOLUTE
    RESET                                    0x08000000   Section      192  startup_py32f002bxx.o(RESET)
    .ARM.Collect$$$$00000000                 0x080000c0   Section        0  entry.o(.ARM.Collect$$$$00000000)
    .ARM.Collect$$$$00000001                 0x080000c0   Section        4  entry2.o(.ARM.Collect$$$$00000001)
    .ARM.Collect$$$$00000004                 0x080000c4   Section        4  entry5.o(.ARM.Collect$$$$00000004)
    .ARM.Collect$$$$00000008                 0x080000c8   Section        0  entry7b.o(.ARM.Collect$$$$00000008)
    .ARM.Collect$$$$0000000A                 0x080000c8   Section        0  entry8b.o(.ARM.Collect$$$$0000000A)
    .ARM.Collect$$$$0000000B                 0x080000c8   Section        8  entry9a.o(.ARM.Collect$$$$0000000B)
    __lit__00000000                          0x080000d0   Data           4  entry2.o(.ARM.Collect$$$$00002712)
    .ARM.Collect$$$$0000000D                 0x080000d0   Section        0  entry10a.o(.ARM.Collect$$$$0000000D)
    .ARM.Collect$$$$0000000F                 0x080000d0   Section        0  entry11a.o(.ARM.Collect$$$$0000000F)
    .ARM.Collect$$$$00002712                 0x080000d0   Section        4  entry2.o(.ARM.Collect$$$$00002712)
    .text                                    0x080000d4   Section       28  startup_py32f002bxx.o(.text)
    .text                                    0x080000f0   Section        0  rand.o(.text)
    .text                                    0x08000114   Section        0  memseta.o(.text)
    .text                                    0x08000138   Section        0  fadd.o(.text)
    .text                                    0x080001ea   Section        0  fmul.o(.text)
    .text                                    0x08000264   Section        0  fdiv.o(.text)
    .text                                    0x080002e0   Section        0  ddiv.o(.text)
    .text                                    0x080003d0   Section        0  fcmple.o(.text)
    .text                                    0x080003ec   Section        0  fcmplt.o(.text)
    .text                                    0x08000408   Section        0  fcmpge.o(.text)
    .text                                    0x08000424   Section        0  fcmpgt.o(.text)
    .text                                    0x08000440   Section        0  fflti.o(.text)
    .text                                    0x08000456   Section        0  ffltui.o(.text)
    .text                                    0x08000464   Section        0  dflti.o(.text)
    .text                                    0x0800048c   Section        0  ffixi.o(.text)
    .text                                    0x080004be   Section        0  d2f.o(.text)
    .text                                    0x080004f6   Section        0  uidiv_div0.o(.text)
    .text                                    0x08000534   Section        0  idiv_div0.o(.text)
    .text                                    0x08000584   Section        0  uldiv.o(.text)
    .text                                    0x080005e4   Section        0  iusefp.o(.text)
    .text                                    0x080005e4   Section        0  fepilogue.o(.text)
    .text                                    0x08000666   Section        0  fsqrt.o(.text)
    .text                                    0x080006be   Section        0  depilogue.o(.text)
    .text                                    0x0800077c   Section        0  dadd.o(.text)
    .text                                    0x080008e0   Section        0  dmul.o(.text)
    .text                                    0x080009b0   Section        0  dfixul.o(.text)
    .text                                    0x080009f0   Section       40  cdrcmple.o(.text)
    .text                                    0x08000a18   Section       48  init.o(.text)
    .text                                    0x08000a48   Section        0  llshl.o(.text)
    .text                                    0x08000a68   Section        0  llushr.o(.text)
    .text                                    0x08000a8a   Section        0  llsshr.o(.text)
    [Anonymous Symbol]                       0x08000ab0   Section        0  py32f002b_it.o(.text.ADC_COMP_IRQHandler)
    [Anonymous Symbol]                       0x08000ab4   Section        0  sys.o(.text.APP_Config)
    __arm_cp.0_0                             0x08000b10   Number         4  sys.o(.text.APP_Config)
    [Anonymous Symbol]                       0x08000b14   Section        0  tim.o(.text.APP_ErrorHandler)
    [Anonymous Symbol]                       0x08000b18   Section        0  led.o(.text.APP_GPIOInit)
    __arm_cp.0_0                             0x08000bf4   Number         4  led.o(.text.APP_GPIOInit)
    __arm_cp.0_1                             0x08000bf8   Number         4  led.o(.text.APP_GPIOInit)
    __arm_cp.0_2                             0x08000bfc   Number         4  led.o(.text.APP_GPIOInit)
    [Anonymous Symbol]                       0x08000c00   Section        0  tim.o(.text.APP_TimConfig)
    __arm_cp.0_0                             0x08000c2c   Number         4  tim.o(.text.APP_TimConfig)
    __arm_cp.0_1                             0x08000c30   Number         4  tim.o(.text.APP_TimConfig)
    [Anonymous Symbol]                       0x08000c34   Section        0  flash.o(.text.Flash_Init)
    __arm_cp.6_0                             0x08000db4   Number         4  flash.o(.text.Flash_Init)
    __arm_cp.6_1                             0x08000db8   Number         4  flash.o(.text.Flash_Init)
    __arm_cp.6_2                             0x08000dbc   Number         4  flash.o(.text.Flash_Init)
    __arm_cp.6_3                             0x08000dc0   Number         4  flash.o(.text.Flash_Init)
    __arm_cp.6_4                             0x08000dc4   Number         4  flash.o(.text.Flash_Init)
    __arm_cp.6_7                             0x08000dd8   Number         4  flash.o(.text.Flash_Init)
    __arm_cp.6_8                             0x08000ddc   Number         4  flash.o(.text.Flash_Init)
    __arm_cp.6_9                             0x08000de0   Number         4  flash.o(.text.Flash_Init)
    __arm_cp.6_10                            0x08000de4   Number         4  flash.o(.text.Flash_Init)
    [Anonymous Symbol]                       0x08000de8   Section        0  flash.o(.text.Flash_Write)
    __arm_cp.2_0                             0x08000ee0   Number         4  flash.o(.text.Flash_Write)
    __arm_cp.2_1                             0x08000ee4   Number         4  flash.o(.text.Flash_Write)
    __arm_cp.2_2                             0x08000ee8   Number         4  flash.o(.text.Flash_Write)
    __arm_cp.2_3                             0x08000eec   Number         4  flash.o(.text.Flash_Write)
    __arm_cp.2_4                             0x08000ef0   Number         4  flash.o(.text.Flash_Write)
    __arm_cp.2_5                             0x08000ef4   Number         4  flash.o(.text.Flash_Write)
    __arm_cp.2_6                             0x08000ef8   Number         4  flash.o(.text.Flash_Write)
    __arm_cp.2_7                             0x08000efc   Number         4  flash.o(.text.Flash_Write)
    __arm_cp.2_8                             0x08000f00   Number         4  flash.o(.text.Flash_Write)
    __arm_cp.2_9                             0x08000f04   Number         4  flash.o(.text.Flash_Write)
    [Anonymous Symbol]                       0x08000f08   Section        0  flash.o(.text.Flash_Write_Status)
    [Anonymous Symbol]                       0x08000f9c   Section        0  py32f002b_hal.o(.text.HAL_Delay)
    __arm_cp.10_0                            0x08000fbc   Number         4  py32f002b_hal.o(.text.HAL_Delay)
    [Anonymous Symbol]                       0x08000fc0   Section        0  py32f002b_hal_flash.o(.text.HAL_FLASH_Erase)
    __arm_cp.7_0                             0x0800126c   Number         4  py32f002b_hal_flash.o(.text.HAL_FLASH_Erase)
    __arm_cp.7_1                             0x08001270   Number         4  py32f002b_hal_flash.o(.text.HAL_FLASH_Erase)
    __arm_cp.7_2                             0x08001274   Number         4  py32f002b_hal_flash.o(.text.HAL_FLASH_Erase)
    __arm_cp.7_3                             0x08001278   Number         4  py32f002b_hal_flash.o(.text.HAL_FLASH_Erase)
    __arm_cp.7_4                             0x0800127c   Number         4  py32f002b_hal_flash.o(.text.HAL_FLASH_Erase)
    __arm_cp.7_5                             0x08001280   Number         4  py32f002b_hal_flash.o(.text.HAL_FLASH_Erase)
    __arm_cp.7_6                             0x08001284   Number         4  py32f002b_hal_flash.o(.text.HAL_FLASH_Erase)
    __arm_cp.7_7                             0x08001288   Number         4  py32f002b_hal_flash.o(.text.HAL_FLASH_Erase)
    __arm_cp.7_10                            0x0800128c   Number         4  py32f002b_hal_flash.o(.text.HAL_FLASH_Erase)
    __arm_cp.7_11                            0x08001290   Number         4  py32f002b_hal_flash.o(.text.HAL_FLASH_Erase)
    [Anonymous Symbol]                       0x08001294   Section        0  py32f002b_hal_flash.o(.text.HAL_FLASH_Lock)
    [Anonymous Symbol]                       0x080012a8   Section        0  py32f002b_hal_flash.o(.text.HAL_FLASH_Program)
    __arm_cp.10_0                            0x08001464   Number         4  py32f002b_hal_flash.o(.text.HAL_FLASH_Program)
    __arm_cp.10_1                            0x08001468   Number         4  py32f002b_hal_flash.o(.text.HAL_FLASH_Program)
    __arm_cp.10_2                            0x0800146c   Number         4  py32f002b_hal_flash.o(.text.HAL_FLASH_Program)
    __arm_cp.10_3                            0x08001470   Number         4  py32f002b_hal_flash.o(.text.HAL_FLASH_Program)
    __arm_cp.10_4                            0x08001474   Number         4  py32f002b_hal_flash.o(.text.HAL_FLASH_Program)
    __arm_cp.10_5                            0x08001478   Number         4  py32f002b_hal_flash.o(.text.HAL_FLASH_Program)
    __arm_cp.10_6                            0x0800147c   Number         4  py32f002b_hal_flash.o(.text.HAL_FLASH_Program)
    __arm_cp.10_7                            0x08001480   Number         4  py32f002b_hal_flash.o(.text.HAL_FLASH_Program)
    __arm_cp.10_8                            0x08001484   Number         4  py32f002b_hal_flash.o(.text.HAL_FLASH_Program)
    __arm_cp.10_9                            0x08001488   Number         4  py32f002b_hal_flash.o(.text.HAL_FLASH_Program)
    [Anonymous Symbol]                       0x0800148c   Section        0  py32f002b_hal_flash.o(.text.HAL_FLASH_Unlock)
    __arm_cp.0_0                             0x080014a8   Number         4  py32f002b_hal_flash.o(.text.HAL_FLASH_Unlock)
    __arm_cp.0_1                             0x080014ac   Number         4  py32f002b_hal_flash.o(.text.HAL_FLASH_Unlock)
    __arm_cp.0_2                             0x080014b0   Number         4  py32f002b_hal_flash.o(.text.HAL_FLASH_Unlock)
    [Anonymous Symbol]                       0x080014b4   Section        0  py32f002b_hal_gpio.o(.text.HAL_GPIO_Init)
    __arm_cp.0_0                             0x08001610   Number         4  py32f002b_hal_gpio.o(.text.HAL_GPIO_Init)
    __arm_cp.0_1                             0x08001614   Number         4  py32f002b_hal_gpio.o(.text.HAL_GPIO_Init)
    __arm_cp.0_2                             0x08001618   Number         4  py32f002b_hal_gpio.o(.text.HAL_GPIO_Init)
    __arm_cp.0_3                             0x0800161c   Number         4  py32f002b_hal_gpio.o(.text.HAL_GPIO_Init)
    [Anonymous Symbol]                       0x08001620   Section        0  py32f002b_hal_gpio.o(.text.HAL_GPIO_WritePin)
    [Anonymous Symbol]                       0x08001630   Section        0  py32f002b_hal.o(.text.HAL_GetTick)
    __arm_cp.6_0                             0x08001638   Number         4  py32f002b_hal.o(.text.HAL_GetTick)
    [Anonymous Symbol]                       0x0800163c   Section        0  py32f002b_hal_i2c.o(.text.HAL_I2C_GetState)
    [Anonymous Symbol]                       0x08001644   Section        0  py32f002b_hal_i2c.o(.text.HAL_I2C_Init)
    __arm_cp.0_0                             0x0800176c   Number         4  py32f002b_hal_i2c.o(.text.HAL_I2C_Init)
    __arm_cp.0_1                             0x08001770   Number         4  py32f002b_hal_i2c.o(.text.HAL_I2C_Init)
    __arm_cp.0_2                             0x08001774   Number         4  py32f002b_hal_i2c.o(.text.HAL_I2C_Init)
    __arm_cp.0_3                             0x08001778   Number         4  py32f002b_hal_i2c.o(.text.HAL_I2C_Init)
    __arm_cp.0_4                             0x0800177c   Number         4  py32f002b_hal_i2c.o(.text.HAL_I2C_Init)
    __arm_cp.0_5                             0x08001780   Number         4  py32f002b_hal_i2c.o(.text.HAL_I2C_Init)
    __arm_cp.0_6                             0x08001784   Number         4  py32f002b_hal_i2c.o(.text.HAL_I2C_Init)
    [Anonymous Symbol]                       0x08001788   Section        0  py32f002b_hal_i2c.o(.text.HAL_I2C_Mem_Read)
    __arm_cp.14_4                            0x08001be4   Number         4  py32f002b_hal_i2c.o(.text.HAL_I2C_Mem_Read)
    __arm_cp.14_1                            0x08001cd4   Number         4  py32f002b_hal_i2c.o(.text.HAL_I2C_Mem_Read)
    __arm_cp.14_2                            0x08001cd8   Number         4  py32f002b_hal_i2c.o(.text.HAL_I2C_Mem_Read)
    [Anonymous Symbol]                       0x08001cdc   Section        0  py32f002b_hal_i2c.o(.text.HAL_I2C_Mem_Write)
    __arm_cp.13_0                            0x08002000   Number         4  py32f002b_hal_i2c.o(.text.HAL_I2C_Mem_Write)
    __arm_cp.13_1                            0x08002004   Number         4  py32f002b_hal_i2c.o(.text.HAL_I2C_Mem_Write)
    [Anonymous Symbol]                       0x08002008   Section        0  py32f002b_hal_msp.o(.text.HAL_I2C_MspInit)
    __arm_cp.2_0                             0x08002068   Number         4  py32f002b_hal_msp.o(.text.HAL_I2C_MspInit)
    __arm_cp.2_1                             0x0800206c   Number         4  py32f002b_hal_msp.o(.text.HAL_I2C_MspInit)
    [Anonymous Symbol]                       0x08002070   Section        0  py32f002b_hal_iwdg.o(.text.HAL_IWDG_Init)
    __arm_cp.0_0                             0x080020b4   Number         4  py32f002b_hal_iwdg.o(.text.HAL_IWDG_Init)
    __arm_cp.0_1                             0x080020b8   Number         4  py32f002b_hal_iwdg.o(.text.HAL_IWDG_Init)
    __arm_cp.0_2                             0x080020bc   Number         4  py32f002b_hal_iwdg.o(.text.HAL_IWDG_Init)
    [Anonymous Symbol]                       0x080020c0   Section        0  py32f002b_hal.o(.text.HAL_IncTick)
    __arm_cp.5_1                             0x080020d0   Number         4  py32f002b_hal.o(.text.HAL_IncTick)
    [Anonymous Symbol]                       0x080020d4   Section        0  py32f002b_hal.o(.text.HAL_Init)
    [Anonymous Symbol]                       0x080020ec   Section        0  py32f002b_hal.o(.text.HAL_InitTick)
    __arm_cp.1_0                             0x0800212c   Number         4  py32f002b_hal.o(.text.HAL_InitTick)
    [Anonymous Symbol]                       0x08002130   Section        0  py32f002b_hal_msp.o(.text.HAL_MspInit)
    __arm_cp.0_0                             0x08002158   Number         4  py32f002b_hal_msp.o(.text.HAL_MspInit)
    [Anonymous Symbol]                       0x0800215c   Section        0  py32f002b_hal_cortex.o(.text.HAL_NVIC_EnableIRQ)
    __arm_cp.1_0                             0x08002170   Number         4  py32f002b_hal_cortex.o(.text.HAL_NVIC_EnableIRQ)
    [Anonymous Symbol]                       0x08002174   Section        0  py32f002b_hal_cortex.o(.text.HAL_NVIC_SetPriority)
    __arm_cp.0_0                             0x080021a4   Number         4  py32f002b_hal_cortex.o(.text.HAL_NVIC_SetPriority)
    __arm_cp.0_1                             0x080021a8   Number         4  py32f002b_hal_cortex.o(.text.HAL_NVIC_SetPriority)
    [Anonymous Symbol]                       0x080021ac   Section        0  py32f002b_hal_rcc.o(.text.HAL_RCC_ClockConfig)
    __arm_cp.3_0                             0x08002360   Number         4  py32f002b_hal_rcc.o(.text.HAL_RCC_ClockConfig)
    __arm_cp.3_1                             0x08002364   Number         4  py32f002b_hal_rcc.o(.text.HAL_RCC_ClockConfig)
    __arm_cp.3_3                             0x08002368   Number         4  py32f002b_hal_rcc.o(.text.HAL_RCC_ClockConfig)
    __arm_cp.3_4                             0x0800236c   Number         4  py32f002b_hal_rcc.o(.text.HAL_RCC_ClockConfig)
    __arm_cp.3_5                             0x08002370   Number         4  py32f002b_hal_rcc.o(.text.HAL_RCC_ClockConfig)
    __arm_cp.3_6                             0x08002374   Number         4  py32f002b_hal_rcc.o(.text.HAL_RCC_ClockConfig)
    __arm_cp.3_7                             0x08002378   Number         4  py32f002b_hal_rcc.o(.text.HAL_RCC_ClockConfig)
    __arm_cp.3_9                             0x0800237c   Number         4  py32f002b_hal_rcc.o(.text.HAL_RCC_ClockConfig)
    [Anonymous Symbol]                       0x08002380   Section        0  py32f002b_hal_rcc.o(.text.HAL_RCC_GetPCLK1Freq)
    __arm_cp.6_0                             0x0800239c   Number         4  py32f002b_hal_rcc.o(.text.HAL_RCC_GetPCLK1Freq)
    __arm_cp.6_1                             0x080023a0   Number         4  py32f002b_hal_rcc.o(.text.HAL_RCC_GetPCLK1Freq)
    __arm_cp.6_2                             0x080023a4   Number         4  py32f002b_hal_rcc.o(.text.HAL_RCC_GetPCLK1Freq)
    [Anonymous Symbol]                       0x080023a8   Section        0  py32f002b_hal_rcc.o(.text.HAL_RCC_OscConfig)
    __arm_cp.1_0                             0x0800272c   Number         4  py32f002b_hal_rcc.o(.text.HAL_RCC_OscConfig)
    __arm_cp.1_1                             0x08002730   Number         4  py32f002b_hal_rcc.o(.text.HAL_RCC_OscConfig)
    __arm_cp.1_2                             0x08002734   Number         4  py32f002b_hal_rcc.o(.text.HAL_RCC_OscConfig)
    __arm_cp.1_3                             0x08002738   Number         4  py32f002b_hal_rcc.o(.text.HAL_RCC_OscConfig)
    __arm_cp.1_4                             0x0800273c   Number         4  py32f002b_hal_rcc.o(.text.HAL_RCC_OscConfig)
    __arm_cp.1_5                             0x08002740   Number         4  py32f002b_hal_rcc.o(.text.HAL_RCC_OscConfig)
    __arm_cp.1_6                             0x08002744   Number         4  py32f002b_hal_rcc.o(.text.HAL_RCC_OscConfig)
    __arm_cp.1_7                             0x08002748   Number         4  py32f002b_hal_rcc.o(.text.HAL_RCC_OscConfig)
    __arm_cp.1_8                             0x0800274c   Number         4  py32f002b_hal_rcc.o(.text.HAL_RCC_OscConfig)
    __arm_cp.1_9                             0x08002750   Number         4  py32f002b_hal_rcc.o(.text.HAL_RCC_OscConfig)
    __arm_cp.1_10                            0x08002754   Number         4  py32f002b_hal_rcc.o(.text.HAL_RCC_OscConfig)
    [Anonymous Symbol]                       0x08002758   Section        0  py32f002b_hal_cortex.o(.text.HAL_SYSTICK_Config)
    __arm_cp.4_0                             0x08002780   Number         4  py32f002b_hal_cortex.o(.text.HAL_SYSTICK_Config)
    __arm_cp.4_1                             0x08002784   Number         4  py32f002b_hal_cortex.o(.text.HAL_SYSTICK_Config)
    __arm_cp.4_2                             0x08002788   Number         4  py32f002b_hal_cortex.o(.text.HAL_SYSTICK_Config)
    [Anonymous Symbol]                       0x0800278c   Section        0  py32f002b_hal_tim_ex.o(.text.HAL_TIMEx_BreakCallback)
    [Anonymous Symbol]                       0x0800278e   Section        0  py32f002b_hal_tim_ex.o(.text.HAL_TIMEx_CommutCallback)
    [Anonymous Symbol]                       0x08002790   Section        0  py32f002b_hal_tim.o(.text.HAL_TIM_Base_Init)
    __arm_cp.0_0                             0x0800280c   Number         4  py32f002b_hal_tim.o(.text.HAL_TIM_Base_Init)
    __arm_cp.0_1                             0x08002810   Number         4  py32f002b_hal_tim.o(.text.HAL_TIM_Base_Init)
    [Anonymous Symbol]                       0x08002814   Section        0  py32f002b_hal_msp.o(.text.HAL_TIM_Base_MspInit)
    __arm_cp.3_0                             0x08002840   Number         4  py32f002b_hal_msp.o(.text.HAL_TIM_Base_MspInit)
    __arm_cp.3_1                             0x08002844   Number         4  py32f002b_hal_msp.o(.text.HAL_TIM_Base_MspInit)
    __arm_cp.3_2                             0x08002848   Number         4  py32f002b_hal_msp.o(.text.HAL_TIM_Base_MspInit)
    [Anonymous Symbol]                       0x0800284c   Section        0  py32f002b_hal_tim.o(.text.HAL_TIM_Base_Start_IT)
    [Anonymous Symbol]                       0x0800286a   Section        0  py32f002b_hal_tim.o(.text.HAL_TIM_IC_CaptureCallback)
    [Anonymous Symbol]                       0x0800286c   Section        0  py32f002b_hal_tim.o(.text.HAL_TIM_IRQHandler)
    [Anonymous Symbol]                       0x080029b4   Section        0  py32f002b_hal_tim.o(.text.HAL_TIM_OC_DelayElapsedCallback)
    [Anonymous Symbol]                       0x080029b6   Section        0  py32f002b_hal_tim.o(.text.HAL_TIM_PWM_PulseFinishedCallback)
    [Anonymous Symbol]                       0x080029b8   Section        0  tim.o(.text.HAL_TIM_PeriodElapsedCallback)
    __arm_cp.2_0                             0x080029c8   Number         4  tim.o(.text.HAL_TIM_PeriodElapsedCallback)
    [Anonymous Symbol]                       0x080029cc   Section        0  py32f002b_hal_tim.o(.text.HAL_TIM_TriggerCallback)
    [Anonymous Symbol]                       0x080029ce   Section        0  py32f002b_hal_uart.o(.text.HAL_UART_Init)
    [Anonymous Symbol]                       0x08002a58   Section        0  py32f002b_hal_msp.o(.text.HAL_UART_MspInit)
    [Anonymous Symbol]                       0x08002aac   Section        0  py32f002b_it.o(.text.HardFault_Handler)
    [Anonymous Symbol]                       0x08002ab0   Section        0  i2c.o(.text.I2C_GPIO_Init)
    __arm_cp.0_0                             0x08002b04   Number         4  i2c.o(.text.I2C_GPIO_Init)
    __arm_cp.0_1                             0x08002b08   Number         4  i2c.o(.text.I2C_GPIO_Init)
    [Anonymous Symbol]                       0x08002b0c   Section        0  i2c.o(.text.I2C_Init)
    __arm_cp.1_0                             0x08002b34   Number         4  i2c.o(.text.I2C_Init)
    __arm_cp.1_1                             0x08002b38   Number         4  i2c.o(.text.I2C_Init)
    __arm_cp.1_2                             0x08002b3c   Number         4  i2c.o(.text.I2C_Init)
    I2C_WaitOnBTFFlagUntilTimeout            0x08002b41   Thumb Code   108  py32f002b_hal_i2c.o(.text.I2C_WaitOnBTFFlagUntilTimeout)
    [Anonymous Symbol]                       0x08002b40   Section        0  py32f002b_hal_i2c.o(.text.I2C_WaitOnBTFFlagUntilTimeout)
    I2C_WaitOnMasterAddressFlagUntilTimeout  0x08002bad   Thumb Code   132  py32f002b_hal_i2c.o(.text.I2C_WaitOnMasterAddressFlagUntilTimeout)
    [Anonymous Symbol]                       0x08002bac   Section        0  py32f002b_hal_i2c.o(.text.I2C_WaitOnMasterAddressFlagUntilTimeout)
    __arm_cp.45_0                            0x08002c30   Number         4  py32f002b_hal_i2c.o(.text.I2C_WaitOnMasterAddressFlagUntilTimeout)
    [Anonymous Symbol]                       0x08002c34   Section        0  py32f002b_it.o(.text.NMI_Handler)
    [Anonymous Symbol]                       0x08002c36   Section        0  py32f002b_it.o(.text.PendSV_Handler)
    [Anonymous Symbol]                       0x08002c38   Section        0  py32f002b_it.o(.text.SVC_Handler)
    [Anonymous Symbol]                       0x08002c3a   Section        0  py32f002b_it.o(.text.SysTick_Handler)
    [Anonymous Symbol]                       0x08002c44   Section        0  system_py32f002b.o(.text.SystemInit)
    __arm_cp.1_0                             0x08002ca4   Number         4  system_py32f002b.o(.text.SystemInit)
    __arm_cp.1_1                             0x08002ca8   Number         4  system_py32f002b.o(.text.SystemInit)
    __arm_cp.1_2                             0x08002cac   Number         4  system_py32f002b.o(.text.SystemInit)
    __arm_cp.1_3                             0x08002cb0   Number         4  system_py32f002b.o(.text.SystemInit)
    __arm_cp.1_4                             0x08002cb4   Number         4  system_py32f002b.o(.text.SystemInit)
    __arm_cp.1_5                             0x08002cb8   Number         4  system_py32f002b.o(.text.SystemInit)
    [Anonymous Symbol]                       0x08002cbc   Section        0  py32f002b_it.o(.text.TIM1_BRK_UP_TRG_COM_IRQHandler)
    __arm_cp.6_0                             0x08002cc8   Number         4  py32f002b_it.o(.text.TIM1_BRK_UP_TRG_COM_IRQHandler)
    UART_SetConfig                           0x08002ccd   Thumb Code   188  py32f002b_hal_uart.o(.text.UART_SetConfig)
    [Anonymous Symbol]                       0x08002ccc   Section        0  py32f002b_hal_uart.o(.text.UART_SetConfig)
    __arm_cp.2_0                             0x08002d88   Number         4  py32f002b_hal_uart.o(.text.UART_SetConfig)
    __arm_cp.2_1                             0x08002d8c   Number         4  py32f002b_hal_uart.o(.text.UART_SetConfig)
    __arm_cp.2_2                             0x08002d90   Number         4  py32f002b_hal_uart.o(.text.UART_SetConfig)
    [Anonymous Symbol]                       0x08002d94   Section        0  usart.o(.text.USART1_IRQHandler)
    __arm_cp.2_0                             0x08002dcc   Number         4  usart.o(.text.USART1_IRQHandler)
    __arm_cp.2_1                             0x08002dd0   Number         4  usart.o(.text.USART1_IRQHandler)
    __arm_cp.2_2                             0x08002dd4   Number         4  usart.o(.text.USART1_IRQHandler)
    __arm_cp.2_3                             0x08002dd8   Number         4  usart.o(.text.USART1_IRQHandler)
    [Anonymous Symbol]                       0x08002ddc   Section        0  usart.o(.text.USART1_Init)
    __arm_cp.1_0                             0x08002e88   Number         4  usart.o(.text.USART1_Init)
    __arm_cp.1_1                             0x08002e8c   Number         4  usart.o(.text.USART1_Init)
    __arm_cp.1_2                             0x08002e90   Number         4  usart.o(.text.USART1_Init)
    [Anonymous Symbol]                       0x08002e94   Section        0  baseline_tracking.o(.text.WaveDetector_Init)
    __arm_cp.6_0                             0x08002ebc   Number         4  baseline_tracking.o(.text.WaveDetector_Init)
    [Anonymous Symbol]                       0x08002ec0   Section        0  baseline_tracking.o(.text.WaveDetector_Process)
    __arm_cp.1_0                             0x08002fc0   Number         4  baseline_tracking.o(.text.WaveDetector_Process)
    [Anonymous Symbol]                       0x08002fc4   Section        0  baseline_tracking.o(.text.baseline_tracking)
    __arm_cp.4_1                             0x080030f4   Number         4  baseline_tracking.o(.text.baseline_tracking)
    __arm_cp.4_2                             0x080030f8   Number         4  baseline_tracking.o(.text.baseline_tracking)
    __arm_cp.4_3                             0x080030fc   Number         4  baseline_tracking.o(.text.baseline_tracking)
    __arm_cp.4_4                             0x08003100   Number         4  baseline_tracking.o(.text.baseline_tracking)
    __arm_cp.4_5                             0x08003104   Number         4  baseline_tracking.o(.text.baseline_tracking)
    [Anonymous Symbol]                       0x08003108   Section        0  baseline_tracking.o(.text.baseline_update_quitely)
    __arm_cp.3_0                             0x080031d8   Number         4  baseline_tracking.o(.text.baseline_update_quitely)
    [Anonymous Symbol]                       0x080031dc   Section        0  1002.o(.text.cali)
    __arm_cp.2_0                             0x08003278   Number         4  1002.o(.text.cali)
    __arm_cp.2_1                             0x0800327c   Number         4  1002.o(.text.cali)
    __arm_cp.2_2                             0x08003280   Number         4  1002.o(.text.cali)
    __arm_cp.2_3                             0x08003284   Number         4  1002.o(.text.cali)
    __arm_cp.2_4                             0x08003288   Number         4  1002.o(.text.cali)
    __arm_cp.2_5                             0x0800328c   Number         4  1002.o(.text.cali)
    [Anonymous Symbol]                       0x08003290   Section        0  1002.o(.text.collect_1002_data)
    __arm_cp.3_0                             0x08003634   Number         4  1002.o(.text.collect_1002_data)
    __arm_cp.3_1                             0x08003638   Number         4  1002.o(.text.collect_1002_data)
    __arm_cp.3_2                             0x0800363c   Number         4  1002.o(.text.collect_1002_data)
    __arm_cp.3_3                             0x08003640   Number         4  1002.o(.text.collect_1002_data)
    __arm_cp.3_4                             0x08003644   Number         4  1002.o(.text.collect_1002_data)
    __arm_cp.3_5                             0x08003648   Number         4  1002.o(.text.collect_1002_data)
    __arm_cp.3_6                             0x0800364c   Number         4  1002.o(.text.collect_1002_data)
    __arm_cp.3_7                             0x08003650   Number         4  1002.o(.text.collect_1002_data)
    __arm_cp.3_8                             0x08003654   Number         4  1002.o(.text.collect_1002_data)
    [Anonymous Symbol]                       0x08003658   Section        0  tim.o(.text.delay_100us)
    __arm_cp.3_0                             0x0800367c   Number         4  tim.o(.text.delay_100us)
    [Anonymous Symbol]                       0x08003680   Section        0  sys.o(.text.ema_float)
    [Anonymous Symbol]                       0x080036c4   Section        0  baseline_tracking.o(.text.fast_cali)
    __arm_cp.2_1                             0x080037a8   Number         4  baseline_tracking.o(.text.fast_cali)
    [Anonymous Symbol]                       0x080037ac   Section        0  sys.o(.text.float_asb_diff)
    [Anonymous Symbol]                       0x080037d8   Section        0  usart.o(.text.fputc)
    __arm_cp.5_0                             0x080037f8   Number         4  usart.o(.text.fputc)
    [Anonymous Symbol]                       0x080037fc   Section        0  sys.o(.text.low_filter_op)
    [Anonymous Symbol]                       0x08003834   Section        0  main.o(.text.main)
    __arm_cp.0_0                             0x080038c0   Number         4  main.o(.text.main)
    __arm_cp.0_1                             0x080038c4   Number         4  main.o(.text.main)
    __arm_cp.0_2                             0x080038c8   Number         4  main.o(.text.main)
    __arm_cp.0_3                             0x080038cc   Number         4  main.o(.text.main)
    __arm_cp.0_4                             0x080038d0   Number         4  main.o(.text.main)
    __arm_cp.0_5                             0x080038d4   Number         4  main.o(.text.main)
    [Anonymous Symbol]                       0x080038d8   Section        0  voice_app.o(.text.play_voice)
    [Anonymous Symbol]                       0x0800392c   Section        0  voice_app.o(.text.play_voice_base_g)
    __arm_cp.7_0                             0x0800395c   Number         4  voice_app.o(.text.play_voice_base_g)
    __arm_cp.7_1                             0x08003960   Number         4  voice_app.o(.text.play_voice_base_g)
    [Anonymous Symbol]                       0x08003964   Section        0  voice_app.o(.text.play_voice_base_wave_detector)
    [Anonymous Symbol]                       0x080039a4   Section        0  voice_app.o(.text.play_voice_no_repeat)
    __arm_cp.2_0                             0x08003a14   Number         4  voice_app.o(.text.play_voice_no_repeat)
    __arm_cp.2_1                             0x08003a18   Number         4  voice_app.o(.text.play_voice_no_repeat)
    __arm_cp.2_2                             0x08003a1c   Number         4  voice_app.o(.text.play_voice_no_repeat)
    [Anonymous Symbol]                       0x08003a20   Section        0  1002.o(.text.read_rmof_addres3)
    [Anonymous Symbol]                       0x08003a2c   Section        0  1002.o(.text.rm1002_init)
    __arm_cp.1_0                             0x08003bd8   Number         4  1002.o(.text.rm1002_init)
    __arm_cp.1_1                             0x08003bdc   Number         4  1002.o(.text.rm1002_init)
    __arm_cp.1_2                             0x08003be0   Number         4  1002.o(.text.rm1002_init)
    __arm_cp.1_3                             0x08003be4   Number         4  1002.o(.text.rm1002_init)
    __arm_cp.1_6                             0x08003c0c   Number         4  1002.o(.text.rm1002_init)
    [Anonymous Symbol]                       0x08003c10   Section        0  sc7a20.o(.text.sc7a20_init)
    __arm_cp.0_1                             0x08003cec   Number         4  sc7a20.o(.text.sc7a20_init)
    [Anonymous Symbol]                       0x08003cf0   Section        0  sc7a20.o(.text.sc7a20_read_acc)
    __arm_cp.2_0                             0x08003efc   Number         4  sc7a20.o(.text.sc7a20_read_acc)
    __arm_cp.2_1                             0x08003f00   Number         4  sc7a20.o(.text.sc7a20_read_acc)
    __arm_cp.2_2                             0x08003f04   Number         4  sc7a20.o(.text.sc7a20_read_acc)
    __arm_cp.2_3                             0x08003f08   Number         4  sc7a20.o(.text.sc7a20_read_acc)
    __arm_cp.2_4                             0x08003f0c   Number         4  sc7a20.o(.text.sc7a20_read_acc)
    __arm_cp.2_5                             0x08003f10   Number         4  sc7a20.o(.text.sc7a20_read_acc)
    [Anonymous Symbol]                       0x08003f14   Section        0  usart.o(.text.uart_send_multi_data)
    __arm_cp.9_0                             0x08003f90   Number         4  usart.o(.text.uart_send_multi_data)
    __arm_cp.9_1                             0x08003f94   Number         4  usart.o(.text.uart_send_multi_data)
    __arm_cp.9_2                             0x08003f98   Number         4  usart.o(.text.uart_send_multi_data)
    __arm_cp.9_3                             0x08003f9c   Number         4  usart.o(.text.uart_send_multi_data)
    __arm_cp.9_4                             0x08003fa0   Number         4  usart.o(.text.uart_send_multi_data)
    __arm_cp.9_5                             0x08003fa4   Number         4  usart.o(.text.uart_send_multi_data)
    __arm_cp.9_6                             0x08003fa8   Number         4  usart.o(.text.uart_send_multi_data)
    i.__0printf                              0x08003fac   Section        0  printfa.o(i.__0printf)
    i.__ARM_clz                              0x08003fcc   Section        0  depilogue.o(i.__ARM_clz)
    i.__scatterload_copy                     0x08003ffa   Section       14  handlers.o(i.__scatterload_copy)
    i.__scatterload_null                     0x08004008   Section        2  handlers.o(i.__scatterload_null)
    i.__scatterload_zeroinit                 0x0800400a   Section       14  handlers.o(i.__scatterload_zeroinit)
    i.__set_errno                            0x08004018   Section        0  errno.o(i.__set_errno)
    _fp_digits                               0x08004025   Thumb Code   344  printfa.o(i._fp_digits)
    i._fp_digits                             0x08004024   Section        0  printfa.o(i._fp_digits)
    _printf_core                             0x08004199   Thumb Code  1754  printfa.o(i._printf_core)
    i._printf_core                           0x08004198   Section        0  printfa.o(i._printf_core)
    _printf_post_padding                     0x08004885   Thumb Code    32  printfa.o(i._printf_post_padding)
    i._printf_post_padding                   0x08004884   Section        0  printfa.o(i._printf_post_padding)
    _printf_pre_padding                      0x080048a5   Thumb Code    44  printfa.o(i._printf_pre_padding)
    i._printf_pre_padding                    0x080048a4   Section        0  printfa.o(i._printf_pre_padding)
    i.puts                                   0x080048d0   Section        0  puts.o(i.puts)
    i.sqrtf                                  0x080048f0   Section        0  sqrtf.o(i.sqrtf)
    [Anonymous Symbol]                       0x0800499c   Section        0  py32f002b_hal_rcc.o(.rodata.cst32)
    [Anonymous Symbol]                       0x080049bc   Section        0  flash.o(.rodata.str1.1)
    _rand_state                              0x20000000   Data           4  rand.o(.data)
    .data                                    0x20000000   Section        4  rand.o(.data)
    .data                                    0x20000004   Section        4  stdout.o(.data)
    _errno                                   0x20000008   Data           4  errno.o(.data)
    .data                                    0x20000008   Section        4  errno.o(.data)
    if_data_init                             0x200000a4   Data           1  sc7a20.o(.data.if_data_init)
    [Anonymous Symbol]                       0x200000a4   Section        0  sc7a20.o(.data.if_data_init)
    fast_cali.calib_counter                  0x20000458   Data           2  baseline_tracking.o(.bss.fast_cali.calib_counter)
    [Anonymous Symbol]                       0x20000458   Section        0  baseline_tracking.o(.bss.fast_cali.calib_counter)
    last_play_ts                             0x20000514   Data           4  voice_app.o(.bss.last_play_ts)
    [Anonymous Symbol]                       0x20000514   Section        0  voice_app.o(.bss.last_play_ts)
    play_voice_base_g.last_play_ts           0x20000530   Data           4  voice_app.o(.bss.play_voice_base_g.last_play_ts)
    [Anonymous Symbol]                       0x20000530   Section        0  voice_app.o(.bss.play_voice_base_g.last_play_ts)
    play_voice_no_repeat.last_play           0x20000534   Data           1  voice_app.o(.bss.play_voice_no_repeat.last_play)
    [Anonymous Symbol]                       0x20000534   Section        0  voice_app.o(.bss.play_voice_no_repeat.last_play)
    STACK                                    0x20000598   Section     1024  startup_py32f002bxx.o(STACK)

    Global Symbols

    Symbol Name                              Value     Ov Type        Size  Object(Section)

    BuildAttributes$$THM_ISAv3M$S$PE$A:L22$X:L11$S22$IEEE1$IW$~IW$USESV6$~STKCKD$USESV7$~SHL$OTIME$ROPI$IEEEJ$EBA8$MICROLIB$REQ8$PRES8$EABIv2 0x00000000   Number         0  anon$$obj.o ABSOLUTE
    _printf_a                                0x00000000   Number         0  printfstubs.o ABSOLUTE
    _printf_c                                0x00000000   Number         0  printfstubs.o ABSOLUTE
    _printf_charcount                        0x00000000   Number         0  printfstubs.o ABSOLUTE
    _printf_d                                0x00000000   Number         0  printfstubs.o ABSOLUTE
    _printf_e                                0x00000000   Number         0  printfstubs.o ABSOLUTE
    _printf_f                                0x00000000   Number         0  printfstubs.o ABSOLUTE
    _printf_flags                            0x00000000   Number         0  printfstubs.o ABSOLUTE
    _printf_fp_dec                           0x00000000   Number         0  printfstubs.o ABSOLUTE
    _printf_fp_hex                           0x00000000   Number         0  printfstubs.o ABSOLUTE
    _printf_g                                0x00000000   Number         0  printfstubs.o ABSOLUTE
    _printf_i                                0x00000000   Number         0  printfstubs.o ABSOLUTE
    _printf_int_dec                          0x00000000   Number         0  printfstubs.o ABSOLUTE
    _printf_l                                0x00000000   Number         0  printfstubs.o ABSOLUTE
    _printf_lc                               0x00000000   Number         0  printfstubs.o ABSOLUTE
    _printf_ll                               0x00000000   Number         0  printfstubs.o ABSOLUTE
    _printf_lld                              0x00000000   Number         0  printfstubs.o ABSOLUTE
    _printf_lli                              0x00000000   Number         0  printfstubs.o ABSOLUTE
    _printf_llo                              0x00000000   Number         0  printfstubs.o ABSOLUTE
    _printf_llu                              0x00000000   Number         0  printfstubs.o ABSOLUTE
    _printf_llx                              0x00000000   Number         0  printfstubs.o ABSOLUTE
    _printf_longlong_dec                     0x00000000   Number         0  printfstubs.o ABSOLUTE
    _printf_longlong_hex                     0x00000000   Number         0  printfstubs.o ABSOLUTE
    _printf_longlong_oct                     0x00000000   Number         0  printfstubs.o ABSOLUTE
    _printf_ls                               0x00000000   Number         0  printfstubs.o ABSOLUTE
    _printf_mbtowc                           0x00000000   Number         0  printfstubs.o ABSOLUTE
    _printf_n                                0x00000000   Number         0  printfstubs.o ABSOLUTE
    _printf_o                                0x00000000   Number         0  printfstubs.o ABSOLUTE
    _printf_p                                0x00000000   Number         0  printfstubs.o ABSOLUTE
    _printf_percent                          0x00000000   Number         0  printfstubs.o ABSOLUTE
    _printf_pre_padding                      0x00000000   Number         0  printfstubs.o ABSOLUTE
    _printf_return_value                     0x00000000   Number         0  printfstubs.o ABSOLUTE
    _printf_s                                0x00000000   Number         0  printfstubs.o ABSOLUTE
    _printf_sizespec                         0x00000000   Number         0  printfstubs.o ABSOLUTE
    _printf_str                              0x00000000   Number         0  printfstubs.o ABSOLUTE
    _printf_truncate_signed                  0x00000000   Number         0  printfstubs.o ABSOLUTE
    _printf_truncate_unsigned                0x00000000   Number         0  printfstubs.o ABSOLUTE
    _printf_u                                0x00000000   Number         0  printfstubs.o ABSOLUTE
    _printf_wc                               0x00000000   Number         0  printfstubs.o ABSOLUTE
    _printf_wctomb                           0x00000000   Number         0  printfstubs.o ABSOLUTE
    _printf_widthprec                        0x00000000   Number         0  printfstubs.o ABSOLUTE
    _printf_x                                0x00000000   Number         0  printfstubs.o ABSOLUTE
    __cpp_initialize__aeabi_                  - Undefined Weak Reference
    __cxa_finalize                            - Undefined Weak Reference
    __decompress                              - Undefined Weak Reference
    _clock_init                               - Undefined Weak Reference
    _microlib_exit                            - Undefined Weak Reference
    __Vectors_Size                           0x000000c0   Number         0  startup_py32f002bxx.o ABSOLUTE
    __Vectors                                0x08000000   Data           4  startup_py32f002bxx.o(RESET)
    __Vectors_End                            0x080000c0   Data           0  startup_py32f002bxx.o(RESET)
    __main                                   0x080000c1   Thumb Code     0  entry.o(.ARM.Collect$$$$00000000)
    _main_stk                                0x080000c1   Thumb Code     0  entry2.o(.ARM.Collect$$$$00000001)
    _main_scatterload                        0x080000c5   Thumb Code     0  entry5.o(.ARM.Collect$$$$00000004)
    __main_after_scatterload                 0x080000c9   Thumb Code     0  entry5.o(.ARM.Collect$$$$00000004)
    _main_clock                              0x080000c9   Thumb Code     0  entry7b.o(.ARM.Collect$$$$00000008)
    _main_cpp_init                           0x080000c9   Thumb Code     0  entry8b.o(.ARM.Collect$$$$0000000A)
    _main_init                               0x080000c9   Thumb Code     0  entry9a.o(.ARM.Collect$$$$0000000B)
    __rt_final_cpp                           0x080000d1   Thumb Code     0  entry10a.o(.ARM.Collect$$$$0000000D)
    __rt_final_exit                          0x080000d1   Thumb Code     0  entry11a.o(.ARM.Collect$$$$0000000F)
    Reset_Handler                            0x080000d5   Thumb Code     8  startup_py32f002bxx.o(.text)
    EXTI0_1_IRQHandler                       0x080000e7   Thumb Code     0  startup_py32f002bxx.o(.text)
    EXTI2_3_IRQHandler                       0x080000e7   Thumb Code     0  startup_py32f002bxx.o(.text)
    EXTI4_15_IRQHandler                      0x080000e7   Thumb Code     0  startup_py32f002bxx.o(.text)
    FLASH_IRQHandler                         0x080000e7   Thumb Code     0  startup_py32f002bxx.o(.text)
    I2C1_IRQHandler                          0x080000e7   Thumb Code     0  startup_py32f002bxx.o(.text)
    LPTIM1_IRQHandler                        0x080000e7   Thumb Code     0  startup_py32f002bxx.o(.text)
    RCC_IRQHandler                           0x080000e7   Thumb Code     0  startup_py32f002bxx.o(.text)
    SPI1_IRQHandler                          0x080000e7   Thumb Code     0  startup_py32f002bxx.o(.text)
    TIM14_IRQHandler                         0x080000e7   Thumb Code     0  startup_py32f002bxx.o(.text)
    TIM1_CC_IRQHandler                       0x080000e7   Thumb Code     0  startup_py32f002bxx.o(.text)
    rand                                     0x080000f1   Thumb Code    18  rand.o(.text)
    srand                                    0x08000103   Thumb Code     6  rand.o(.text)
    __aeabi_memset                           0x08000115   Thumb Code    14  memseta.o(.text)
    __aeabi_memset4                          0x08000115   Thumb Code     0  memseta.o(.text)
    __aeabi_memset8                          0x08000115   Thumb Code     0  memseta.o(.text)
    __aeabi_memclr                           0x08000123   Thumb Code     4  memseta.o(.text)
    __aeabi_memclr4                          0x08000123   Thumb Code     0  memseta.o(.text)
    __aeabi_memclr8                          0x08000123   Thumb Code     0  memseta.o(.text)
    _memset$wrapper                          0x08000127   Thumb Code    18  memseta.o(.text)
    __aeabi_fadd                             0x08000139   Thumb Code   162  fadd.o(.text)
    __aeabi_fsub                             0x080001db   Thumb Code     8  fadd.o(.text)
    __aeabi_frsub                            0x080001e3   Thumb Code     8  fadd.o(.text)
    __aeabi_fmul                             0x080001eb   Thumb Code   122  fmul.o(.text)
    __aeabi_fdiv                             0x08000265   Thumb Code   124  fdiv.o(.text)
    __aeabi_ddiv                             0x080002e1   Thumb Code   234  ddiv.o(.text)
    __aeabi_fcmple                           0x080003d1   Thumb Code    28  fcmple.o(.text)
    __aeabi_fcmplt                           0x080003ed   Thumb Code    28  fcmplt.o(.text)
    __aeabi_fcmpge                           0x08000409   Thumb Code    28  fcmpge.o(.text)
    __aeabi_fcmpgt                           0x08000425   Thumb Code    28  fcmpgt.o(.text)
    __aeabi_i2f                              0x08000441   Thumb Code    22  fflti.o(.text)
    __aeabi_ui2f                             0x08000457   Thumb Code    14  ffltui.o(.text)
    __aeabi_i2d                              0x08000465   Thumb Code    34  dflti.o(.text)
    __aeabi_f2iz                             0x0800048d   Thumb Code    50  ffixi.o(.text)
    __aeabi_d2f                              0x080004bf   Thumb Code    56  d2f.o(.text)
    __aeabi_uidiv                            0x080004f7   Thumb Code     0  uidiv_div0.o(.text)
    __aeabi_uidivmod                         0x080004f7   Thumb Code    62  uidiv_div0.o(.text)
    __aeabi_idiv$div0                        0x08000535   Thumb Code     0  idiv_div0.o(.text)
    __aeabi_idivmod                          0x08000535   Thumb Code    74  idiv_div0.o(.text)
    __aeabi_uldivmod                         0x08000585   Thumb Code    96  uldiv.o(.text)
    __I$use$fp                               0x080005e5   Thumb Code     0  iusefp.o(.text)
    _float_round                             0x080005e5   Thumb Code    16  fepilogue.o(.text)
    _float_epilogue                          0x080005f5   Thumb Code   114  fepilogue.o(.text)
    _fsqrt                                   0x08000667   Thumb Code    88  fsqrt.o(.text)
    _double_round                            0x080006bf   Thumb Code    26  depilogue.o(.text)
    _double_epilogue                         0x080006d9   Thumb Code   164  depilogue.o(.text)
    __aeabi_dadd                             0x0800077d   Thumb Code   328  dadd.o(.text)
    __aeabi_dsub                             0x080008c5   Thumb Code    12  dadd.o(.text)
    __aeabi_drsub                            0x080008d1   Thumb Code    12  dadd.o(.text)
    __aeabi_dmul                             0x080008e1   Thumb Code   202  dmul.o(.text)
    __aeabi_d2ulz                            0x080009b1   Thumb Code    54  dfixul.o(.text)
    __aeabi_cdrcmple                         0x080009f1   Thumb Code    38  cdrcmple.o(.text)
    __scatterload                            0x08000a19   Thumb Code    38  init.o(.text)
    __scatterload_rt2                        0x08000a19   Thumb Code     0  init.o(.text)
    __aeabi_llsl                             0x08000a49   Thumb Code    32  llshl.o(.text)
    _ll_shift_l                              0x08000a49   Thumb Code     0  llshl.o(.text)
    __aeabi_llsr                             0x08000a69   Thumb Code    34  llushr.o(.text)
    _ll_ushift_r                             0x08000a69   Thumb Code     0  llushr.o(.text)
    __aeabi_lasr                             0x08000a8b   Thumb Code    38  llsshr.o(.text)
    _ll_sshift_r                             0x08000a8b   Thumb Code     0  llsshr.o(.text)
    ADC_COMP_IRQHandler                      0x08000ab1   Thumb Code     2  py32f002b_it.o(.text.ADC_COMP_IRQHandler)
    APP_Config                               0x08000ab5   Thumb Code    92  sys.o(.text.APP_Config)
    APP_ErrorHandler                         0x08000b15   Thumb Code     2  tim.o(.text.APP_ErrorHandler)
    APP_GPIOInit                             0x08000b19   Thumb Code   220  led.o(.text.APP_GPIOInit)
    APP_TimConfig                            0x08000c01   Thumb Code    44  tim.o(.text.APP_TimConfig)
    Flash_Init                               0x08000c35   Thumb Code   384  flash.o(.text.Flash_Init)
    Flash_Write                              0x08000de9   Thumb Code   248  flash.o(.text.Flash_Write)
    Flash_Write_Status                       0x08000f09   Thumb Code    92  flash.o(.text.Flash_Write_Status)
    HAL_Delay                                0x08000f9d   Thumb Code    32  py32f002b_hal.o(.text.HAL_Delay)
    HAL_FLASH_Erase                          0x08000fc1   Thumb Code   684  py32f002b_hal_flash.o(.text.HAL_FLASH_Erase)
    HAL_FLASH_Lock                           0x08001295   Thumb Code    20  py32f002b_hal_flash.o(.text.HAL_FLASH_Lock)
    HAL_FLASH_Program                        0x080012a9   Thumb Code   444  py32f002b_hal_flash.o(.text.HAL_FLASH_Program)
    HAL_FLASH_Unlock                         0x0800148d   Thumb Code    28  py32f002b_hal_flash.o(.text.HAL_FLASH_Unlock)
    HAL_GPIO_Init                            0x080014b5   Thumb Code   348  py32f002b_hal_gpio.o(.text.HAL_GPIO_Init)
    HAL_GPIO_WritePin                        0x08001621   Thumb Code    16  py32f002b_hal_gpio.o(.text.HAL_GPIO_WritePin)
    HAL_GetTick                              0x08001631   Thumb Code     8  py32f002b_hal.o(.text.HAL_GetTick)
    HAL_I2C_GetState                         0x0800163d   Thumb Code     6  py32f002b_hal_i2c.o(.text.HAL_I2C_GetState)
    HAL_I2C_Init                             0x08001645   Thumb Code   296  py32f002b_hal_i2c.o(.text.HAL_I2C_Init)
    HAL_I2C_Mem_Read                         0x08001789   Thumb Code  1356  py32f002b_hal_i2c.o(.text.HAL_I2C_Mem_Read)
    HAL_I2C_Mem_Write                        0x08001cdd   Thumb Code   804  py32f002b_hal_i2c.o(.text.HAL_I2C_Mem_Write)
    HAL_I2C_MspInit                          0x08002009   Thumb Code    96  py32f002b_hal_msp.o(.text.HAL_I2C_MspInit)
    HAL_IWDG_Init                            0x08002071   Thumb Code    68  py32f002b_hal_iwdg.o(.text.HAL_IWDG_Init)
    HAL_IncTick                              0x080020c1   Thumb Code    16  py32f002b_hal.o(.text.HAL_IncTick)
    HAL_Init                                 0x080020d5   Thumb Code    24  py32f002b_hal.o(.text.HAL_Init)
    HAL_InitTick                             0x080020ed   Thumb Code    64  py32f002b_hal.o(.text.HAL_InitTick)
    HAL_MspInit                              0x08002131   Thumb Code    40  py32f002b_hal_msp.o(.text.HAL_MspInit)
    HAL_NVIC_EnableIRQ                       0x0800215d   Thumb Code    20  py32f002b_hal_cortex.o(.text.HAL_NVIC_EnableIRQ)
    HAL_NVIC_SetPriority                     0x08002175   Thumb Code    48  py32f002b_hal_cortex.o(.text.HAL_NVIC_SetPriority)
    HAL_RCC_ClockConfig                      0x080021ad   Thumb Code   436  py32f002b_hal_rcc.o(.text.HAL_RCC_ClockConfig)
    HAL_RCC_GetPCLK1Freq                     0x08002381   Thumb Code    28  py32f002b_hal_rcc.o(.text.HAL_RCC_GetPCLK1Freq)
    HAL_RCC_OscConfig                        0x080023a9   Thumb Code   900  py32f002b_hal_rcc.o(.text.HAL_RCC_OscConfig)
    HAL_SYSTICK_Config                       0x08002759   Thumb Code    40  py32f002b_hal_cortex.o(.text.HAL_SYSTICK_Config)
    HAL_TIMEx_BreakCallback                  0x0800278d   Thumb Code     2  py32f002b_hal_tim_ex.o(.text.HAL_TIMEx_BreakCallback)
    HAL_TIMEx_CommutCallback                 0x0800278f   Thumb Code     2  py32f002b_hal_tim_ex.o(.text.HAL_TIMEx_CommutCallback)
    HAL_TIM_Base_Init                        0x08002791   Thumb Code   124  py32f002b_hal_tim.o(.text.HAL_TIM_Base_Init)
    HAL_TIM_Base_MspInit                     0x08002815   Thumb Code    44  py32f002b_hal_msp.o(.text.HAL_TIM_Base_MspInit)
    HAL_TIM_Base_Start_IT                    0x0800284d   Thumb Code    30  py32f002b_hal_tim.o(.text.HAL_TIM_Base_Start_IT)
    HAL_TIM_IC_CaptureCallback               0x0800286b   Thumb Code     2  py32f002b_hal_tim.o(.text.HAL_TIM_IC_CaptureCallback)
    HAL_TIM_IRQHandler                       0x0800286d   Thumb Code   328  py32f002b_hal_tim.o(.text.HAL_TIM_IRQHandler)
    HAL_TIM_OC_DelayElapsedCallback          0x080029b5   Thumb Code     2  py32f002b_hal_tim.o(.text.HAL_TIM_OC_DelayElapsedCallback)
    HAL_TIM_PWM_PulseFinishedCallback        0x080029b7   Thumb Code     2  py32f002b_hal_tim.o(.text.HAL_TIM_PWM_PulseFinishedCallback)
    HAL_TIM_PeriodElapsedCallback            0x080029b9   Thumb Code    16  tim.o(.text.HAL_TIM_PeriodElapsedCallback)
    HAL_TIM_TriggerCallback                  0x080029cd   Thumb Code     2  py32f002b_hal_tim.o(.text.HAL_TIM_TriggerCallback)
    HAL_UART_Init                            0x080029cf   Thumb Code   136  py32f002b_hal_uart.o(.text.HAL_UART_Init)
    HAL_UART_MspInit                         0x08002a59   Thumb Code    84  py32f002b_hal_msp.o(.text.HAL_UART_MspInit)
    HardFault_Handler                        0x08002aad   Thumb Code     2  py32f002b_it.o(.text.HardFault_Handler)
    I2C_GPIO_Init                            0x08002ab1   Thumb Code    84  i2c.o(.text.I2C_GPIO_Init)
    I2C_Init                                 0x08002b0d   Thumb Code    40  i2c.o(.text.I2C_Init)
    NMI_Handler                              0x08002c35   Thumb Code     2  py32f002b_it.o(.text.NMI_Handler)
    PendSV_Handler                           0x08002c37   Thumb Code     2  py32f002b_it.o(.text.PendSV_Handler)
    SVC_Handler                              0x08002c39   Thumb Code     2  py32f002b_it.o(.text.SVC_Handler)
    SysTick_Handler                          0x08002c3b   Thumb Code     8  py32f002b_it.o(.text.SysTick_Handler)
    SystemInit                               0x08002c45   Thumb Code    96  system_py32f002b.o(.text.SystemInit)
    TIM1_BRK_UP_TRG_COM_IRQHandler           0x08002cbd   Thumb Code    12  py32f002b_it.o(.text.TIM1_BRK_UP_TRG_COM_IRQHandler)
    USART1_IRQHandler                        0x08002d95   Thumb Code    56  usart.o(.text.USART1_IRQHandler)
    USART1_Init                              0x08002ddd   Thumb Code   172  usart.o(.text.USART1_Init)
    WaveDetector_Init                        0x08002e95   Thumb Code    40  baseline_tracking.o(.text.WaveDetector_Init)
    WaveDetector_Process                     0x08002ec1   Thumb Code   256  baseline_tracking.o(.text.WaveDetector_Process)
    baseline_tracking                        0x08002fc5   Thumb Code   304  baseline_tracking.o(.text.baseline_tracking)
    baseline_update_quitely                  0x08003109   Thumb Code   208  baseline_tracking.o(.text.baseline_update_quitely)
    cali                                     0x080031dd   Thumb Code   156  1002.o(.text.cali)
    collect_1002_data                        0x08003291   Thumb Code   932  1002.o(.text.collect_1002_data)
    delay_100us                              0x08003659   Thumb Code    36  tim.o(.text.delay_100us)
    ema_float                                0x08003681   Thumb Code    68  sys.o(.text.ema_float)
    fast_cali                                0x080036c5   Thumb Code   228  baseline_tracking.o(.text.fast_cali)
    float_asb_diff                           0x080037ad   Thumb Code    44  sys.o(.text.float_asb_diff)
    fputc                                    0x080037d9   Thumb Code    32  usart.o(.text.fputc)
    low_filter_op                            0x080037fd   Thumb Code    56  sys.o(.text.low_filter_op)
    main                                     0x08003835   Thumb Code   140  main.o(.text.main)
    play_voice                               0x080038d9   Thumb Code    84  voice_app.o(.text.play_voice)
    play_voice_base_g                        0x0800392d   Thumb Code    48  voice_app.o(.text.play_voice_base_g)
    play_voice_base_wave_detector            0x08003965   Thumb Code    64  voice_app.o(.text.play_voice_base_wave_detector)
    play_voice_no_repeat                     0x080039a5   Thumb Code   112  voice_app.o(.text.play_voice_no_repeat)
    read_rmof_addres3                        0x08003a21   Thumb Code    12  1002.o(.text.read_rmof_addres3)
    rm1002_init                              0x08003a2d   Thumb Code   428  1002.o(.text.rm1002_init)
    sc7a20_init                              0x08003c11   Thumb Code   220  sc7a20.o(.text.sc7a20_init)
    sc7a20_read_acc                          0x08003cf1   Thumb Code   524  sc7a20.o(.text.sc7a20_read_acc)
    uart_send_multi_data                     0x08003f15   Thumb Code   124  usart.o(.text.uart_send_multi_data)
    __0printf                                0x08003fad   Thumb Code    24  printfa.o(i.__0printf)
    __1printf                                0x08003fad   Thumb Code     0  printfa.o(i.__0printf)
    __2printf                                0x08003fad   Thumb Code     0  printfa.o(i.__0printf)
    __c89printf                              0x08003fad   Thumb Code     0  printfa.o(i.__0printf)
    printf                                   0x08003fad   Thumb Code     0  printfa.o(i.__0printf)
    __ARM_clz                                0x08003fcd   Thumb Code    46  depilogue.o(i.__ARM_clz)
    __scatterload_copy                       0x08003ffb   Thumb Code    14  handlers.o(i.__scatterload_copy)
    __scatterload_null                       0x08004009   Thumb Code     2  handlers.o(i.__scatterload_null)
    __scatterload_zeroinit                   0x0800400b   Thumb Code    14  handlers.o(i.__scatterload_zeroinit)
    __set_errno                              0x08004019   Thumb Code     6  errno.o(i.__set_errno)
    puts                                     0x080048d1   Thumb Code    28  puts.o(i.puts)
    sqrtf                                    0x080048f1   Thumb Code    44  sqrtf.o(i.sqrtf)
    AHBPrescTable                            0x0800491c   Data          64  system_py32f002b.o(.rodata.AHBPrescTable)
    APBPrescTable                            0x0800495c   Data          32  system_py32f002b.o(.rodata.APBPrescTable)
    _FlashTimmingParam                       0x0800497c   Data          32  py32f002b_hal_flash.o(.rodata._FlashTimmingParam)
    Region$$Table$$Base                      0x08004a84   Number         0  anon$$obj.o(Region$$Table)
    Region$$Table$$Limit                     0x08004aa4   Number         0  anon$$obj.o(Region$$Table)
    __stdout                                 0x20000004   Data           4  stdout.o(.data)
    SC7A20_REG                               0x2000000c   Data          10  sc7a20.o(.data.SC7A20_REG)
    SystemCoreClock                          0x20000018   Data           4  system_py32f002b.o(.data.SystemCoreClock)
    cal_data                                 0x2000001c   Data           4  1002.o(.data.cal_data)
    cal_mask                                 0x20000020   Data           4  1002.o(.data.cal_mask)
    coe_buffer                               0x20000024   Data          64  flash.o(.data.coe_buffer)
    cxxx0                                    0x20000064   Data          16  main.o(.data.cxxx0)
    cxxx1                                    0x20000074   Data          16  main.o(.data.cxxx1)
    cxxx2                                    0x20000084   Data          16  main.o(.data.cxxx2)
    cxxx3                                    0x20000094   Data          16  main.o(.data.cxxx3)
    parastic_cap                             0x200000a8   Data          16  1002.o(.data.parastic_cap)
    rm1002_defaultcfg                        0x200000b8   Data         128  1002.o(.data.rm1002_defaultcfg)
    uwTickFreq                               0x20000138   Data           4  py32f002b_hal.o(.data.uwTickFreq)
    uwTickPrio                               0x2000013c   Data           4  py32f002b_hal.o(.data.uwTickPrio)
    G_USART1_RX_Buffer                       0x20000140   Data          64  usart.o(.bss.G_USART1_RX_Buffer)
    G_USART1_RX_Count                        0x20000180   Data           4  usart.o(.bss.G_USART1_RX_Count)
    G_USART1_RX_Flag                         0x20000184   Data           1  usart.o(.bss.G_USART1_RX_Flag)
    I2cHandle                                0x20000188   Data          64  i2c.o(.bss.I2cHandle)
    IwdgHandle                               0x200001c8   Data          12  iwdg.o(.bss.IwdgHandle)
    MCU_Status                               0x200001d4   Data           1  flash.o(.bss.MCU_Status)
    TimHandle                                0x200001d8   Data          32  tim.o(.bss.TimHandle)
    UartHandle                               0x200001f8   Data          68  usart.o(.bss.UartHandle)
    base_g                                   0x2000023c   Data           4  sc7a20.o(.bss.base_g)
    base_g_buffer                            0x20000240   Data         400  sc7a20.o(.bss.base_g_buffer)
    c0_wave_detector                         0x200003d0   Data          36  baseline_tracking.o(.bss.c0_wave_detector)
    c_real_time_value                        0x200003f4   Data          16  1002.o(.bss.c_real_time_value)
    cap_buffer                               0x20000404   Data          64  flash.o(.bss.cap_buffer)
    delay_tick                               0x20000444   Data           1  tim.o(.bss.delay_tick)
    diff_c_value                             0x20000448   Data          16  1002.o(.bss.diff_c_value)
    g                                        0x2000045c   Data         168  baseline_tracking.o(.bss.g)
    last_c_value                             0x20000504   Data          16  1002.o(.bss.last_c_value)
    pFlash                                   0x20000518   Data          24  py32f002b_hal_flash.o(.bss.pFlash)
    result_data                              0x20000538   Data          16  baseline_tracking.o(.bss.result_data)
    sc7a20_acc_data                          0x20000548   Data           6  sc7a20.o(.bss.sc7a20_acc_data)
    timer_coe                                0x2000054e   Data           1  tim.o(.bss.timer_coe)
    tx_buf                                   0x20000550   Data          64  usart.o(.bss.tx_buf)
    uwTick                                   0x20000590   Data           4  py32f002b_hal.o(.bss.uwTick)
    __initial_sp                             0x20000998   Data           0  startup_py32f002bxx.o(STACK)



==============================================================================

Memory Map of the image

  Image Entry point : 0x080000c1

  Load Region LR_IROM1 (Base: 0x08000000, Size: 0x00004be8, Max: 0x00006000, ABSOLUTE)

    Execution Region ER_IROM1 (Exec base: 0x08000000, Load base: 0x08000000, Size: 0x00004aa4, Max: 0x00006000, ABSOLUTE)

    Exec Addr    Load Addr    Size         Type   Attr      Idx    E Section Name        Object

    0x08000000   0x08000000   0x000000c0   Data   RO           43    RESET               startup_py32f002bxx.o
    0x080000c0   0x080000c0   0x00000000   Code   RO         1155  * .ARM.Collect$$$$00000000  mc_p.l(entry.o)
    0x080000c0   0x080000c0   0x00000004   Code   RO         1470    .ARM.Collect$$$$00000001  mc_p.l(entry2.o)
    0x080000c4   0x080000c4   0x00000004   Code   RO         1473    .ARM.Collect$$$$00000004  mc_p.l(entry5.o)
    0x080000c8   0x080000c8   0x00000000   Code   RO         1475    .ARM.Collect$$$$00000008  mc_p.l(entry7b.o)
    0x080000c8   0x080000c8   0x00000000   Code   RO         1477    .ARM.Collect$$$$0000000A  mc_p.l(entry8b.o)
    0x080000c8   0x080000c8   0x00000008   Code   RO         1478    .ARM.Collect$$$$0000000B  mc_p.l(entry9a.o)
    0x080000d0   0x080000d0   0x00000000   Code   RO         1480    .ARM.Collect$$$$0000000D  mc_p.l(entry10a.o)
    0x080000d0   0x080000d0   0x00000000   Code   RO         1482    .ARM.Collect$$$$0000000F  mc_p.l(entry11a.o)
    0x080000d0   0x080000d0   0x00000004   Code   RO         1471    .ARM.Collect$$$$00002712  mc_p.l(entry2.o)
    0x080000d4   0x080000d4   0x0000001c   Code   RO           44    .text               startup_py32f002bxx.o
    0x080000f0   0x080000f0   0x00000024   Code   RO         1170    .text               mc_p.l(rand.o)
    0x08000114   0x08000114   0x00000024   Code   RO         1175    .text               mc_p.l(memseta.o)
    0x08000138   0x08000138   0x000000b2   Code   RO         1440    .text               mf_p.l(fadd.o)
    0x080001ea   0x080001ea   0x0000007a   Code   RO         1442    .text               mf_p.l(fmul.o)
    0x08000264   0x08000264   0x0000007c   Code   RO         1444    .text               mf_p.l(fdiv.o)
    0x080002e0   0x080002e0   0x000000f0   Code   RO         1446    .text               mf_p.l(ddiv.o)
    0x080003d0   0x080003d0   0x0000001c   Code   RO         1448    .text               mf_p.l(fcmple.o)
    0x080003ec   0x080003ec   0x0000001c   Code   RO         1450    .text               mf_p.l(fcmplt.o)
    0x08000408   0x08000408   0x0000001c   Code   RO         1452    .text               mf_p.l(fcmpge.o)
    0x08000424   0x08000424   0x0000001c   Code   RO         1454    .text               mf_p.l(fcmpgt.o)
    0x08000440   0x08000440   0x00000016   Code   RO         1456    .text               mf_p.l(fflti.o)
    0x08000456   0x08000456   0x0000000e   Code   RO         1458    .text               mf_p.l(ffltui.o)
    0x08000464   0x08000464   0x00000028   Code   RO         1460    .text               mf_p.l(dflti.o)
    0x0800048c   0x0800048c   0x00000032   Code   RO         1462    .text               mf_p.l(ffixi.o)
    0x080004be   0x080004be   0x00000038   Code   RO         1468    .text               mf_p.l(d2f.o)
    0x080004f6   0x080004f6   0x0000003e   Code   RO         1489    .text               mc_p.l(uidiv_div0.o)
    0x08000534   0x08000534   0x00000050   Code   RO         1491    .text               mc_p.l(idiv_div0.o)
    0x08000584   0x08000584   0x00000060   Code   RO         1495    .text               mc_p.l(uldiv.o)
    0x080005e4   0x080005e4   0x00000000   Code   RO         1504    .text               mc_p.l(iusefp.o)
    0x080005e4   0x080005e4   0x00000082   Code   RO         1505    .text               mf_p.l(fepilogue.o)
    0x08000666   0x08000666   0x00000058   Code   RO         1507    .text               mf_p.l(fsqrt.o)
    0x080006be   0x080006be   0x000000be   Code   RO         1509    .text               mf_p.l(depilogue.o)
    0x0800077c   0x0800077c   0x00000164   Code   RO         1513    .text               mf_p.l(dadd.o)
    0x080008e0   0x080008e0   0x000000d0   Code   RO         1515    .text               mf_p.l(dmul.o)
    0x080009b0   0x080009b0   0x00000040   Code   RO         1517    .text               mf_p.l(dfixul.o)
    0x080009f0   0x080009f0   0x00000028   Code   RO         1519    .text               mf_p.l(cdrcmple.o)
    0x08000a18   0x08000a18   0x00000030   Code   RO         1521    .text               mc_p.l(init.o)
    0x08000a48   0x08000a48   0x00000020   Code   RO         1523    .text               mc_p.l(llshl.o)
    0x08000a68   0x08000a68   0x00000022   Code   RO         1525    .text               mc_p.l(llushr.o)
    0x08000a8a   0x08000a8a   0x00000026   Code   RO         1527    .text               mc_p.l(llsshr.o)
    0x08000ab0   0x08000ab0   0x00000002   Code   RO          800    .text.ADC_COMP_IRQHandler  py32f002b_it.o
    0x08000ab2   0x08000ab2   0x00000002   PAD
    0x08000ab4   0x08000ab4   0x00000060   Code   RO          908    .text.APP_Config    sys.o
    0x08000b14   0x08000b14   0x00000002   Code   RO          932    .text.APP_ErrorHandler  tim.o
    0x08000b16   0x08000b16   0x00000002   PAD
    0x08000b18   0x08000b18   0x000000e8   Code   RO          884    .text.APP_GPIOInit  led.o
    0x08000c00   0x08000c00   0x00000034   Code   RO          930    .text.APP_TimConfig  tim.o
    0x08000c34   0x08000c34   0x000001b4   Code   RO          856    .text.Flash_Init    flash.o
    0x08000de8   0x08000de8   0x00000120   Code   RO          848    .text.Flash_Write   flash.o
    0x08000f08   0x08000f08   0x00000094   Code   RO          852    .text.Flash_Write_Status  flash.o
    0x08000f9c   0x08000f9c   0x00000024   Code   RO           71    .text.HAL_Delay     py32f002b_hal.o
    0x08000fc0   0x08000fc0   0x000002d4   Code   RO          754    .text.HAL_FLASH_Erase  py32f002b_hal_flash.o
    0x08001294   0x08001294   0x00000014   Code   RO          742    .text.HAL_FLASH_Lock  py32f002b_hal_flash.o
    0x080012a8   0x080012a8   0x000001e4   Code   RO          760    .text.HAL_FLASH_Program  py32f002b_hal_flash.o
    0x0800148c   0x0800148c   0x00000028   Code   RO          740    .text.HAL_FLASH_Unlock  py32f002b_hal_flash.o
    0x080014b4   0x080014b4   0x0000016c   Code   RO          177    .text.HAL_GPIO_Init  py32f002b_hal_gpio.o
    0x08001620   0x08001620   0x00000010   Code   RO          183    .text.HAL_GPIO_WritePin  py32f002b_hal_gpio.o
    0x08001630   0x08001630   0x0000000c   Code   RO           63    .text.HAL_GetTick   py32f002b_hal.o
    0x0800163c   0x0800163c   0x00000006   Code   RO          712    .text.HAL_I2C_GetState  py32f002b_hal_i2c.o
    0x08001642   0x08001642   0x00000002   PAD
    0x08001644   0x08001644   0x00000144   Code   RO          628    .text.HAL_I2C_Init  py32f002b_hal_i2c.o
    0x08001788   0x08001788   0x00000554   Code   RO          656    .text.HAL_I2C_Mem_Read  py32f002b_hal_i2c.o
    0x08001cdc   0x08001cdc   0x0000032c   Code   RO          654    .text.HAL_I2C_Mem_Write  py32f002b_hal_i2c.o
    0x08002008   0x08002008   0x00000068   Code   RO          815    .text.HAL_I2C_MspInit  py32f002b_hal_msp.o
    0x08002070   0x08002070   0x00000050   Code   RO          728    .text.HAL_IWDG_Init  py32f002b_hal_iwdg.o
    0x080020c0   0x080020c0   0x00000014   Code   RO           61    .text.HAL_IncTick   py32f002b_hal.o
    0x080020d4   0x080020d4   0x00000018   Code   RO           51    .text.HAL_Init      py32f002b_hal.o
    0x080020ec   0x080020ec   0x00000044   Code   RO           53    .text.HAL_InitTick  py32f002b_hal.o
    0x08002130   0x08002130   0x0000002c   Code   RO          811    .text.HAL_MspInit   py32f002b_hal_msp.o
    0x0800215c   0x0800215c   0x00000018   Code   RO          303    .text.HAL_NVIC_EnableIRQ  py32f002b_hal_cortex.o
    0x08002174   0x08002174   0x00000038   Code   RO          301    .text.HAL_NVIC_SetPriority  py32f002b_hal_cortex.o
    0x080021ac   0x080021ac   0x000001d4   Code   RO          128    .text.HAL_RCC_ClockConfig  py32f002b_hal_rcc.o
    0x08002380   0x08002380   0x00000028   Code   RO          134    .text.HAL_RCC_GetPCLK1Freq  py32f002b_hal_rcc.o
    0x080023a8   0x080023a8   0x000003b0   Code   RO          124    .text.HAL_RCC_OscConfig  py32f002b_hal_rcc.o
    0x08002758   0x08002758   0x00000034   Code   RO          309    .text.HAL_SYSTICK_Config  py32f002b_hal_cortex.o
    0x0800278c   0x0800278c   0x00000002   Code   RO          616    .text.HAL_TIMEx_BreakCallback  py32f002b_hal_tim_ex.o
    0x0800278e   0x0800278e   0x00000002   Code   RO          612    .text.HAL_TIMEx_CommutCallback  py32f002b_hal_tim_ex.o
    0x08002790   0x08002790   0x00000084   Code   RO          389    .text.HAL_TIM_Base_Init  py32f002b_hal_tim.o
    0x08002814   0x08002814   0x00000038   Code   RO          817    .text.HAL_TIM_Base_MspInit  py32f002b_hal_msp.o
    0x0800284c   0x0800284c   0x0000001e   Code   RO          403    .text.HAL_TIM_Base_Start_IT  py32f002b_hal_tim.o
    0x0800286a   0x0800286a   0x00000002   Code   RO          491    .text.HAL_TIM_IC_CaptureCallback  py32f002b_hal_tim.o
    0x0800286c   0x0800286c   0x00000148   Code   RO          489    .text.HAL_TIM_IRQHandler  py32f002b_hal_tim.o
    0x080029b4   0x080029b4   0x00000002   Code   RO          493    .text.HAL_TIM_OC_DelayElapsedCallback  py32f002b_hal_tim.o
    0x080029b6   0x080029b6   0x00000002   Code   RO          495    .text.HAL_TIM_PWM_PulseFinishedCallback  py32f002b_hal_tim.o
    0x080029b8   0x080029b8   0x00000014   Code   RO          934    .text.HAL_TIM_PeriodElapsedCallback  tim.o
    0x080029cc   0x080029cc   0x00000002   Code   RO          499    .text.HAL_TIM_TriggerCallback  py32f002b_hal_tim.o
    0x080029ce   0x080029ce   0x00000088   Code   RO          227    .text.HAL_UART_Init  py32f002b_hal_uart.o
    0x08002a56   0x08002a56   0x00000002   PAD
    0x08002a58   0x08002a58   0x00000054   Code   RO          819    .text.HAL_UART_MspInit  py32f002b_hal_msp.o
    0x08002aac   0x08002aac   0x00000002   Code   RO          792    .text.HardFault_Handler  py32f002b_it.o
    0x08002aae   0x08002aae   0x00000002   PAD
    0x08002ab0   0x08002ab0   0x0000005c   Code   RO         1024    .text.I2C_GPIO_Init  i2c.o
    0x08002b0c   0x08002b0c   0x00000034   Code   RO         1026    .text.I2C_Init      i2c.o
    0x08002b40   0x08002b40   0x0000006c   Code   RO          638    .text.I2C_WaitOnBTFFlagUntilTimeout  py32f002b_hal_i2c.o
    0x08002bac   0x08002bac   0x00000088   Code   RO          718    .text.I2C_WaitOnMasterAddressFlagUntilTimeout  py32f002b_hal_i2c.o
    0x08002c34   0x08002c34   0x00000002   Code   RO          790    .text.NMI_Handler   py32f002b_it.o
    0x08002c36   0x08002c36   0x00000002   Code   RO          796    .text.PendSV_Handler  py32f002b_it.o
    0x08002c38   0x08002c38   0x00000002   Code   RO          794    .text.SVC_Handler   py32f002b_it.o
    0x08002c3a   0x08002c3a   0x00000008   Code   RO          798    .text.SysTick_Handler  py32f002b_it.o
    0x08002c42   0x08002c42   0x00000002   PAD
    0x08002c44   0x08002c44   0x00000078   Code   RO           28    .text.SystemInit    system_py32f002b.o
    0x08002cbc   0x08002cbc   0x00000010   Code   RO          802    .text.TIM1_BRK_UP_TRG_COM_IRQHandler  py32f002b_it.o
    0x08002ccc   0x08002ccc   0x000000c8   Code   RO          231    .text.UART_SetConfig  py32f002b_hal_uart.o
    0x08002d94   0x08002d94   0x00000048   Code   RO          955    .text.USART1_IRQHandler  usart.o
    0x08002ddc   0x08002ddc   0x000000b8   Code   RO          953    .text.USART1_Init   usart.o
    0x08002e94   0x08002e94   0x0000002c   Code   RO         1118    .text.WaveDetector_Init  baseline_tracking.o
    0x08002ec0   0x08002ec0   0x00000104   Code   RO         1108    .text.WaveDetector_Process  baseline_tracking.o
    0x08002fc4   0x08002fc4   0x00000144   Code   RO         1114    .text.baseline_tracking  baseline_tracking.o
    0x08003108   0x08003108   0x000000d4   Code   RO         1112    .text.baseline_update_quitely  baseline_tracking.o
    0x080031dc   0x080031dc   0x000000b4   Code   RO          991    .text.cali          1002.o
    0x08003290   0x08003290   0x000003c8   Code   RO          993    .text.collect_1002_data  1002.o
    0x08003658   0x08003658   0x00000028   Code   RO          936    .text.delay_100us   tim.o
    0x08003680   0x08003680   0x00000044   Code   RO          916    .text.ema_float     sys.o
    0x080036c4   0x080036c4   0x000000e8   Code   RO         1110    .text.fast_cali     baseline_tracking.o
    0x080037ac   0x080037ac   0x0000002c   Code   RO          918    .text.float_asb_diff  sys.o
    0x080037d8   0x080037d8   0x00000024   Code   RO          961    .text.fputc         usart.o
    0x080037fc   0x080037fc   0x00000038   Code   RO          920    .text.low_filter_op  sys.o
    0x08003834   0x08003834   0x000000a4   Code   RO          895    .text.main          main.o
    0x080038d8   0x080038d8   0x00000054   Code   RO         1079    .text.play_voice    voice_app.o
    0x0800392c   0x0800392c   0x00000038   Code   RO         1091    .text.play_voice_base_g  voice_app.o
    0x08003964   0x08003964   0x00000040   Code   RO         1093    .text.play_voice_base_wave_detector  voice_app.o
    0x080039a4   0x080039a4   0x0000007c   Code   RO         1081    .text.play_voice_no_repeat  voice_app.o
    0x08003a20   0x08003a20   0x0000000c   Code   RO          997    .text.read_rmof_addres3  1002.o
    0x08003a2c   0x08003a2c   0x000001e4   Code   RO          989    .text.rm1002_init   1002.o
    0x08003c10   0x08003c10   0x000000e0   Code   RO         1133    .text.sc7a20_init   sc7a20.o
    0x08003cf0   0x08003cf0   0x00000224   Code   RO         1137    .text.sc7a20_read_acc  sc7a20.o
    0x08003f14   0x08003f14   0x00000098   Code   RO          969    .text.uart_send_multi_data  usart.o
    0x08003fac   0x08003fac   0x00000020   Code   RO         1412    i.__0printf         mc_p.l(printfa.o)
    0x08003fcc   0x08003fcc   0x0000002e   Code   RO         1511    i.__ARM_clz         mf_p.l(depilogue.o)
    0x08003ffa   0x08003ffa   0x0000000e   Code   RO         1531    i.__scatterload_copy  mc_p.l(handlers.o)
    0x08004008   0x08004008   0x00000002   Code   RO         1532    i.__scatterload_null  mc_p.l(handlers.o)
    0x0800400a   0x0800400a   0x0000000e   Code   RO         1533    i.__scatterload_zeroinit  mc_p.l(handlers.o)
    0x08004018   0x08004018   0x0000000c   Code   RO         1499    i.__set_errno       mc_p.l(errno.o)
    0x08004024   0x08004024   0x00000174   Code   RO         1419    i._fp_digits        mc_p.l(printfa.o)
    0x08004198   0x08004198   0x000006ec   Code   RO         1420    i._printf_core      mc_p.l(printfa.o)
    0x08004884   0x08004884   0x00000020   Code   RO         1421    i._printf_post_padding  mc_p.l(printfa.o)
    0x080048a4   0x080048a4   0x0000002c   Code   RO         1422    i._printf_pre_padding  mc_p.l(printfa.o)
    0x080048d0   0x080048d0   0x00000020   Code   RO         1158    i.puts              mc_p.l(puts.o)
    0x080048f0   0x080048f0   0x0000002c   Code   RO         1152    i.sqrtf             m_ps.l(sqrtf.o)
    0x0800491c   0x0800491c   0x00000040   Data   RO           31    .rodata.AHBPrescTable  system_py32f002b.o
    0x0800495c   0x0800495c   0x00000020   Data   RO           32    .rodata.APBPrescTable  system_py32f002b.o
    0x0800497c   0x0800497c   0x00000020   Data   RO          781    .rodata._FlashTimmingParam  py32f002b_hal_flash.o
    0x0800499c   0x0800499c   0x00000020   Data   RO          150    .rodata.cst32       py32f002b_hal_rcc.o
    0x080049bc   0x080049bc   0x000000c5   Data   RO          863    .rodata.str1.1      flash.o
    0x08004a81   0x08004a81   0x00000003   PAD
    0x08004a84   0x08004a84   0x00000020   Data   RO         1530    Region$$Table       anon$$obj.o


    Execution Region RW_IRAM1 (Exec base: 0x20000000, Load base: 0x08004aa8, Size: 0x00000998, Max: 0x00000c00, ABSOLUTE)

    Exec Addr    Load Addr    Size         Type   Attr      Idx    E Section Name        Object

    0x20000000   0x08004aa8   0x00000004   Data   RW         1171    .data               mc_p.l(rand.o)
    0x20000004   0x08004aac   0x00000004   Data   RW         1484    .data               mc_p.l(stdout.o)
    0x20000008   0x08004ab0   0x00000004   Data   RW         1500    .data               mc_p.l(errno.o)
    0x2000000c   0x08004ab4   0x0000000a   Data   RW         1141    .data.SC7A20_REG    sc7a20.o
    0x20000016   0x08004abe   0x00000002   PAD
    0x20000018   0x08004ac0   0x00000004   Data   RW           30    .data.SystemCoreClock  system_py32f002b.o
    0x2000001c   0x08004ac4   0x00000004   Data   RW         1007    .data.cal_data      1002.o
    0x20000020   0x08004ac8   0x00000004   Data   RW         1008    .data.cal_mask      1002.o
    0x20000024   0x08004acc   0x00000040   Data   RW          861    .data.coe_buffer    flash.o
    0x20000064   0x08004b0c   0x00000010   Data   RW          897    .data.cxxx0         main.o
    0x20000074   0x08004b1c   0x00000010   Data   RW          898    .data.cxxx1         main.o
    0x20000084   0x08004b2c   0x00000010   Data   RW          899    .data.cxxx2         main.o
    0x20000094   0x08004b3c   0x00000010   Data   RW          900    .data.cxxx3         main.o
    0x200000a4   0x08004b4c   0x00000001   Data   RW         1143    .data.if_data_init  sc7a20.o
    0x200000a5   0x08004b4d   0x00000003   PAD
    0x200000a8   0x08004b50   0x00000010   Data   RW         1013    .data.parastic_cap  1002.o
    0x200000b8   0x08004b60   0x00000080   Data   RW         1014    .data.rm1002_defaultcfg  1002.o
    0x20000138   0x08004be0   0x00000004   Data   RW          112    .data.uwTickFreq    py32f002b_hal.o
    0x2000013c   0x08004be4   0x00000004   Data   RW          111    .data.uwTickPrio    py32f002b_hal.o
    0x20000140        -       0x00000040   Zero   RW          975    .bss.G_USART1_RX_Buffer  usart.o
    0x20000180        -       0x00000004   Zero   RW          976    .bss.G_USART1_RX_Count  usart.o
    0x20000184        -       0x00000001   Zero   RW          974    .bss.G_USART1_RX_Flag  usart.o
    0x20000185   0x08004be8   0x00000003   PAD
    0x20000188        -       0x00000040   Zero   RW         1028    .bss.I2cHandle      i2c.o
    0x200001c8        -       0x0000000c   Zero   RW          876    .bss.IwdgHandle     iwdg.o
    0x200001d4        -       0x00000001   Zero   RW          862    .bss.MCU_Status     flash.o
    0x200001d5   0x08004be8   0x00000003   PAD
    0x200001d8        -       0x00000020   Zero   RW          942    .bss.TimHandle      tim.o
    0x200001f8        -       0x00000044   Zero   RW          977    .bss.UartHandle     usart.o
    0x2000023c        -       0x00000004   Zero   RW         1139    .bss.base_g         sc7a20.o
    0x20000240        -       0x00000190   Zero   RW         1140    .bss.base_g_buffer  sc7a20.o
    0x200003d0        -       0x00000024   Zero   RW         1123    .bss.c0_wave_detector  baseline_tracking.o
    0x200003f4        -       0x00000010   Zero   RW         1011    .bss.c_real_time_value  1002.o
    0x20000404        -       0x00000040   Zero   RW          860    .bss.cap_buffer     flash.o
    0x20000444        -       0x00000001   Zero   RW          941    .bss.delay_tick     tim.o
    0x20000445   0x08004be8   0x00000003   PAD
    0x20000448        -       0x00000010   Zero   RW         1010    .bss.diff_c_value   1002.o
    0x20000458        -       0x00000002   Zero   RW         1124    .bss.fast_cali.calib_counter  baseline_tracking.o
    0x2000045a   0x08004be8   0x00000002   PAD
    0x2000045c        -       0x000000a8   Zero   RW         1121    .bss.g              baseline_tracking.o
    0x20000504        -       0x00000010   Zero   RW         1009    .bss.last_c_value   1002.o
    0x20000514        -       0x00000004   Zero   RW         1096    .bss.last_play_ts   voice_app.o
    0x20000518        -       0x00000018   Zero   RW          780    .bss.pFlash         py32f002b_hal_flash.o
    0x20000530        -       0x00000004   Zero   RW         1097    .bss.play_voice_base_g.last_play_ts  voice_app.o
    0x20000534        -       0x00000001   Zero   RW         1095    .bss.play_voice_no_repeat.last_play  voice_app.o
    0x20000535   0x08004be8   0x00000003   PAD
    0x20000538        -       0x00000010   Zero   RW         1120    .bss.result_data    baseline_tracking.o
    0x20000548        -       0x00000006   Zero   RW         1142    .bss.sc7a20_acc_data  sc7a20.o
    0x2000054e        -       0x00000001   Zero   RW          940    .bss.timer_coe      tim.o
    0x2000054f   0x08004be8   0x00000001   PAD
    0x20000550        -       0x00000040   Zero   RW          978    .bss.tx_buf         usart.o
    0x20000590        -       0x00000004   Zero   RW          113    .bss.uwTick         py32f002b_hal.o
    0x20000594   0x08004be8   0x00000004   PAD
    0x20000598        -       0x00000400   Zero   RW           41    STACK               startup_py32f002bxx.o


==============================================================================

Image component sizes


      Code (inc. data)   RO Data    RW Data    ZI Data      Debug   Object Name

      1644        120          0        152         48      11285   1002.o
      1072         36          0          0        222       5948   baseline_tracking.o
       872        148        197         64         65       6933   flash.o
       144         20          0          0         64       3552   i2c.o
         0          0          0          0         12       1292   iwdg.o
       232         12          0          0          0       2244   led.o
       164         24          0         64          0        954   main.o
       160         16          0          8          4       6653   py32f002b_hal.o
       132         24          0          0          0       5174   py32f002b_hal_cortex.o
      1268         92         32          0         24      13531   py32f002b_hal_flash.o
       380         16          0          0          0       4334   py32f002b_hal_gpio.o
      2750         52          0          0          0      37914   py32f002b_hal_i2c.o
        80         12          0          0          0       1680   py32f002b_hal_iwdg.o
       288         24          0          0          0       8418   py32f002b_hal_msp.o
      1452         88         32          0          0       8335   py32f002b_hal_rcc.o
       498          8          0          0          0      42669   py32f002b_hal_tim.o
         4          0          0          0          0      12292   py32f002b_hal_tim_ex.o
       336         12          0          0          0      13351   py32f002b_hal_uart.o
        34          4          0          0          0       1387   py32f002b_it.o
       772         28          0         11        410       5669   sc7a20.o
        28          8        192          0       1024        604   startup_py32f002bxx.o
       264          4          0          0          0       3241   sys.o
       120         24         96          4          0       2338   system_py32f002b.o
       114         16          0          0         34       2988   tim.o
       444         60          0          0        201       8166   usart.o
       328         20          0          0          9       3688   voice_app.o

    ----------------------------------------------------------------------
     13592        868        584        308       2136     214640   Object Totals
         0          0         32          0          0          0   (incl. Generated)
        12          0          3          5         19          0   (incl. Padding)

    ----------------------------------------------------------------------

      Code (inc. data)   RO Data    RW Data    ZI Data      Debug   Library Member Name

        44          0          0          0          0         72   sqrtf.o
         0          0          0          0          0          0   entry.o
         0          0          0          0          0          0   entry10a.o
         0          0          0          0          0          0   entry11a.o
         8          4          0          0          0          0   entry2.o
         4          0          0          0          0          0   entry5.o
         0          0          0          0          0          0   entry7b.o
         0          0          0          0          0          0   entry8b.o
         8          4          0          0          0          0   entry9a.o
        12          6          0          4          0         60   errno.o
        30          0          0          0          0          0   handlers.o
        80          6          0          0          0         72   idiv_div0.o
        48         10          0          0          0         68   init.o
         0          0          0          0          0          0   iusefp.o
        32          0          0          0          0         68   llshl.o
        38          0          0          0          0         68   llsshr.o
        34          0          0          0          0         68   llushr.o
        36          0          0          0          0        100   memseta.o
      2252         98          0          0          0        412   printfa.o
        32          4          0          0          0         68   puts.o
        36         12          0          4          0        120   rand.o
         0          0          0          4          0          0   stdout.o
        62          0          0          0          0         72   uidiv_div0.o
        96          0          0          0          0         84   uldiv.o
        40          2          0          0          0         68   cdrcmple.o
        56          0          0          0          0         68   d2f.o
       356          4          0          0          0        140   dadd.o
       240          6          0          0          0         84   ddiv.o
       236          0          0          0          0        216   depilogue.o
        64         10          0          0          0         68   dfixul.o
        40          6          0          0          0         68   dflti.o
       208          6          0          0          0         88   dmul.o
       178          0          0          0          0        108   fadd.o
        28          0          0          0          0         60   fcmpge.o
        28          0          0          0          0         60   fcmpgt.o
        28          0          0          0          0         60   fcmple.o
        28          0          0          0          0         60   fcmplt.o
       124          0          0          0          0         72   fdiv.o
       130          0          0          0          0        144   fepilogue.o
        50          0          0          0          0         60   ffixi.o
        22          0          0          0          0         68   fflti.o
        14          0          0          0          0         68   ffltui.o
       122          0          0          0          0         72   fmul.o
        88          0          0          0          0         72   fsqrt.o

    ----------------------------------------------------------------------
      4932        178          0         12          0       3036   Library Totals
         0          0          0          0          0          0   (incl. Padding)

    ----------------------------------------------------------------------

      Code (inc. data)   RO Data    RW Data    ZI Data      Debug   Library Name

        44          0          0          0          0         72   m_ps.l
      2808        144          0         12          0       1260   mc_p.l
      2080         34          0          0          0       1704   mf_p.l

    ----------------------------------------------------------------------
      4932        178          0         12          0       3036   Library Totals

    ----------------------------------------------------------------------

==============================================================================


      Code (inc. data)   RO Data    RW Data    ZI Data      Debug   

     18524       1046        584        320       2136     215776   Grand Totals
     18524       1046        584        320       2136     215776   ELF Image Totals
     18524       1046        584        320          0          0   ROM Totals

==============================================================================

    Total RO  Size (Code + RO Data)                19108 (  18.66kB)
    Total RW  Size (RW Data + ZI Data)              2456 (   2.40kB)
    Total ROM Size (Code + RO Data + RW Data)      19428 (  18.97kB)

==============================================================================

