Component: ARM Compiler 5.06 update 4 (build 422) Tool: armlink [4d35d2]

==============================================================================

Section Cross References

    py32f002bxx_start_kit.o(i.BSP_PB_DeInit) refers to py32f002b_hal_cortex.o(i.HAL_NVIC_DisableIRQ) for HAL_NVIC_DisableIRQ
    py32f002bxx_start_kit.o(i.BSP_PB_DeInit) refers to py32f002b_hal_gpio.o(i.HAL_GPIO_DeInit) for HAL_GPIO_DeInit
    py32f002bxx_start_kit.o(i.BSP_PB_DeInit) refers to py32f002bxx_start_kit.o(.constdata) for .constdata
    py32f002bxx_start_kit.o(i.BSP_PB_DeInit) refers to py32f002bxx_start_kit.o(.data) for .data
    py32f002bxx_start_kit.o(i.BSP_PB_GetState) refers to py32f002b_hal_gpio.o(i.HAL_GPIO_ReadPin) for HAL_GPIO_ReadPin
    py32f002bxx_start_kit.o(i.BSP_PB_GetState) refers to py32f002bxx_start_kit.o(.constdata) for .constdata
    py32f002bxx_start_kit.o(i.BSP_PB_GetState) refers to py32f002bxx_start_kit.o(.data) for .data
    py32f002bxx_start_kit.o(i.BSP_PB_Init) refers to py32f002b_hal_gpio.o(i.HAL_GPIO_Init) for HAL_GPIO_Init
    py32f002bxx_start_kit.o(i.BSP_PB_Init) refers to py32f002b_hal_cortex.o(i.HAL_NVIC_SetPriority) for HAL_NVIC_SetPriority
    py32f002bxx_start_kit.o(i.BSP_PB_Init) refers to py32f002b_hal_cortex.o(i.HAL_NVIC_EnableIRQ) for HAL_NVIC_EnableIRQ
    py32f002bxx_start_kit.o(i.BSP_PB_Init) refers to py32f002bxx_start_kit.o(.constdata) for .constdata
    py32f002bxx_start_kit.o(i.BSP_PB_Init) refers to py32f002bxx_start_kit.o(.data) for .data
    py32f002bxx_start_kit.o(i.BSP_USART_Config) refers to py32f002b_hal_uart.o(i.HAL_UART_Init) for HAL_UART_Init
    py32f002bxx_start_kit.o(i.BSP_USART_Config) refers to py32f002b_hal_gpio.o(i.HAL_GPIO_Init) for HAL_GPIO_Init
    py32f002bxx_start_kit.o(i.BSP_USART_Config) refers to py32f002b_hal_cortex.o(i.HAL_NVIC_SetPriority) for HAL_NVIC_SetPriority
    py32f002bxx_start_kit.o(i.BSP_USART_Config) refers to py32f002b_hal_cortex.o(i.HAL_NVIC_EnableIRQ) for HAL_NVIC_EnableIRQ
    py32f002bxx_start_kit.o(i.BSP_USART_Config) refers to py32f002bxx_start_kit.o(.bss) for .bss
    py32f002bxx_start_kit.o(i.RM1002_RST_Init) refers to py32f002b_hal_gpio.o(i.HAL_GPIO_Init) for HAL_GPIO_Init
    py32f002bxx_start_kit.o(i.RM1002_RST_Init) refers to py32f002b_hal_gpio.o(i.HAL_GPIO_WritePin) for HAL_GPIO_WritePin
    system_py32f002b.o(i.SystemCoreClockUpdate) refers to uidiv.o(.text) for __aeabi_uidivmod
    system_py32f002b.o(i.SystemCoreClockUpdate) refers to system_py32f002b.o(.data) for .data
    system_py32f002b.o(i.SystemCoreClockUpdate) refers to system_py32f002b.o(.constdata) for .constdata
    startup_py32f002bxx.o(RESET) refers to startup_py32f002bxx.o(STACK) for __initial_sp
    startup_py32f002bxx.o(RESET) refers to startup_py32f002bxx.o(.text) for Reset_Handler
    startup_py32f002bxx.o(RESET) refers to py32f002b_it.o(i.NMI_Handler) for NMI_Handler
    startup_py32f002bxx.o(RESET) refers to py32f002b_it.o(i.HardFault_Handler) for HardFault_Handler
    startup_py32f002bxx.o(RESET) refers to py32f002b_it.o(i.SVC_Handler) for SVC_Handler
    startup_py32f002bxx.o(RESET) refers to py32f002b_it.o(i.PendSV_Handler) for PendSV_Handler
    startup_py32f002bxx.o(RESET) refers to py32f002b_it.o(i.SysTick_Handler) for SysTick_Handler
    startup_py32f002bxx.o(RESET) refers to py32f002b_it.o(i.EXTI4_15_IRQHandler) for EXTI4_15_IRQHandler
    startup_py32f002bxx.o(RESET) refers to py32f002b_it.o(i.ADC_COMP_IRQHandler) for ADC_COMP_IRQHandler
    startup_py32f002bxx.o(RESET) refers to py32f002b_it.o(i.TIM1_BRK_UP_TRG_COM_IRQHandler) for TIM1_BRK_UP_TRG_COM_IRQHandler
    startup_py32f002bxx.o(RESET) refers to usart.o(i.USART1_IRQHandler) for USART1_IRQHandler
    startup_py32f002bxx.o(.text) refers to system_py32f002b.o(i.SystemInit) for SystemInit
    startup_py32f002bxx.o(.text) refers to entry.o(.ARM.Collect$$$$00000000) for __main
    py32f002b_hal.o(i.HAL_DeInit) refers to py32f002b_hal.o(i.HAL_MspDeInit) for HAL_MspDeInit
    py32f002b_hal.o(i.HAL_Delay) refers to py32f002b_hal.o(i.HAL_GetTick) for HAL_GetTick
    py32f002b_hal.o(i.HAL_Delay) refers to py32f002b_hal.o(.data) for .data
    py32f002b_hal.o(i.HAL_GetTick) refers to py32f002b_hal.o(.data) for .data
    py32f002b_hal.o(i.HAL_GetTickFreq) refers to py32f002b_hal.o(.data) for .data
    py32f002b_hal.o(i.HAL_GetTickPrio) refers to py32f002b_hal.o(.data) for .data
    py32f002b_hal.o(i.HAL_IncTick) refers to py32f002b_hal.o(.data) for .data
    py32f002b_hal.o(i.HAL_Init) refers to py32f002b_hal.o(i.HAL_InitTick) for HAL_InitTick
    py32f002b_hal.o(i.HAL_Init) refers to py32f002b_hal_msp.o(i.HAL_MspInit) for HAL_MspInit
    py32f002b_hal.o(i.HAL_InitTick) refers to uidiv.o(.text) for __aeabi_uidivmod
    py32f002b_hal.o(i.HAL_InitTick) refers to py32f002b_hal_cortex.o(i.HAL_SYSTICK_Config) for HAL_SYSTICK_Config
    py32f002b_hal.o(i.HAL_InitTick) refers to py32f002b_hal_cortex.o(i.HAL_NVIC_SetPriority) for HAL_NVIC_SetPriority
[...]
    .ARM.Collect$$$$0000000D                 0x080000d0   Section        0  entry10a.o(.ARM.Collect$$$$0000000D)
    .ARM.Collect$$$$0000000F                 0x080000d0   Section        0  entry11a.o(.ARM.Collect$$$$0000000F)
    .ARM.Collect$$$$00002712                 0x080000d0   Section        4  entry2.o(.ARM.Collect$$$$00002712)
    __lit__00000000                          0x080000d0   Data           4  entry2.o(.ARM.Collect$$$$00002712)
    .text                                    0x080000d4   Section       28  startup_py32f002bxx.o(.text)
    .text                                    0x080000f0   Section        0  uidiv.o(.text)
    .text                                    0x0800011c   Section        0  memcpya.o(.text)
    .text                                    0x08000140   Section        0  memseta.o(.text)
    .text                                    0x08000164   Section        0  strncpy.o(.text)
    .text                                    0x0800017e   Section        0  strlen.o(.text)
    .text                                    0x0800018c   Section        0  memcmp.o(.text)
    .text                                    0x080001a6   Section        0  fadd.o(.text)
    .text                                    0x08000258   Section        0  ddiv.o(.text)
    .text                                    0x08000348   Section        0  uldiv.o(.text)
    .text                                    0x080003a8   Section        0  iusefp.o(.text)
    .text                                    0x080003a8   Section        0  fepilogue.o(.text)
    .text                                    0x0800042a   Section        0  depilogue.o(.text)
    .text                                    0x080004e8   Section        0  dadd.o(.text)
    .text                                    0x0800064c   Section        0  dmul.o(.text)
    .text                                    0x0800071c   Section        0  dfixul.o(.text)
    .text                                    0x0800075c   Section       40  cdrcmple.o(.text)
    .text                                    0x08000784   Section       36  init.o(.text)
    .text                                    0x080007a8   Section        0  llshl.o(.text)
    .text                                    0x080007c8   Section        0  llushr.o(.text)
    .text                                    0x080007ea   Section        0  llsshr.o(.text)
    .text                                    0x08000810   Section        0  __dczerorl2.o(.text)
    i.ADC_COMP_IRQHandler                    0x08000866   Section        0  py32f002b_it.o(i.ADC_COMP_IRQHandler)
    i.APP_Config                             0x08000868   Section        0  sys.o(i.APP_Config)
    i.APP_ErrorHandler                       0x08000896   Section        0  tim.o(i.APP_ErrorHandler)
    i.APP_GPIOInit                           0x08000898   Section        0  led.o(i.APP_GPIOInit)
    i.APP_TimConfig                          0x08000968   Section        0  tim.o(i.APP_TimConfig)
    i.CAP_FlashBlank                         0x0800099c   Section        0  flash.o(i.CAP_FlashBlank)
    i.CAP_FlashErase                         0x080009c8   Section        0  flash.o(i.CAP_FlashErase)
    i.EXTI4_15_IRQHandler                    0x08000a0c   Section        0  py32f002b_it.o(i.EXTI4_15_IRQHandler)
    i.FLASH_MassErase                        0x08000a18   Section        0  py32f002b_hal_flash.o(i.FLASH_MassErase)
    FLASH_MassErase                          0x08000a19   Thumb Code    24  py32f002b_hal_flash.o(i.FLASH_MassErase)
    i.FLASH_PageErase                        0x08000a3c   Section        0  py32f002b_hal_flash.o(i.FLASH_PageErase)
    FLASH_PageErase                          0x08000a3d   Thumb Code    22  py32f002b_hal_flash.o(i.FLASH_PageErase)
    i.FLASH_Program_Page                     0x08000a5c   Section        0  py32f002b_hal_flash.o(i.FLASH_Program_Page)
    FLASH_Program_Page                       0x08000a5d   Thumb Code    54  py32f002b_hal_flash.o(i.FLASH_Program_Page)
    i.FLASH_SectorErase                      0x08000a98   Section        0  py32f002b_hal_flash.o(i.FLASH_SectorErase)
    FLASH_SectorErase                        0x08000a99   Thumb Code    16  py32f002b_hal_flash.o(i.FLASH_SectorErase)
    i.FLASH_WaitForLastOperation             0x08000aac   Section        0  py32f002b_hal_flash.o(i.FLASH_WaitForLastOperation)
    i.Flash_Init                             0x08000ae0   Section        0  flash.o(i.Flash_Init)
    i.Flash_Read                             0x08000bb4   Section        0  flash.o(i.Flash_Read)
    i.Flash_Write                            0x08000bd0   Section        0  flash.o(i.Flash_Write)
    i.Flash_Write_Status                     0x08000cac   Section        0  flash.o(i.Flash_Write_Status)
    i.HAL_Delay                              0x08000d48   Section        0  py32f002b_hal.o(i.HAL_Delay)
    i.HAL_FLASH_Erase                        0x08000d6c   Section        0  py32f002b_hal_flash.o(i.HAL_FLASH_Erase)
    i.HAL_FLASH_Lock                         0x08000f18   Section        0  py32f002b_hal_flash.o(i.HAL_FLASH_Lock)
    i.HAL_FLASH_Program                      0x08000f34   Section        0  py32f002b_hal_flash.o(i.HAL_FLASH_Program)
    i.HAL_FLASH_Unlock                       0x08001048   Section        0  py32f002b_hal_flash.o(i.HAL_FLASH_Unlock)
    i.HAL_GPIO_EXTI_Callback                 0x08001070   Section        0  main.o(i.HAL_GPIO_EXTI_Callback)
    i.HAL_GPIO_EXTI_IRQHandler               0x080010ac   Section        0  py32f002b_hal_gpio.o(i.HAL_GPIO_EXTI_IRQHandler)
    i.HAL_GPIO_Init                          0x080010c4   Section        0  py32f002b_hal_gpio.o(i.HAL_GPIO_Init)
    i.HAL_GPIO_ReadPin                       0x080011d8   Section        0  py32f002b_hal_gpio.o(i.HAL_GPIO_ReadPin)
    i.HAL_GPIO_WritePin                      0x080011e2   Section        0  py32f002b_hal_gpio.o(i.HAL_GPIO_WritePin)
    i.HAL_GetTick                            0x080011f0   Section        0  py32f002b_hal.o(i.HAL_GetTick)
    i.HAL_I2C_GetState                       0x080011fc   Section        0  py32f002b_hal_i2c.o(i.HAL_I2C_GetState)
    i.HAL_I2C_Init                           0x08001204   Section        0  py32f002b_hal_i2c.o(i.HAL_I2C_Init)
    i.HAL_I2C_Mem_Read                       0x0800135c   Section        0  py32f002b_hal_i2c.o(i.HAL_I2C_Mem_Read)
    i.HAL_I2C_Mem_Write                      0x0800156c   Section        0  py32f002b_hal_i2c.o(i.HAL_I2C_Mem_Write)
    i.HAL_I2C_MspInit                        0x08001688   Section        0  py32f002b_hal_msp.o(i.HAL_I2C_MspInit)
    i.HAL_IWDG_Init                          0x080016e8   Section        0  py32f002b_hal_iwdg.o(i.HAL_IWDG_Init)
    i.HAL_IncTick                            0x08001740   Section        0  py32f002b_hal.o(i.HAL_IncTick)
    i.HAL_Init                               0x08001750   Section        0  py32f002b_hal.o(i.HAL_Init)
    i.HAL_InitTick                           0x0800176c   Section        0  py32f002b_hal.o(i.HAL_InitTick)
    i.HAL_MspInit                            0x080017b4   Section        0  py32f002b_hal_msp.o(i.HAL_MspInit)
    i.HAL_NVIC_EnableIRQ                     0x080017e0   Section        0  py32f002b_hal_cortex.o(i.HAL_NVIC_EnableIRQ)
    i.HAL_NVIC_SetPriority                   0x080017f8   Section        0  py32f002b_hal_cortex.o(i.HAL_NVIC_SetPriority)
    i.HAL_RCC_ClockConfig                    0x08001800   Section        0  py32f002b_hal_rcc.o(i.HAL_RCC_ClockConfig)
    i.HAL_RCC_GetPCLK1Freq                   0x0800194c   Section        0  py32f002b_hal_rcc.o(i.HAL_RCC_GetPCLK1Freq)
    i.HAL_RCC_GetSysClockFreq                0x08001974   Section        0  py32f002b_hal_rcc.o(i.HAL_RCC_GetSysClockFreq)
    i.HAL_RCC_OscConfig                      0x08001a10   Section        0  py32f002b_hal_rcc.o(i.HAL_RCC_OscConfig)
    i.HAL_SPI_DeInit                         0x08001ca4   Section        0  py32f002b_hal_spi.o(i.HAL_SPI_DeInit)
    i.HAL_SPI_Init                           0x08001cd4   Section        0  py32f002b_hal_spi.o(i.HAL_SPI_Init)
    i.HAL_SPI_MspDeInit                      0x08001d68   Section        0  py32f002b_hal_spi.o(i.HAL_SPI_MspDeInit)
    i.HAL_SPI_MspInit                        0x08001d6a   Section        0  py32f002b_hal_spi.o(i.HAL_SPI_MspInit)
    i.HAL_SPI_Transmit                       0x08001d6c   Section        0  py32f002b_hal_spi.o(i.HAL_SPI_Transmit)
    i.HAL_SPI_TransmitReceive                0x08001ecc   Section        0  py32f002b_hal_spi.o(i.HAL_SPI_TransmitReceive)
    i.HAL_SYSTICK_Config                     0x080020ac   Section        0  py32f002b_hal_cortex.o(i.HAL_SYSTICK_Config)
    i.HAL_TIMEx_BreakCallback                0x080020dc   Section        0  py32f002b_hal_tim_ex.o(i.HAL_TIMEx_BreakCallback)
    i.HAL_TIMEx_CommutCallback               0x080020de   Section        0  py32f002b_hal_tim_ex.o(i.HAL_TIMEx_CommutCallback)
    i.HAL_TIM_Base_Init                      0x080020e0   Section        0  py32f002b_hal_tim.o(i.HAL_TIM_Base_Init)
    i.HAL_TIM_Base_MspInit                   0x08002110   Section        0  py32f002b_hal_msp.o(i.HAL_TIM_Base_MspInit)
    i.HAL_TIM_Base_Start_IT                  0x08002144   Section        0  py32f002b_hal_tim.o(i.HAL_TIM_Base_Start_IT)
    i.HAL_TIM_IC_CaptureCallback             0x08002164   Section        0  py32f002b_hal_tim.o(i.HAL_TIM_IC_CaptureCallback)
    i.HAL_TIM_IRQHandler                     0x08002166   Section        0  py32f002b_hal_tim.o(i.HAL_TIM_IRQHandler)
    i.HAL_TIM_OC_DelayElapsedCallback        0x080022c8   Section        0  py32f002b_hal_tim.o(i.HAL_TIM_OC_DelayElapsedCallback)
    i.HAL_TIM_PWM_PulseFinishedCallback      0x080022ca   Section        0  py32f002b_hal_tim.o(i.HAL_TIM_PWM_PulseFinishedCallback)
    i.HAL_TIM_PeriodElapsedCallback          0x080022cc   Section        0  tim.o(i.HAL_TIM_PeriodElapsedCallback)
    i.HAL_TIM_TriggerCallback                0x080022e0   Section        0  py32f002b_hal_tim.o(i.HAL_TIM_TriggerCallback)
    i.HAL_UART_Init                          0x080022e2   Section        0  py32f002b_hal_uart.o(i.HAL_UART_Init)
    i.HAL_UART_MspInit                       0x08002370   Section        0  py32f002b_hal_msp.o(i.HAL_UART_MspInit)
    i.HardFault_Handler                      0x080023c8   Section        0  py32f002b_it.o(i.HardFault_Handler)
    i.I2C_GPIO_Init                          0x080023cc   Section        0  i2c.o(i.I2C_GPIO_Init)
    i.I2C_Init                               0x08002424   Section        0  i2c.o(i.I2C_Init)
    i.I2C_IsAcknowledgeFailed                0x08002458   Section        0  py32f002b_hal_i2c.o(i.I2C_IsAcknowledgeFailed)
    I2C_IsAcknowledgeFailed                  0x08002459   Thumb Code    46  py32f002b_hal_i2c.o(i.I2C_IsAcknowledgeFailed)
    i.I2C_RequestMemoryRead                  0x0800248c   Section        0  py32f002b_hal_i2c.o(i.I2C_RequestMemoryRead)
    I2C_RequestMemoryRead                    0x0800248d   Thumb Code   234  py32f002b_hal_i2c.o(i.I2C_RequestMemoryRead)
    i.I2C_RequestMemoryWrite                 0x0800257c   Section        0  py32f002b_hal_i2c.o(i.I2C_RequestMemoryWrite)
    I2C_RequestMemoryWrite                   0x0800257d   Thumb Code   166  py32f002b_hal_i2c.o(i.I2C_RequestMemoryWrite)
    i.I2C_WaitOnBTFFlagUntilTimeout          0x08002628   Section        0  py32f002b_hal_i2c.o(i.I2C_WaitOnBTFFlagUntilTimeout)
    I2C_WaitOnBTFFlagUntilTimeout            0x08002629   Thumb Code    78  py32f002b_hal_i2c.o(i.I2C_WaitOnBTFFlagUntilTimeout)
    i.I2C_WaitOnFlagUntilTimeout             0x08002676   Section        0  py32f002b_hal_i2c.o(i.I2C_WaitOnFlagUntilTimeout)
    I2C_WaitOnFlagUntilTimeout               0x08002677   Thumb Code   100  py32f002b_hal_i2c.o(i.I2C_WaitOnFlagUntilTimeout)
    i.I2C_WaitOnMasterAddressFlagUntilTimeout 0x080026dc   Section        0  py32f002b_hal_i2c.o(i.I2C_WaitOnMasterAddressFlagUntilTimeout)
    I2C_WaitOnMasterAddressFlagUntilTimeout  0x080026dd   Thumb Code   138  py32f002b_hal_i2c.o(i.I2C_WaitOnMasterAddressFlagUntilTimeout)
    i.I2C_WaitOnRXNEFlagUntilTimeout         0x0800276c   Section        0  py32f002b_hal_i2c.o(i.I2C_WaitOnRXNEFlagUntilTimeout)
    I2C_WaitOnRXNEFlagUntilTimeout           0x0800276d   Thumb Code    88  py32f002b_hal_i2c.o(i.I2C_WaitOnRXNEFlagUntilTimeout)
    i.I2C_WaitOnTXEFlagUntilTimeout          0x080027c4   Section        0  py32f002b_hal_i2c.o(i.I2C_WaitOnTXEFlagUntilTimeout)
    I2C_WaitOnTXEFlagUntilTimeout            0x080027c5   Thumb Code    78  py32f002b_hal_i2c.o(i.I2C_WaitOnTXEFlagUntilTimeout)
    i.NMI_Handler                            0x08002812   Section        0  py32f002b_it.o(i.NMI_Handler)
    i.PendSV_Handler                         0x08002814   Section        0  py32f002b_it.o(i.PendSV_Handler)
    i.SPI_EndRxTxTransaction                 0x08002816   Section        0  py32f002b_hal_spi.o(i.SPI_EndRxTxTransaction)
    SPI_EndRxTxTransaction                   0x08002817   Thumb Code    74  py32f002b_hal_spi.o(i.SPI_EndRxTxTransaction)
    i.SPI_WaitFifoStateUntilTimeout          0x08002860   Section        0  py32f002b_hal_spi.o(i.SPI_WaitFifoStateUntilTimeout)
    SPI_WaitFifoStateUntilTimeout            0x08002861   Thumb Code   186  py32f002b_hal_spi.o(i.SPI_WaitFifoStateUntilTimeout)
    i.SPI_WaitFlagStateUntilTimeout          0x08002920   Section        0  py32f002b_hal_spi.o(i.SPI_WaitFlagStateUntilTimeout)
    SPI_WaitFlagStateUntilTimeout            0x08002921   Thumb Code   154  py32f002b_hal_spi.o(i.SPI_WaitFlagStateUntilTimeout)
    i.SVC_Handler                            0x080029c0   Section        0  py32f002b_it.o(i.SVC_Handler)
    i.SysTick_Handler                        0x080029c2   Section        0  py32f002b_it.o(i.SysTick_Handler)
    i.SystemInit                             0x080029cc   Section        0  system_py32f002b.o(i.SystemInit)
    i.System_Clock_Config_HSI_24Mhz          0x08002a1c   Section        0  sys.o(i.System_Clock_Config_HSI_24Mhz)
    i.TIM1_BRK_UP_TRG_COM_IRQHandler         0x08002a58   Section        0  py32f002b_it.o(i.TIM1_BRK_UP_TRG_COM_IRQHandler)
    i.TIM_Base_SetConfig                     0x08002a68   Section        0  py32f002b_hal_tim.o(i.TIM_Base_SetConfig)
    i.UART_SetConfig                         0x08002ab8   Section        0  py32f002b_hal_uart.o(i.UART_SetConfig)
    UART_SetConfig                           0x08002ab9   Thumb Code   192  py32f002b_hal_uart.o(i.UART_SetConfig)
    i.USART1_GPIO_Init                       0x08002b7c   Section        0  usart.o(i.USART1_GPIO_Init)
    i.USART1_IRQHandler                      0x08002bb4   Section        0  usart.o(i.USART1_IRQHandler)
    i.USART1_Init                            0x08002bf4   Section        0  usart.o(i.USART1_Init)
    i.USART1_Send_Byte                       0x08002c74   Section        0  usart.o(i.USART1_Send_Byte)
    i.__0printf                              0x08002c84   Section        0  printfa.o(i.__0printf)
    i.__ARM_clz                              0x08002ca4   Section        0  depilogue.o(i.__ARM_clz)
    i.__ARM_common_switch8                   0x08002cd2   Section        0  py32f002b_hal_tim.o(i.__ARM_common_switch8)
    i.__NVIC_SetPriority                     0x08002cec   Section        0  py32f002b_hal_cortex.o(i.__NVIC_SetPriority)
    __NVIC_SetPriority                       0x08002ced   Thumb Code    60  py32f002b_hal_cortex.o(i.__NVIC_SetPriority)
    i.__scatterload_copy                     0x08002d30   Section       14  handlers.o(i.__scatterload_copy)
    i.__scatterload_null                     0x08002d3e   Section        2  handlers.o(i.__scatterload_null)
    i.__scatterload_zeroinit                 0x08002d40   Section       14  handlers.o(i.__scatterload_zeroinit)
    i._fp_digits                             0x08002d50   Section        0  printfa.o(i._fp_digits)
    _fp_digits                               0x08002d51   Thumb Code   344  printfa.o(i._fp_digits)
    i._printf_core                           0x08002ec4   Section        0  printfa.o(i._printf_core)
    _printf_core                             0x08002ec5   Thumb Code  1754  printfa.o(i._printf_core)
    i._printf_post_padding                   0x080035b0   Section        0  printfa.o(i._printf_post_padding)
    _printf_post_padding                     0x080035b1   Thumb Code    32  printfa.o(i._printf_post_padding)
    i._printf_pre_padding                    0x080035d0   Section        0  printfa.o(i._printf_pre_padding)
    _printf_pre_padding                      0x080035d1   Thumb Code    44  printfa.o(i._printf_pre_padding)
    i.apdu_exchange                          0x080035fc   Section        0  iso14443a.o(i.apdu_exchange)
    i.build_web_uri                          0x080036e4   Section        0  picc.o(i.build_web_uri)
    i.com_reqa                               0x08003730   Section        0  rfid.o(i.com_reqa)
    i.find_file                              0x080037b4   Section        0  picc.o(i.find_file)
    i.fputc                                  0x080037de   Section        0  usart.o(i.fputc)
    i.get_diff_tick                          0x080037ec   Section        0  sys.o(i.get_diff_tick)
    i.get_fifo_level                         0x080037fa   Section        0  nfc_transfer.o(i.get_fifo_level)
    i.hal_nfc_bit_clear                      0x0800380e   Section        0  picc.o(i.hal_nfc_bit_clear)
    hal_nfc_bit_clear                        0x0800380f   Thumb Code     8  picc.o(i.hal_nfc_bit_clear)
    i.hal_nfc_bit_set                        0x08003816   Section        0  picc.o(i.hal_nfc_bit_set)
    hal_nfc_bit_set                          0x08003817   Thumb Code     8  picc.o(i.hal_nfc_bit_set)
    i.hal_nfc_clear_register_bit             0x0800381e   Section        0  picc.o(i.hal_nfc_clear_register_bit)
    hal_nfc_clear_register_bit               0x0800381f   Thumb Code    12  picc.o(i.hal_nfc_clear_register_bit)
    i.hal_nfc_pcd_reset                      0x0800382a   Section        0  mh1612s.o(i.hal_nfc_pcd_reset)
    i.hal_nfc_read_register                  0x08003836   Section        0  iso14443a.o(i.hal_nfc_read_register)
    hal_nfc_read_register                    0x08003837   Thumb Code     8  iso14443a.o(i.hal_nfc_read_register)
    i.hal_nfc_write_register                 0x0800383e   Section        0  nfc_config.o(i.hal_nfc_write_register)
    hal_nfc_write_register                   0x0800383f   Thumb Code    12  nfc_config.o(i.hal_nfc_write_register)
    i.handle_read                            0x0800384c   Section        0  picc.o(i.handle_read)
    i.handle_select                          0x08003880   Section        0  picc.o(i.handle_select)
    i.if_picc_state_active                   0x080038d4   Section        0  picc.o(i.if_picc_state_active)
    i.init_gsensor_for_interrupt             0x080038e8   Section        0  sc7a20.o(i.init_gsensor_for_interrupt)
    i.init_t4t_entity                        0x08003968   Section        0  picc.o(i.init_t4t_entity)
    i.intc_irq_register                      0x080039d8   Section        0  intc.o(i.intc_irq_register)
    i.intc_irq_unregister                    0x080039e4   Section        0  intc.o(i.intc_irq_unregister)
    i.is_timeout                             0x080039f4   Section        0  sys.o(i.is_timeout)
    i.main                                   0x08003a10   Section        0  main.o(i.main)
    i.mh1612s_gpio_init                      0x08003a6c   Section        0  mh1612s.o(i.mh1612s_gpio_init)
    i.mh1612s_init                           0x08003b34   Section        0  mh1612s.o(i.mh1612s_init)
    i.nfc_antenna_off                        0x08003b68   Section        0  nfc_config.o(i.nfc_antenna_off)
    i.nfc_antenna_on                         0x08003b78   Section        0  nfc_config.o(i.nfc_antenna_on)
    i.nfc_app                                0x08003b88   Section        0  nfc_app.o(i.nfc_app)
    i.nfc_check_bit                          0x08003d68   Section        0  mh1612s.o(i.nfc_check_bit)
    i.nfc_clear_bit                          0x08003d7a   Section        0  mh1612s.o(i.nfc_clear_bit)
    i.nfc_clear_reg_bit                      0x08003d98   Section        0  mh1612s.o(i.nfc_clear_reg_bit)
    i.nfc_config                             0x08003db8   Section        0  nfc_config.o(i.nfc_config)
    i.nfc_get_reg                            0x08003e08   Section        0  mh1612s.o(i.nfc_get_reg)
    i.nfc_read_reg                           0x08003e60   Section        0  mh1612s.o(i.nfc_read_reg)
    i.nfc_set_bit                            0x08003edc   Section        0  mh1612s.o(i.nfc_set_bit)
    i.nfc_set_reg                            0x08003efa   Section        0  mh1612s.o(i.nfc_set_reg)
    i.nfc_set_reg_bit                        0x08003f4a   Section        0  mh1612s.o(i.nfc_set_reg_bit)
    i.nfc_write_reg                          0x08003f6c   Section        0  mh1612s.o(i.nfc_write_reg)
    i.parse_capdu                            0x08003fd0   Section        0  picc.o(i.parse_capdu)
    i.pcd_cascaded_anticoll                  0x0800409c   Section        0  iso14443a.o(i.pcd_cascaded_anticoll)
    i.pcd_cascaded_select                    0x080042b4   Section        0  iso14443a.o(i.pcd_cascaded_select)
    i.pcd_com_transceive                     0x08004378   Section        0  nfc_transfer.o(i.pcd_com_transceive)
    i.pcd_default_info                       0x08004db4   Section        0  nfc_transfer.o(i.pcd_default_info)
    i.pcd_receive                            0x08004ddc   Section        0  iso14443a.o(i.pcd_receive)
    i.pcd_request                            0x08004e00   Section        0  iso14443a.o(i.pcd_request)
    i.pcd_set_rate                           0x08004f10   Section        0  nfc_config.o(i.pcd_set_rate)
    i.pcd_set_tmo                            0x08005090   Section        0  nfc_config.o(i.pcd_set_tmo)
    i.pcd_set_tmo_FWT_n9                     0x08005104   Section        0  nfc_config.o(i.pcd_set_tmo_FWT_n9)
    i.pcd_transmit                           0x08005128   Section        0  iso14443a.o(i.pcd_transmit)
    i.picc_14443_4_enable                    0x08005198   Section        0  picc.o(i.picc_14443_4_enable)
    i.picc_active_callback                   0x080051e8   Section        0  picc.o(i.picc_active_callback)
    picc_active_callback                     0x080051e9   Thumb Code     8  picc.o(i.picc_active_callback)
    i.picc_active_irq                        0x080051f4   Section        0  picc.o(i.picc_active_irq)
    i.picc_check_cid                         0x0800523c   Section        0  picc.o(i.picc_check_cid)
    i.picc_err_callback                      0x08005250   Section        0  picc.o(i.picc_err_callback)
    i.picc_event_register                    0x08005274   Section        0  picc.o(i.picc_event_register)
    picc_event_register                      0x08005275   Thumb Code    10  picc.o(i.picc_event_register)
    i.picc_event_unregister                  0x08005284   Section        0  picc.o(i.picc_event_unregister)
    picc_event_unregister                    0x08005285   Thumb Code    12  picc.o(i.picc_event_unregister)
    i.picc_field_in_callback                 0x08005294   Section        0  picc.o(i.picc_field_in_callback)
    picc_field_in_callback                   0x08005295   Thumb Code    10  picc.o(i.picc_field_in_callback)
    i.picc_field_in_irq                      0x080052b0   Section        0  picc.o(i.picc_field_in_irq)
    i.picc_field_out_callback                0x080052e4   Section        0  picc.o(i.picc_field_out_callback)
    picc_field_out_callback                  0x080052e5   Thumb Code    10  picc.o(i.picc_field_out_callback)
    i.picc_field_out_irq                     0x08005304   Section        0  picc.o(i.picc_field_out_irq)
    i.picc_get_rx_len                        0x08005338   Section        0  picc.o(i.picc_get_rx_len)
    picc_get_rx_len                          0x08005339   Thumb Code    14  picc.o(i.picc_get_rx_len)
    i.picc_inactive_callback                 0x08005348   Section        0  picc.o(i.picc_inactive_callback)
    picc_inactive_callback                   0x08005349   Thumb Code    26  picc.o(i.picc_inactive_callback)
    i.picc_init                              0x08005368   Section        0  card_emu.o(i.picc_init)
    i.picc_reset                             0x080053c0   Section        0  picc.o(i.picc_reset)
    i.picc_run_state_check                   0x080053d0   Section        0  picc.o(i.picc_run_state_check)
    i.picc_rx_irq                            0x080053e4   Section        0  picc.o(i.picc_rx_irq)
    i.picc_set_atqa_hbyte                    0x08005412   Section        0  picc.o(i.picc_set_atqa_hbyte)
    i.picc_set_atqa_lbyte                    0x08005422   Section        0  picc.o(i.picc_set_atqa_lbyte)
    i.picc_set_halt                          0x08005434   Section        0  picc.o(i.picc_set_halt)
    i.picc_set_idle                          0x08005450   Section        0  picc.o(i.picc_set_idle)
    i.picc_set_rate                          0x0800546c   Section        0  picc.o(i.picc_set_rate)
    i.picc_start                             0x080054a8   Section        0  picc.o(i.picc_start)
    i.picc_stop                              0x080054b8   Section        0  picc.o(i.picc_stop)
    i.picc_t2t_ack                           0x080054c8   Section        0  picc.o(i.picc_t2t_ack)
    i.picc_t2t_nak                           0x080054f0   Section        0  picc.o(i.picc_t2t_nak)
    picc_t2t_nak                             0x080054f1   Thumb Code    36  picc.o(i.picc_t2t_nak)
    i.picc_t2t_process                       0x08005514   Section        0  picc.o(i.picc_t2t_process)
    picc_t2t_process                         0x08005515   Thumb Code   108  picc.o(i.picc_t2t_process)
    i.picc_t2t_read_callback                 0x08005588   Section        0  picc.o(i.picc_t2t_read_callback)
    i.picc_t4t_apdu_process                  0x08005640   Section        0  picc.o(i.picc_t4t_apdu_process)
    i.picc_t4t_block_process                 0x08005704   Section        0  picc.o(i.picc_t4t_block_process)
    i.picc_t4t_process                       0x0800582c   Section        0  picc.o(i.picc_t4t_process)
    picc_t4t_process                         0x0800582d   Thumb Code   140  picc.o(i.picc_t4t_process)
    i.picc_t4t_rats_process                  0x080058c0   Section        0  picc.o(i.picc_t4t_rats_process)
    picc_t4t_rats_process                    0x080058c1   Thumb Code    96  picc.o(i.picc_t4t_rats_process)
    i.picc_t4t_send_i                        0x08005940   Section        0  picc.o(i.picc_t4t_send_i)
    i.picc_t4t_send_r                        0x080059ac   Section        0  picc.o(i.picc_t4t_send_r)
    i.picc_task                              0x080059e4   Section        0  picc.o(i.picc_task)
    i.picc_uid_set                           0x08005a70   Section        0  picc.o(i.picc_uid_set)
    i.picc_write                             0x08005ad4   Section        0  picc.o(i.picc_write)
    i.read_fifo                              0x08005b8c   Section        0  iso14443a.o(i.read_fifo)
    i.reader_mode                            0x08005c58   Section        0  rfid.o(i.reader_mode)
    i.rm1002_init                            0x08005c90   Section        0  1002.o(i.rm1002_init)
    i.rm1002_reg_read                        0x08005db0   Section        0  1002.o(i.rm1002_reg_read)
    rm1002_reg_read                          0x08005db1   Thumb Code    42  1002.o(i.rm1002_reg_read)
    i.rm1002_reg_write                       0x08005de4   Section        0  1002.o(i.rm1002_reg_write)
    rm1002_reg_write                         0x08005de5   Thumb Code    42  1002.o(i.rm1002_reg_write)
    i.sc7a20_reg_write                       0x08005e18   Section        0  sc7a20.o(i.sc7a20_reg_write)
    sc7a20_reg_write                         0x08005e19   Thumb Code    44  sc7a20.o(i.sc7a20_reg_write)
    i.set_picc_init                          0x08005e4c   Section        0  picc.o(i.set_picc_init)
    i.spi1_init                              0x08005e5c   Section        0  mh1612s.o(i.spi1_init)
    .constdata                               0x08005ea8   Section       96  system_py32f002b.o(.constdata)
    .constdata                               0x08005f08   Section       32  system_py32f002b.o(.constdata)
    .constdata                               0x08005f28   Section       32  py32f002b_hal_rcc.o(.constdata)
    .constdata                               0x08005f48   Section       32  py32f002b_hal_flash.o(.constdata)
    .constdata                               0x08005f68   Section       16  sc7a20.o(.constdata)
    .constdata                               0x08005f78   Section       44  picc.o(.constdata)
    .data                                    0x20000000   Section        4  system_py32f002b.o(.data)
    .data                                    0x20000004   Section       12  py32f002b_hal.o(.data)
    .data                                    0x20000010   Section       68  flash.o(.data)
    .data                                    0x20000054   Section       16  main.o(.data)
    .data                                    0x20000064   Section       16  main.o(.data)
    .data                                    0x20000074   Section       16  main.o(.data)
    .data                                    0x20000084   Section       16  main.o(.data)
    .data                                    0x20000094   Section        8  main.o(.data)
    test_counter                             0x20000094   Data           2  main.o(.data)
    .data                                    0x2000009c   Section        1  tim.o(.data)
    .data                                    0x2000009d   Section        1  tim.o(.data)
    .data                                    0x200000a0   Section        8  usart.o(.data)
    .data                                    0x200000a8   Section      152  1002.o(.data)
    .data                                    0x20000140   Section      112  card_emu.o(.data)
    .data                                    0x200001b0   Section      252  picc.o(.data)
    .data                                    0x200002ac   Section        1  intc.o(.data)
    .data                                    0x200002ad   Section        1  intc.o(.data)
    .data                                    0x200002b0   Section      184  nfc_app.o(.data)
    .data                                    0x20000368   Section        1  nfc_config.o(.data)
    .data                                    0x20000369   Section        2  nfc_transfer.o(.data)
    .data                                    0x2000036c   Section        4  stdout.o(.data)
    .bss                                     0x20000370   Section       24  py32f002b_hal_flash.o(.bss)
    .bss                                     0x20000388   Section       64  flash.o(.bss)
    .bss                                     0x200003c8   Section       12  iwdg.o(.bss)
    .bss                                     0x200003d4   Section       32  tim.o(.bss)
    .bss                                     0x200003f4   Section      196  usart.o(.bss)
    tx_buf                                   0x20000434   Data          64  usart.o(.bss)
    .bss                                     0x200004b8   Section       64  i2c.o(.bss)
    .bss                                     0x200004f8   Section       68  mh1612s.o(.bss)
    .bss                                     0x2000053c   Section       37  rfid.o(.bss)
    .bss                                     0x20000564   Section      120  picc.o(.bss)
    .bss                                     0x200005dc   Section       44  intc.o(.bss)
    .bss                                     0x20000608   Section       64  nfc_app.o(.bss)
    .bss                                     0x20000648   Section       32  nfc_transfer.o(.bss)
    STACK                                    0x20000668   Section     1024  startup_py32f002bxx.o(STACK)

    Global Symbols

    Symbol Name                              Value     Ov Type        Size  Object(Section)

    BuildAttributes$$THM_ISAv3M$S$PE$A:L22$X:L11$S22$IEEE1$IW$USESV6$~STKCKD$USESV7$~SHL$OTIME$ROPI$IEEEJ$EBA8$MICROLIB$REQ8$PRES8$EABIv2 0x00000000   Number         0  anon$$obj.o ABSOLUTE
    __ARM_use_no_argv                        0x00000000   Number         0  main.o ABSOLUTE
    _printf_a                                0x00000000   Number         0  stubs.o ABSOLUTE
    _printf_c                                0x00000000   Number         0  stubs.o ABSOLUTE
    _printf_charcount                        0x00000000   Number         0  stubs.o ABSOLUTE
    _printf_d                                0x00000000   Number         0  stubs.o ABSOLUTE
    _printf_e                                0x00000000   Number         0  stubs.o ABSOLUTE
    _printf_f                                0x00000000   Number         0  stubs.o ABSOLUTE
    _printf_flags                            0x00000000   Number         0  stubs.o ABSOLUTE
    _printf_fp_dec                           0x00000000   Number         0  stubs.o ABSOLUTE
    _printf_fp_hex                           0x00000000   Number         0  stubs.o ABSOLUTE
    _printf_g                                0x00000000   Number         0  stubs.o ABSOLUTE
    _printf_i                                0x00000000   Number         0  stubs.o ABSOLUTE
    _printf_int_dec                          0x00000000   Number         0  stubs.o ABSOLUTE
    _printf_l                                0x00000000   Number         0  stubs.o ABSOLUTE
    _printf_lc                               0x00000000   Number         0  stubs.o ABSOLUTE
    _printf_ll                               0x00000000   Number         0  stubs.o ABSOLUTE
    _printf_lld                              0x00000000   Number         0  stubs.o ABSOLUTE
    _printf_lli                              0x00000000   Number         0  stubs.o ABSOLUTE
    _printf_llo                              0x00000000   Number         0  stubs.o ABSOLUTE
    _printf_llu                              0x00000000   Number         0  stubs.o ABSOLUTE
    _printf_llx                              0x00000000   Number         0  stubs.o ABSOLUTE
    _printf_longlong_dec                     0x00000000   Number         0  stubs.o ABSOLUTE
    _printf_longlong_hex                     0x00000000   Number         0  stubs.o ABSOLUTE
    _printf_longlong_oct                     0x00000000   Number         0  stubs.o ABSOLUTE
    _printf_ls                               0x00000000   Number         0  stubs.o ABSOLUTE
    _printf_mbtowc                           0x00000000   Number         0  stubs.o ABSOLUTE
    _printf_n                                0x00000000   Number         0  stubs.o ABSOLUTE
    _printf_o                                0x00000000   Number         0  stubs.o ABSOLUTE
    _printf_p                                0x00000000   Number         0  stubs.o ABSOLUTE
    _printf_percent                          0x00000000   Number         0  stubs.o ABSOLUTE
    _printf_pre_padding                      0x00000000   Number         0  stubs.o ABSOLUTE
    _printf_return_value                     0x00000000   Number         0  stubs.o ABSOLUTE
    _printf_s                                0x00000000   Number         0  stubs.o ABSOLUTE
    _printf_sizespec                         0x00000000   Number         0  stubs.o ABSOLUTE
    _printf_str                              0x00000000   Number         0  stubs.o ABSOLUTE
    _printf_truncate_signed                  0x00000000   Number         0  stubs.o ABSOLUTE
    _printf_truncate_unsigned                0x00000000   Number         0  stubs.o ABSOLUTE
    _printf_u                                0x00000000   Number         0  stubs.o ABSOLUTE
    _printf_wc                               0x00000000   Number         0  stubs.o ABSOLUTE
    _printf_wctomb                           0x00000000   Number         0  stubs.o ABSOLUTE
    _printf_widthprec                        0x00000000   Number         0  stubs.o ABSOLUTE
    _printf_x                                0x00000000   Number         0  stubs.o ABSOLUTE
    __cpp_initialize__aeabi_                  - Undefined Weak Reference
    __cxa_finalize                            - Undefined Weak Reference
    _clock_init                               - Undefined Weak Reference
    _microlib_exit                            - Undefined Weak Reference
    __Vectors_Size                           0x000000c0   Number         0  startup_py32f002bxx.o ABSOLUTE
    __Vectors                                0x08000000   Data           4  startup_py32f002bxx.o(RESET)
    __Vectors_End                            0x080000c0   Data           0  startup_py32f002bxx.o(RESET)
    __main                                   0x080000c1   Thumb Code     0  entry.o(.ARM.Collect$$$$00000000)
    _main_stk                                0x080000c1   Thumb Code     0  entry2.o(.ARM.Collect$$$$00000001)
    _main_scatterload                        0x080000c5   Thumb Code     0  entry5.o(.ARM.Collect$$$$00000004)
    __main_after_scatterload                 0x080000c9   Thumb Code     0  entry5.o(.ARM.Collect$$$$00000004)
    _main_clock                              0x080000c9   Thumb Code     0  entry7b.o(.ARM.Collect$$$$00000008)
    _main_cpp_init                           0x080000c9   Thumb Code     0  entry8b.o(.ARM.Collect$$$$0000000A)
    _main_init                               0x080000c9   Thumb Code     0  entry9a.o(.ARM.Collect$$$$0000000B)
    __rt_final_cpp                           0x080000d1   Thumb Code     0  entry10a.o(.ARM.Collect$$$$0000000D)
    __rt_final_exit                          0x080000d1   Thumb Code     0  entry11a.o(.ARM.Collect$$$$0000000F)
    Reset_Handler                            0x080000d5   Thumb Code     8  startup_py32f002bxx.o(.text)
    EXTI0_1_IRQHandler                       0x080000e7   Thumb Code     0  startup_py32f002bxx.o(.text)
    EXTI2_3_IRQHandler                       0x080000e7   Thumb Code     0  startup_py32f002bxx.o(.text)
    FLASH_IRQHandler                         0x080000e7   Thumb Code     0  startup_py32f002bxx.o(.text)
    I2C1_IRQHandler                          0x080000e7   Thumb Code     0  startup_py32f002bxx.o(.text)
    LPTIM1_IRQHandler                        0x080000e7   Thumb Code     0  startup_py32f002bxx.o(.text)
    RCC_IRQHandler                           0x080000e7   Thumb Code     0  startup_py32f002bxx.o(.text)
    SPI1_IRQHandler                          0x080000e7   Thumb Code     0  startup_py32f002bxx.o(.text)
    TIM14_IRQHandler                         0x080000e7   Thumb Code     0  startup_py32f002bxx.o(.text)
    TIM1_CC_IRQHandler                       0x080000e7   Thumb Code     0  startup_py32f002bxx.o(.text)
    __aeabi_uidiv                            0x080000f1   Thumb Code     0  uidiv.o(.text)
    __aeabi_uidivmod                         0x080000f1   Thumb Code    44  uidiv.o(.text)
    __aeabi_memcpy                           0x0800011d   Thumb Code    36  memcpya.o(.text)
    __aeabi_memcpy4                          0x0800011d   Thumb Code     0  memcpya.o(.text)
    __aeabi_memcpy8                          0x0800011d   Thumb Code     0  memcpya.o(.text)
    __aeabi_memset                           0x08000141   Thumb Code    14  memseta.o(.text)
    __aeabi_memset4                          0x08000141   Thumb Code     0  memseta.o(.text)
    __aeabi_memset8                          0x08000141   Thumb Code     0  memseta.o(.text)
    __aeabi_memclr                           0x0800014f   Thumb Code     4  memseta.o(.text)
    __aeabi_memclr4                          0x0800014f   Thumb Code     0  memseta.o(.text)
    __aeabi_memclr8                          0x0800014f   Thumb Code     0  memseta.o(.text)
    _memset$wrapper                          0x08000153   Thumb Code    18  memseta.o(.text)
    strncpy                                  0x08000165   Thumb Code    26  strncpy.o(.text)
    strlen                                   0x0800017f   Thumb Code    14  strlen.o(.text)
    memcmp                                   0x0800018d   Thumb Code    26  memcmp.o(.text)
    __aeabi_fadd                             0x080001a7   Thumb Code   162  fadd.o(.text)
    __aeabi_fsub                             0x08000249   Thumb Code     8  fadd.o(.text)
    __aeabi_frsub                            0x08000251   Thumb Code     8  fadd.o(.text)
    __aeabi_ddiv                             0x08000259   Thumb Code   234  ddiv.o(.text)
    __aeabi_uldivmod                         0x08000349   Thumb Code    96  uldiv.o(.text)
    __I$use$fp                               0x080003a9   Thumb Code     0  iusefp.o(.text)
    _float_round                             0x080003a9   Thumb Code    16  fepilogue.o(.text)
    _float_epilogue                          0x080003b9   Thumb Code   114  fepilogue.o(.text)
    _double_round                            0x0800042b   Thumb Code    26  depilogue.o(.text)
    _double_epilogue                         0x08000445   Thumb Code   164  depilogue.o(.text)
    __aeabi_dadd                             0x080004e9   Thumb Code   328  dadd.o(.text)
    __aeabi_dsub                             0x08000631   Thumb Code    12  dadd.o(.text)
    __aeabi_drsub                            0x0800063d   Thumb Code    12  dadd.o(.text)
    __aeabi_dmul                             0x0800064d   Thumb Code   202  dmul.o(.text)
    __aeabi_d2ulz                            0x0800071d   Thumb Code    54  dfixul.o(.text)
    __aeabi_cdrcmple                         0x0800075d   Thumb Code    38  cdrcmple.o(.text)
    __scatterload                            0x08000785   Thumb Code    28  init.o(.text)
    __scatterload_rt2                        0x08000785   Thumb Code     0  init.o(.text)
    __aeabi_llsl                             0x080007a9   Thumb Code    32  llshl.o(.text)
    _ll_shift_l                              0x080007a9   Thumb Code     0  llshl.o(.text)
    __aeabi_llsr                             0x080007c9   Thumb Code    34  llushr.o(.text)
    _ll_ushift_r                             0x080007c9   Thumb Code     0  llushr.o(.text)
    __aeabi_lasr                             0x080007eb   Thumb Code    38  llsshr.o(.text)
    _ll_sshift_r                             0x080007eb   Thumb Code     0  llsshr.o(.text)
    __decompress                             0x08000811   Thumb Code     0  __dczerorl2.o(.text)
    __decompress1                            0x08000811   Thumb Code    86  __dczerorl2.o(.text)
    ADC_COMP_IRQHandler                      0x08000867   Thumb Code     2  py32f002b_it.o(i.ADC_COMP_IRQHandler)
    APP_Config                               0x08000869   Thumb Code    46  sys.o(i.APP_Config)
    APP_ErrorHandler                         0x08000897   Thumb Code     2  tim.o(i.APP_ErrorHandler)
    APP_GPIOInit                             0x08000899   Thumb Code   196  led.o(i.APP_GPIOInit)
    APP_TimConfig                            0x08000969   Thumb Code    42  tim.o(i.APP_TimConfig)
    CAP_FlashBlank                           0x0800099d   Thumb Code    20  flash.o(i.CAP_FlashBlank)
    CAP_FlashErase                           0x080009c9   Thumb Code    44  flash.o(i.CAP_FlashErase)
    EXTI4_15_IRQHandler                      0x08000a0d   Thumb Code    10  py32f002b_it.o(i.EXTI4_15_IRQHandler)
    FLASH_WaitForLastOperation               0x08000aad   Thumb Code    42  py32f002b_hal_flash.o(i.FLASH_WaitForLastOperation)
    Flash_Init                               0x08000ae1   Thumb Code   166  flash.o(i.Flash_Init)
    Flash_Read                               0x08000bb5   Thumb Code    26  flash.o(i.Flash_Read)
    Flash_Write                              0x08000bd1   Thumb Code   188  flash.o(i.Flash_Write)
    Flash_Write_Status                       0x08000cad   Thumb Code    90  flash.o(i.Flash_Write_Status)
    HAL_Delay                                0x08000d49   Thumb Code    32  py32f002b_hal.o(i.HAL_Delay)
    HAL_FLASH_Erase                          0x08000d6d   Thumb Code   408  py32f002b_hal_flash.o(i.HAL_FLASH_Erase)
    HAL_FLASH_Lock                           0x08000f19   Thumb Code    22  py32f002b_hal_flash.o(i.HAL_FLASH_Lock)
    HAL_FLASH_Program                        0x08000f35   Thumb Code   254  py32f002b_hal_flash.o(i.HAL_FLASH_Program)
    HAL_FLASH_Unlock                         0x08001049   Thumb Code    28  py32f002b_hal_flash.o(i.HAL_FLASH_Unlock)
    HAL_GPIO_EXTI_Callback                   0x08001071   Thumb Code    34  main.o(i.HAL_GPIO_EXTI_Callback)
    HAL_GPIO_EXTI_IRQHandler                 0x080010ad   Thumb Code    18  py32f002b_hal_gpio.o(i.HAL_GPIO_EXTI_IRQHandler)
    HAL_GPIO_Init                            0x080010c5   Thumb Code   268  py32f002b_hal_gpio.o(i.HAL_GPIO_Init)
    HAL_GPIO_ReadPin                         0x080011d9   Thumb Code    10  py32f002b_hal_gpio.o(i.HAL_GPIO_ReadPin)
    HAL_GPIO_WritePin                        0x080011e3   Thumb Code    12  py32f002b_hal_gpio.o(i.HAL_GPIO_WritePin)
    HAL_GetTick                              0x080011f1   Thumb Code     6  py32f002b_hal.o(i.HAL_GetTick)
    HAL_I2C_GetState                         0x080011fd   Thumb Code     6  py32f002b_hal_i2c.o(i.HAL_I2C_GetState)
    HAL_I2C_Init                             0x08001205   Thumb Code   320  py32f002b_hal_i2c.o(i.HAL_I2C_Init)
    HAL_I2C_Mem_Read                         0x0800135d   Thumb Code   516  py32f002b_hal_i2c.o(i.HAL_I2C_Mem_Read)
    HAL_I2C_Mem_Write                        0x0800156d   Thumb Code   274  py32f002b_hal_i2c.o(i.HAL_I2C_Mem_Write)
    HAL_I2C_MspInit                          0x08001689   Thumb Code    88  py32f002b_hal_msp.o(i.HAL_I2C_MspInit)
    HAL_IWDG_Init                            0x080016e9   Thumb Code    74  py32f002b_hal_iwdg.o(i.HAL_IWDG_Init)
    HAL_IncTick                              0x08001741   Thumb Code    12  py32f002b_hal.o(i.HAL_IncTick)
    HAL_Init                                 0x08001751   Thumb Code    26  py32f002b_hal.o(i.HAL_Init)
    HAL_InitTick                             0x0800176d   Thumb Code    64  py32f002b_hal.o(i.HAL_InitTick)
    HAL_MspInit                              0x080017b5   Thumb Code    38  py32f002b_hal_msp.o(i.HAL_MspInit)
    HAL_NVIC_EnableIRQ                       0x080017e1   Thumb Code    18  py32f002b_hal_cortex.o(i.HAL_NVIC_EnableIRQ)
    HAL_NVIC_SetPriority                     0x080017f9   Thumb Code     8  py32f002b_hal_cortex.o(i.HAL_NVIC_SetPriority)
    HAL_RCC_ClockConfig                      0x08001801   Thumb Code   308  py32f002b_hal_rcc.o(i.HAL_RCC_ClockConfig)
    HAL_RCC_GetPCLK1Freq                     0x0800194d   Thumb Code    26  py32f002b_hal_rcc.o(i.HAL_RCC_GetPCLK1Freq)
    HAL_RCC_GetSysClockFreq                  0x08001975   Thumb Code   138  py32f002b_hal_rcc.o(i.HAL_RCC_GetSysClockFreq)
    HAL_RCC_OscConfig                        0x08001a11   Thumb Code   632  py32f002b_hal_rcc.o(i.HAL_RCC_OscConfig)
    HAL_SPI_DeInit                           0x08001ca5   Thumb Code    48  py32f002b_hal_spi.o(i.HAL_SPI_DeInit)
    HAL_SPI_Init                             0x08001cd5   Thumb Code   148  py32f002b_hal_spi.o(i.HAL_SPI_Init)
    HAL_SPI_MspDeInit                        0x08001d69   Thumb Code     2  py32f002b_hal_spi.o(i.HAL_SPI_MspDeInit)
    HAL_SPI_MspInit                          0x08001d6b   Thumb Code     2  py32f002b_hal_spi.o(i.HAL_SPI_MspInit)
    HAL_SPI_Transmit                         0x08001d6d   Thumb Code   352  py32f002b_hal_spi.o(i.HAL_SPI_Transmit)
    HAL_SPI_TransmitReceive                  0x08001ecd   Thumb Code   480  py32f002b_hal_spi.o(i.HAL_SPI_TransmitReceive)
    HAL_SYSTICK_Config                       0x080020ad   Thumb Code    38  py32f002b_hal_cortex.o(i.HAL_SYSTICK_Config)
    HAL_TIMEx_BreakCallback                  0x080020dd   Thumb Code     2  py32f002b_hal_tim_ex.o(i.HAL_TIMEx_BreakCallback)
    HAL_TIMEx_CommutCallback                 0x080020df   Thumb Code     2  py32f002b_hal_tim_ex.o(i.HAL_TIMEx_CommutCallback)
    HAL_TIM_Base_Init                        0x080020e1   Thumb Code    48  py32f002b_hal_tim.o(i.HAL_TIM_Base_Init)
    HAL_TIM_Base_MspInit                     0x08002111   Thumb Code    38  py32f002b_hal_msp.o(i.HAL_TIM_Base_MspInit)
    HAL_TIM_Base_Start_IT                    0x08002145   Thumb Code    32  py32f002b_hal_tim.o(i.HAL_TIM_Base_Start_IT)
    HAL_TIM_IC_CaptureCallback               0x08002165   Thumb Code     2  py32f002b_hal_tim.o(i.HAL_TIM_IC_CaptureCallback)
    HAL_TIM_IRQHandler                       0x08002167   Thumb Code   354  py32f002b_hal_tim.o(i.HAL_TIM_IRQHandler)
    HAL_TIM_OC_DelayElapsedCallback          0x080022c9   Thumb Code     2  py32f002b_hal_tim.o(i.HAL_TIM_OC_DelayElapsedCallback)
    HAL_TIM_PWM_PulseFinishedCallback        0x080022cb   Thumb Code     2  py32f002b_hal_tim.o(i.HAL_TIM_PWM_PulseFinishedCallback)
    HAL_TIM_PeriodElapsedCallback            0x080022cd   Thumb Code    16  tim.o(i.HAL_TIM_PeriodElapsedCallback)
    HAL_TIM_TriggerCallback                  0x080022e1   Thumb Code     2  py32f002b_hal_tim.o(i.HAL_TIM_TriggerCallback)
    HAL_UART_Init                            0x080022e3   Thumb Code   142  py32f002b_hal_uart.o(i.HAL_UART_Init)
    HAL_UART_MspInit                         0x08002371   Thumb Code    82  py32f002b_hal_msp.o(i.HAL_UART_MspInit)
    HardFault_Handler                        0x080023c9   Thumb Code     2  py32f002b_it.o(i.HardFault_Handler)
    I2C_GPIO_Init                            0x080023cd   Thumb Code    78  i2c.o(i.I2C_GPIO_Init)
    I2C_Init                                 0x08002425   Thumb Code    40  i2c.o(i.I2C_Init)
    NMI_Handler                              0x08002813   Thumb Code     2  py32f002b_it.o(i.NMI_Handler)
    PendSV_Handler                           0x08002815   Thumb Code     2  py32f002b_it.o(i.PendSV_Handler)
    SVC_Handler                              0x080029c1   Thumb Code     2  py32f002b_it.o(i.SVC_Handler)
    SysTick_Handler                          0x080029c3   Thumb Code     8  py32f002b_it.o(i.SysTick_Handler)
    SystemInit                               0x080029cd   Thumb Code    58  system_py32f002b.o(i.SystemInit)
    System_Clock_Config_HSI_24Mhz            0x08002a1d   Thumb Code    56  sys.o(i.System_Clock_Config_HSI_24Mhz)
    TIM1_BRK_UP_TRG_COM_IRQHandler           0x08002a59   Thumb Code    10  py32f002b_it.o(i.TIM1_BRK_UP_TRG_COM_IRQHandler)
    TIM_Base_SetConfig                       0x08002a69   Thumb Code    72  py32f002b_hal_tim.o(i.TIM_Base_SetConfig)
    USART1_GPIO_Init                         0x08002b7d   Thumb Code    50  usart.o(i.USART1_GPIO_Init)
    USART1_IRQHandler                        0x08002bb5   Thumb Code    52  usart.o(i.USART1_IRQHandler)
    USART1_Init                              0x08002bf5   Thumb Code   116  usart.o(i.USART1_Init)
    USART1_Send_Byte                         0x08002c75   Thumb Code    12  usart.o(i.USART1_Send_Byte)
    __0printf                                0x08002c85   Thumb Code    24  printfa.o(i.__0printf)
    __1printf                                0x08002c85   Thumb Code     0  printfa.o(i.__0printf)
    __2printf                                0x08002c85   Thumb Code     0  printfa.o(i.__0printf)
    __c89printf                              0x08002c85   Thumb Code     0  printfa.o(i.__0printf)
    printf                                   0x08002c85   Thumb Code     0  printfa.o(i.__0printf)
    __ARM_clz                                0x08002ca5   Thumb Code    46  depilogue.o(i.__ARM_clz)
    __ARM_common_switch8                     0x08002cd3   Thumb Code    26  py32f002b_hal_tim.o(i.__ARM_common_switch8)
    __scatterload_copy                       0x08002d31   Thumb Code    14  handlers.o(i.__scatterload_copy)
    __scatterload_null                       0x08002d3f   Thumb Code     2  handlers.o(i.__scatterload_null)
    __scatterload_zeroinit                   0x08002d41   Thumb Code    14  handlers.o(i.__scatterload_zeroinit)
    apdu_exchange                            0x080035fd   Thumb Code   124  iso14443a.o(i.apdu_exchange)
    build_web_uri                            0x080036e5   Thumb Code    74  picc.o(i.build_web_uri)
    com_reqa                                 0x08003731   Thumb Code   114  rfid.o(i.com_reqa)
    find_file                                0x080037b5   Thumb Code    42  picc.o(i.find_file)
    fputc                                    0x080037df   Thumb Code    14  usart.o(i.fputc)
    get_diff_tick                            0x080037ed   Thumb Code    14  sys.o(i.get_diff_tick)
    get_fifo_level                           0x080037fb   Thumb Code    20  nfc_transfer.o(i.get_fifo_level)
    hal_nfc_pcd_reset                        0x0800382b   Thumb Code    12  mh1612s.o(i.hal_nfc_pcd_reset)
    handle_read                              0x0800384d   Thumb Code    48  picc.o(i.handle_read)
    handle_select                            0x08003881   Thumb Code    70  picc.o(i.handle_select)
    if_picc_state_active                     0x080038d5   Thumb Code    16  picc.o(i.if_picc_state_active)
    init_gsensor_for_interrupt               0x080038e9   Thumb Code   122  sc7a20.o(i.init_gsensor_for_interrupt)
    init_t4t_entity                          0x08003969   Thumb Code    70  picc.o(i.init_t4t_entity)
    intc_irq_register                        0x080039d9   Thumb Code     8  intc.o(i.intc_irq_register)
    intc_irq_unregister                      0x080039e5   Thumb Code    10  intc.o(i.intc_irq_unregister)
    is_timeout                               0x080039f5   Thumb Code    28  sys.o(i.is_timeout)
    main                                     0x08003a11   Thumb Code    84  main.o(i.main)
    mh1612s_gpio_init                        0x08003a6d   Thumb Code   188  mh1612s.o(i.mh1612s_gpio_init)
    mh1612s_init                             0x08003b35   Thumb Code    32  mh1612s.o(i.mh1612s_init)
    nfc_antenna_off                          0x08003b69   Thumb Code    16  nfc_config.o(i.nfc_antenna_off)
    nfc_antenna_on                           0x08003b79   Thumb Code    16  nfc_config.o(i.nfc_antenna_on)
    nfc_app                                  0x08003b89   Thumb Code   300  nfc_app.o(i.nfc_app)
    nfc_check_bit                            0x08003d69   Thumb Code    18  mh1612s.o(i.nfc_check_bit)
    nfc_clear_bit                            0x08003d7b   Thumb Code    30  mh1612s.o(i.nfc_clear_bit)
    nfc_clear_reg_bit                        0x08003d99   Thumb Code    32  mh1612s.o(i.nfc_clear_reg_bit)
    nfc_config                               0x08003db9   Thumb Code    80  nfc_config.o(i.nfc_config)
    nfc_get_reg                              0x08003e09   Thumb Code    88  mh1612s.o(i.nfc_get_reg)
    nfc_read_reg                             0x08003e61   Thumb Code    92  mh1612s.o(i.nfc_read_reg)
    nfc_set_bit                              0x08003edd   Thumb Code    30  mh1612s.o(i.nfc_set_bit)
    nfc_set_reg                              0x08003efb   Thumb Code    80  mh1612s.o(i.nfc_set_reg)
    nfc_set_reg_bit                          0x08003f4b   Thumb Code    32  mh1612s.o(i.nfc_set_reg_bit)
    nfc_write_reg                            0x08003f6d   Thumb Code    66  mh1612s.o(i.nfc_write_reg)
    parse_capdu                              0x08003fd1   Thumb Code   204  picc.o(i.parse_capdu)
    pcd_cascaded_anticoll                    0x0800409d   Thumb Code   470  iso14443a.o(i.pcd_cascaded_anticoll)
    pcd_cascaded_select                      0x080042b5   Thumb Code   174  iso14443a.o(i.pcd_cascaded_select)
    pcd_com_transceive                       0x08004379   Thumb Code  2574  nfc_transfer.o(i.pcd_com_transceive)
    pcd_default_info                         0x08004db5   Thumb Code    34  nfc_transfer.o(i.pcd_default_info)
    pcd_receive                              0x08004ddd   Thumb Code    34  iso14443a.o(i.pcd_receive)
    pcd_request                              0x08004e01   Thumb Code   214  iso14443a.o(i.pcd_request)
    pcd_set_rate                             0x08004f11   Thumb Code   382  nfc_config.o(i.pcd_set_rate)
    pcd_set_tmo                              0x08005091   Thumb Code   106  nfc_config.o(i.pcd_set_tmo)
    pcd_set_tmo_FWT_n9                       0x08005105   Thumb Code    36  nfc_config.o(i.pcd_set_tmo_FWT_n9)
    pcd_transmit                             0x08005129   Thumb Code    86  iso14443a.o(i.pcd_transmit)
    picc_14443_4_enable                      0x08005199   Thumb Code    62  picc.o(i.picc_14443_4_enable)
    picc_active_irq                          0x080051f5   Thumb Code    62  picc.o(i.picc_active_irq)
    picc_check_cid                           0x0800523d   Thumb Code    16  picc.o(i.picc_check_cid)
    picc_err_callback                        0x08005251   Thumb Code    26  picc.o(i.picc_err_callback)
    picc_field_in_irq                        0x080052b1   Thumb Code    48  picc.o(i.picc_field_in_irq)
    picc_field_out_irq                       0x08005305   Thumb Code    48  picc.o(i.picc_field_out_irq)
    picc_init                                0x08005369   Thumb Code    82  card_emu.o(i.picc_init)
    picc_reset                               0x080053c1   Thumb Code    16  picc.o(i.picc_reset)
    picc_run_state_check                     0x080053d1   Thumb Code    16  picc.o(i.picc_run_state_check)
    picc_rx_irq                              0x080053e5   Thumb Code    46  picc.o(i.picc_rx_irq)
    picc_set_atqa_hbyte                      0x08005413   Thumb Code    16  picc.o(i.picc_set_atqa_hbyte)
    picc_set_atqa_lbyte                      0x08005423   Thumb Code    18  picc.o(i.picc_set_atqa_lbyte)
    picc_set_halt                            0x08005435   Thumb Code    22  picc.o(i.picc_set_halt)
    picc_set_idle                            0x08005451   Thumb Code    22  picc.o(i.picc_set_idle)
    picc_set_rate                            0x0800546d   Thumb Code    54  picc.o(i.picc_set_rate)
    picc_start                               0x080054a9   Thumb Code    16  picc.o(i.picc_start)
    picc_stop                                0x080054b9   Thumb Code    16  picc.o(i.picc_stop)
    picc_t2t_ack                             0x080054c9   Thumb Code    36  picc.o(i.picc_t2t_ack)
    picc_t2t_read_callback                   0x08005589   Thumb Code   120  picc.o(i.picc_t2t_read_callback)
    picc_t4t_apdu_process                    0x08005641   Thumb Code   192  picc.o(i.picc_t4t_apdu_process)
    picc_t4t_block_process                   0x08005705   Thumb Code   290  picc.o(i.picc_t4t_block_process)
    picc_t4t_send_i                          0x08005941   Thumb Code   104  picc.o(i.picc_t4t_send_i)
    picc_t4t_send_r                          0x080059ad   Thumb Code    52  picc.o(i.picc_t4t_send_r)
    picc_task                                0x080059e5   Thumb Code    92  picc.o(i.picc_task)
    picc_uid_set                             0x08005a71   Thumb Code    98  picc.o(i.picc_uid_set)
    picc_write                               0x08005ad5   Thumb Code   152  picc.o(i.picc_write)
    read_fifo                                0x08005b8d   Thumb Code   194  iso14443a.o(i.read_fifo)
    reader_mode                              0x08005c59   Thumb Code    38  rfid.o(i.reader_mode)
    rm1002_init                              0x08005c91   Thumb Code   238  1002.o(i.rm1002_init)
    set_picc_init                            0x08005e4d   Thumb Code    12  picc.o(i.set_picc_init)
    spi1_init                                0x08005e5d   Thumb Code    68  mh1612s.o(i.spi1_init)
    AHBPrescTable                            0x08005ea8   Data          64  system_py32f002b.o(.constdata)
    HSIFreqTable                             0x08005ee8   Data          32  system_py32f002b.o(.constdata)
    APBPrescTable                            0x08005f08   Data          32  system_py32f002b.o(.constdata)
    _FlashTimmingParam                       0x08005f48   Data          32  py32f002b_hal_flash.o(.constdata)
    au16FSD_CODE                             0x08005f78   Data          18  picc.o(.constdata)
    Region$$Table$$Base                      0x08005fa4   Number         0  anon$$obj.o(Region$$Table)
    Region$$Table$$Limit                     0x08005fc4   Number         0  anon$$obj.o(Region$$Table)
    SystemCoreClock                          0x20000000   Data           4  system_py32f002b.o(.data)
    uwTickPrio                               0x20000004   Data           4  py32f002b_hal.o(.data)
    uwTickFreq                               0x20000008   Data           4  py32f002b_hal.o(.data)
    uwTick                                   0x2000000c   Data           4  py32f002b_hal.o(.data)
    MCU_Status                               0x20000010   Data           1  flash.o(.data)
    coe_buffer                               0x20000014   Data          64  flash.o(.data)
    cxxx0                                    0x20000054   Data          16  main.o(.data)
    cxxx1                                    0x20000064   Data          16  main.o(.data)
    cxxx2                                    0x20000074   Data          16  main.o(.data)
    cxxx3                                    0x20000084   Data          16  main.o(.data)
    exti_triggered_ts                        0x20000098   Data           4  main.o(.data)
    timer_coe                                0x2000009c   Data           1  tim.o(.data)
    delay_tick                               0x2000009d   Data           1  tim.o(.data)
    G_USART1_RX_Flag                         0x200000a0   Data           1  usart.o(.data)
    G_USART1_RX_Count                        0x200000a4   Data           4  usart.o(.data)
    cal_data                                 0x200000a8   Data           4  1002.o(.data)
    cal_mask                                 0x200000ac   Data           4  1002.o(.data)
    parastic_cap                             0x200000b0   Data          16  1002.o(.data)
    rm1002_defaultcfg                        0x200000c0   Data         128  1002.o(.data)
    picc_configs                             0x20000140   Data          42  card_emu.o(.data)
    picc_conf                                0x2000016c   Data          68  card_emu.o(.data)
    t2t_ver                                  0x200001b0   Data           8  picc.o(.data)
    picc_run                                 0x200001b8   Data         148  picc.o(.data)
    t2t_ecc                                  0x2000024c   Data          32  picc.o(.data)
    data_test                                0x2000026c   Data          64  picc.o(.data)
    read_fifo_flag                           0x200002ac   Data           1  intc.o(.data)
    reader_mode_flag                         0x200002ad   Data           1  intc.o(.data)
    system_state                             0x200002b0   Data           1  nfc_app.o(.data)
    rx_buff_length                           0x200002b1   Data           1  nfc_app.o(.data)
    exchange_data_num                        0x200002b4   Data           4  nfc_app.o(.data)
    system_tick                              0x200002b8   Data           4  nfc_app.o(.data)
    COS_typeA_configs                        0x200002bc   Data         108  nfc_app.o(.data)
    tx_buff                                  0x20000328   Data          64  nfc_app.o(.data)
    EMV_TEST                                 0x20000368   Data           1  nfc_config.o(.data)
    NFC_DEBUG_LOG                            0x20000369   Data           1  nfc_transfer.o(.data)
    EMV_DEBUG_LOG                            0x2000036a   Data           1  nfc_transfer.o(.data)
    __stdout                                 0x2000036c   Data           4  stdout.o(.data)
    pFlash                                   0x20000370   Data          24  py32f002b_hal_flash.o(.bss)
    cap_buffer                               0x20000388   Data          64  flash.o(.bss)
    IwdgHandle                               0x200003c8   Data          12  iwdg.o(.bss)
    TimHandle                                0x200003d4   Data          32  tim.o(.bss)
    G_USART1_RX_Buffer                       0x200003f4   Data          64  usart.o(.bss)
    UartHandle                               0x20000474   Data          68  usart.o(.bss)
    I2cHandle                                0x200004b8   Data          64  i2c.o(.bss)
    Spi1Handle                               0x200004f8   Data          68  mh1612s.o(.bss)
    g_tag_info                               0x2000053c   Data          37  rfid.o(.bss)
    t4t_tag                                  0x20000564   Data         120  picc.o(.bss)
    event_cb                                 0x200005dc   Data          44  intc.o(.bss)
    rx_buff                                  0x20000608   Data          64  nfc_app.o(.bss)
    g_pcd_module_info                        0x20000648   Data          32  nfc_transfer.o(.bss)
    __initial_sp                             0x20000a68   Data           0  startup_py32f002bxx.o(STACK)



==============================================================================

Memory Map of the image

  Image Entry point : 0x080000c1

  Load Region LR_IROM1 (Base: 0x08000000, Size: 0x00006334, Max: 0x00006000, ABSOLUTE, COMPRESSED[0x000061a8])

    Execution Region ER_IROM1 (Exec base: 0x08000000, Load base: 0x08000000, Size: 0x00005fc4, Max: 0x00006000, ABSOLUTE)

    Exec Addr    Load Addr    Size         Type   Attr      Idx    E Section Name        Object

    0x08000000   0x08000000   0x000000c0   Data   RO          195    RESET               startup_py32f002bxx.o
    0x080000c0   0x080000c0   0x00000000   Code   RO         4654  * .ARM.Collect$$$$00000000  mc_p.l(entry.o)
    0x080000c0   0x080000c0   0x00000004   Code   RO         4963    .ARM.Collect$$$$00000001  mc_p.l(entry2.o)
    0x080000c4   0x080000c4   0x00000004   Code   RO         4966    .ARM.Collect$$$$00000004  mc_p.l(entry5.o)
    0x080000c8   0x080000c8   0x00000000   Code   RO         4968    .ARM.Collect$$$$00000008  mc_p.l(entry7b.o)
    0x080000c8   0x080000c8   0x00000000   Code   RO         4970    .ARM.Collect$$$$0000000A  mc_p.l(entry8b.o)
    0x080000c8   0x080000c8   0x00000008   Code   RO         4971    .ARM.Collect$$$$0000000B  mc_p.l(entry9a.o)
    0x080000d0   0x080000d0   0x00000000   Code   RO         4973    .ARM.Collect$$$$0000000D  mc_p.l(entry10a.o)
    0x080000d0   0x080000d0   0x00000000   Code   RO         4975    .ARM.Collect$$$$0000000F  mc_p.l(entry11a.o)
    0x080000d0   0x080000d0   0x00000004   Code   RO         4964    .ARM.Collect$$$$00002712  mc_p.l(entry2.o)
    0x080000d4   0x080000d4   0x0000001c   Code   RO          196    .text               startup_py32f002bxx.o
    0x080000f0   0x080000f0   0x0000002c   Code   RO         4657    .text               mc_p.l(uidiv.o)
    0x0800011c   0x0800011c   0x00000024   Code   RO         4664    .text               mc_p.l(memcpya.o)
    0x08000140   0x08000140   0x00000024   Code   RO         4666    .text               mc_p.l(memseta.o)
    0x08000164   0x08000164   0x0000001a   Code   RO         4668    .text               mc_p.l(strncpy.o)
    0x0800017e   0x0800017e   0x0000000e   Code   RO         4670    .text               mc_p.l(strlen.o)
    0x0800018c   0x0800018c   0x0000001a   Code   RO         4672    .text               mc_p.l(memcmp.o)
    0x080001a6   0x080001a6   0x000000b2   Code   RO         4937    .text               mf_p.l(fadd.o)
    0x08000258   0x08000258   0x000000f0   Code   RO         4945    .text               mf_p.l(ddiv.o)
    0x08000348   0x08000348   0x00000060   Code   RO         4978    .text               mc_p.l(uldiv.o)
    0x080003a8   0x080003a8   0x00000000   Code   RO         4987    .text               mc_p.l(iusefp.o)
    0x080003a8   0x080003a8   0x00000082   Code   RO         4988    .text               mf_p.l(fepilogue.o)
    0x0800042a   0x0800042a   0x000000be   Code   RO         4992    .text               mf_p.l(depilogue.o)
    0x080004e8   0x080004e8   0x00000164   Code   RO         4996    .text               mf_p.l(dadd.o)
    0x0800064c   0x0800064c   0x000000d0   Code   RO         4998    .text               mf_p.l(dmul.o)
    0x0800071c   0x0800071c   0x00000040   Code   RO         5000    .text               mf_p.l(dfixul.o)
    0x0800075c   0x0800075c   0x00000028   Code   RO         5002    .text               mf_p.l(cdrcmple.o)
    0x08000784   0x08000784   0x00000024   Code   RO         5004    .text               mc_p.l(init.o)
    0x080007a8   0x080007a8   0x00000020   Code   RO         5006    .text               mc_p.l(llshl.o)
    0x080007c8   0x080007c8   0x00000022   Code   RO         5008    .text               mc_p.l(llushr.o)
    0x080007ea   0x080007ea   0x00000026   Code   RO         5010    .text               mc_p.l(llsshr.o)
    0x08000810   0x08000810   0x00000056   Code   RO         5020    .text               mc_p.l(__dczerorl2.o)
    0x08000866   0x08000866   0x00000002   Code   RO         2430    i.ADC_COMP_IRQHandler  py32f002b_it.o
    0x08000868   0x08000868   0x0000002e   Code   RO         3145    i.APP_Config        sys.o
    0x08000896   0x08000896   0x00000002   Code   RO         3215    i.APP_ErrorHandler  tim.o
    0x08000898   0x08000898   0x000000d0   Code   RO         3073    i.APP_GPIOInit      led.o
    0x08000968   0x08000968   0x00000034   Code   RO         3216    i.APP_TimConfig     tim.o
    0x0800099c   0x0800099c   0x0000002c   Code   RO         2961    i.CAP_FlashBlank    flash.o
    0x080009c8   0x080009c8   0x00000044   Code   RO         2962    i.CAP_FlashErase    flash.o
    0x08000a0c   0x08000a0c   0x0000000a   Code   RO         2431    i.EXTI4_15_IRQHandler  py32f002b_it.o
    0x08000a16   0x08000a16   0x00000002   PAD
    0x08000a18   0x08000a18   0x00000024   Code   RO         2266    i.FLASH_MassErase   py32f002b_hal_flash.o
    0x08000a3c   0x08000a3c   0x00000020   Code   RO         2267    i.FLASH_PageErase   py32f002b_hal_flash.o
    0x08000a5c   0x08000a5c   0x0000003c   Code   RO         2268    i.FLASH_Program_Page  py32f002b_hal_flash.o
    0x08000a98   0x08000a98   0x00000014   Code   RO         2269    i.FLASH_SectorErase  py32f002b_hal_flash.o
    0x08000aac   0x08000aac   0x00000034   Code   RO         2270    i.FLASH_WaitForLastOperation  py32f002b_hal_flash.o
    0x08000ae0   0x08000ae0   0x000000d4   Code   RO         2963    i.Flash_Init        flash.o
    0x08000bb4   0x08000bb4   0x0000001a   Code   RO         2965    i.Flash_Read        flash.o
    0x08000bce   0x08000bce   0x00000002   PAD
    0x08000bd0   0x08000bd0   0x000000dc   Code   RO         2967    i.Flash_Write       flash.o
    0x08000cac   0x08000cac   0x0000009c   Code   RO         2968    i.Flash_Write_Status  flash.o
    0x08000d48   0x08000d48   0x00000024   Code   RO          205    i.HAL_Delay         py32f002b_hal.o
    0x08000d6c   0x08000d6c   0x000001ac   Code   RO         2272    i.HAL_FLASH_Erase   py32f002b_hal_flash.o
    0x08000f18   0x08000f18   0x0000001c   Code   RO         2276    i.HAL_FLASH_Lock    py32f002b_hal_flash.o
    0x08000f34   0x08000f34   0x00000114   Code   RO         2287    i.HAL_FLASH_Program  py32f002b_hal_flash.o
    0x08001048   0x08001048   0x00000028   Code   RO         2289    i.HAL_FLASH_Unlock  py32f002b_hal_flash.o
    0x08001070   0x08001070   0x0000003c   Code   RO         3099    i.HAL_GPIO_EXTI_Callback  main.o
    0x080010ac   0x080010ac   0x00000018   Code   RO          547    i.HAL_GPIO_EXTI_IRQHandler  py32f002b_hal_gpio.o
    0x080010c4   0x080010c4   0x00000114   Code   RO          548    i.HAL_GPIO_Init     py32f002b_hal_gpio.o
    0x080011d8   0x080011d8   0x0000000a   Code   RO          550    i.HAL_GPIO_ReadPin  py32f002b_hal_gpio.o
    0x080011e2   0x080011e2   0x0000000c   Code   RO          552    i.HAL_GPIO_WritePin  py32f002b_hal_gpio.o
    0x080011ee   0x080011ee   0x00000002   PAD
    0x080011f0   0x080011f0   0x0000000c   Code   RO          209    i.HAL_GetTick       py32f002b_hal.o
    0x080011fc   0x080011fc   0x00000006   Code   RO         1912    i.HAL_I2C_GetState  py32f002b_hal_i2c.o
    0x08001202   0x08001202   0x00000002   PAD
    0x08001204   0x08001204   0x00000158   Code   RO         1913    i.HAL_I2C_Init      py32f002b_hal_i2c.o
    0x0800135c   0x0800135c   0x00000210   Code   RO         1927    i.HAL_I2C_Mem_Read  py32f002b_hal_i2c.o
    0x0800156c   0x0800156c   0x0000011c   Code   RO         1929    i.HAL_I2C_Mem_Write  py32f002b_hal_i2c.o
    0x08001688   0x08001688   0x00000060   Code   RO         2621    i.HAL_I2C_MspInit   py32f002b_hal_msp.o
    0x080016e8   0x080016e8   0x00000058   Code   RO         2240    i.HAL_IWDG_Init     py32f002b_hal_iwdg.o
    0x08001740   0x08001740   0x00000010   Code   RO          215    i.HAL_IncTick       py32f002b_hal.o
    0x08001750   0x08001750   0x0000001a   Code   RO          216    i.HAL_Init          py32f002b_hal.o
    0x0800176a   0x0800176a   0x00000002   PAD
    0x0800176c   0x0800176c   0x00000048   Code   RO          217    i.HAL_InitTick      py32f002b_hal.o
    0x080017b4   0x080017b4   0x0000002c   Code   RO         2622    i.HAL_MspInit       py32f002b_hal_msp.o
    0x080017e0   0x080017e0   0x00000018   Code   RO          903    i.HAL_NVIC_EnableIRQ  py32f002b_hal_cortex.o
    0x080017f8   0x080017f8   0x00000008   Code   RO          907    i.HAL_NVIC_SetPriority  py32f002b_hal_cortex.o
    0x08001800   0x08001800   0x0000014c   Code   RO          403    i.HAL_RCC_ClockConfig  py32f002b_hal_rcc.o
    0x0800194c   0x0800194c   0x00000028   Code   RO          410    i.HAL_RCC_GetPCLK1Freq  py32f002b_hal_rcc.o
    0x08001974   0x08001974   0x0000009c   Code   RO          411    i.HAL_RCC_GetSysClockFreq  py32f002b_hal_rcc.o
    0x08001a10   0x08001a10   0x00000294   Code   RO          415    i.HAL_RCC_OscConfig  py32f002b_hal_rcc.o
    0x08001ca4   0x08001ca4   0x00000030   Code   RO         2678    i.HAL_SPI_DeInit    py32f002b_hal_spi.o
    0x08001cd4   0x08001cd4   0x00000094   Code   RO         2683    i.HAL_SPI_Init      py32f002b_hal_spi.o
    0x08001d68   0x08001d68   0x00000002   Code   RO         2684    i.HAL_SPI_MspDeInit  py32f002b_hal_spi.o
    0x08001d6a   0x08001d6a   0x00000002   Code   RO         2685    i.HAL_SPI_MspInit   py32f002b_hal_spi.o
    0x08001d6c   0x08001d6c   0x00000160   Code   RO         2690    i.HAL_SPI_Transmit  py32f002b_hal_spi.o
    0x08001ecc   0x08001ecc   0x000001e0   Code   RO         2691    i.HAL_SPI_TransmitReceive  py32f002b_hal_spi.o
    0x080020ac   0x080020ac   0x00000030   Code   RO          911    i.HAL_SYSTICK_Config  py32f002b_hal_cortex.o
    0x080020dc   0x080020dc   0x00000002   Code   RO         1709    i.HAL_TIMEx_BreakCallback  py32f002b_hal_tim_ex.o
    0x080020de   0x080020de   0x00000002   Code   RO         1710    i.HAL_TIMEx_CommutCallback  py32f002b_hal_tim_ex.o
    0x080020e0   0x080020e0   0x00000030   Code   RO         1170    i.HAL_TIM_Base_Init  py32f002b_hal_tim.o
    0x08002110   0x08002110   0x00000034   Code   RO         2623    i.HAL_TIM_Base_MspInit  py32f002b_hal_msp.o
    0x08002144   0x08002144   0x00000020   Code   RO         1174    i.HAL_TIM_Base_Start_IT  py32f002b_hal_tim.o
    0x08002164   0x08002164   0x00000002   Code   RO         1191    i.HAL_TIM_IC_CaptureCallback  py32f002b_hal_tim.o
    0x08002166   0x08002166   0x00000162   Code   RO         1203    i.HAL_TIM_IRQHandler  py32f002b_hal_tim.o
    0x080022c8   0x080022c8   0x00000002   Code   RO         1206    i.HAL_TIM_OC_DelayElapsedCallback  py32f002b_hal_tim.o
    0x080022ca   0x080022ca   0x00000002   Code   RO         1231    i.HAL_TIM_PWM_PulseFinishedCallback  py32f002b_hal_tim.o
    0x080022cc   0x080022cc   0x00000014   Code   RO         3217    i.HAL_TIM_PeriodElapsedCallback  tim.o
    0x080022e0   0x080022e0   0x00000002   Code   RO         1242    i.HAL_TIM_TriggerCallback  py32f002b_hal_tim.o
    0x080022e2   0x080022e2   0x0000008e   Code   RO          696    i.HAL_UART_Init     py32f002b_hal_uart.o
    0x08002370   0x08002370   0x00000058   Code   RO         2624    i.HAL_UART_MspInit  py32f002b_hal_msp.o
    0x080023c8   0x080023c8   0x00000002   Code   RO         2432    i.HardFault_Handler  py32f002b_it.o
    0x080023ca   0x080023ca   0x00000002   PAD
    0x080023cc   0x080023cc   0x00000058   Code   RO         3452    i.I2C_GPIO_Init     i2c.o
    0x08002424   0x08002424   0x00000034   Code   RO         3453    i.I2C_Init          i2c.o
    0x08002458   0x08002458   0x00000034   Code   RO         1942    i.I2C_IsAcknowledgeFailed  py32f002b_hal_i2c.o
    0x0800248c   0x0800248c   0x000000f0   Code   RO         1950    i.I2C_RequestMemoryRead  py32f002b_hal_i2c.o
    0x0800257c   0x0800257c   0x000000ac   Code   RO         1951    i.I2C_RequestMemoryWrite  py32f002b_hal_i2c.o
    0x08002628   0x08002628   0x0000004e   Code   RO         1954    i.I2C_WaitOnBTFFlagUntilTimeout  py32f002b_hal_i2c.o
    0x08002676   0x08002676   0x00000064   Code   RO         1955    i.I2C_WaitOnFlagUntilTimeout  py32f002b_hal_i2c.o
    0x080026da   0x080026da   0x00000002   PAD
    0x080026dc   0x080026dc   0x00000090   Code   RO         1956    i.I2C_WaitOnMasterAddressFlagUntilTimeout  py32f002b_hal_i2c.o
    0x0800276c   0x0800276c   0x00000058   Code   RO         1957    i.I2C_WaitOnRXNEFlagUntilTimeout  py32f002b_hal_i2c.o
    0x080027c4   0x080027c4   0x0000004e   Code   RO         1958    i.I2C_WaitOnTXEFlagUntilTimeout  py32f002b_hal_i2c.o
    0x08002812   0x08002812   0x00000002   Code   RO         2433    i.NMI_Handler       py32f002b_it.o
    0x08002814   0x08002814   0x00000002   Code   RO         2434    i.PendSV_Handler    py32f002b_it.o
    0x08002816   0x08002816   0x0000004a   Code   RO         2708    i.SPI_EndRxTxTransaction  py32f002b_hal_spi.o
    0x08002860   0x08002860   0x000000c0   Code   RO         2713    i.SPI_WaitFifoStateUntilTimeout  py32f002b_hal_spi.o
    0x08002920   0x08002920   0x000000a0   Code   RO         2714    i.SPI_WaitFlagStateUntilTimeout  py32f002b_hal_spi.o
    0x080029c0   0x080029c0   0x00000002   Code   RO         2435    i.SVC_Handler       py32f002b_it.o
    0x080029c2   0x080029c2   0x00000008   Code   RO         2436    i.SysTick_Handler   py32f002b_it.o
    0x080029ca   0x080029ca   0x00000002   PAD
    0x080029cc   0x080029cc   0x00000050   Code   RO          162    i.SystemInit        system_py32f002b.o
    0x08002a1c   0x08002a1c   0x0000003c   Code   RO         3148    i.System_Clock_Config_HSI_24Mhz  sys.o
    0x08002a58   0x08002a58   0x00000010   Code   RO         2437    i.TIM1_BRK_UP_TRG_COM_IRQHandler  py32f002b_it.o
    0x08002a68   0x08002a68   0x00000050   Code   RO         1244    i.TIM_Base_SetConfig  py32f002b_hal_tim.o
    0x08002ab8   0x08002ab8   0x000000c4   Code   RO          708    i.UART_SetConfig    py32f002b_hal_uart.o
    0x08002b7c   0x08002b7c   0x00000038   Code   RO         3265    i.USART1_GPIO_Init  usart.o
    0x08002bb4   0x08002bb4   0x00000040   Code   RO         3266    i.USART1_IRQHandler  usart.o
    0x08002bf4   0x08002bf4   0x00000080   Code   RO         3267    i.USART1_Init       usart.o
    0x08002c74   0x08002c74   0x00000010   Code   RO         3268    i.USART1_Send_Byte  usart.o
    0x08002c84   0x08002c84   0x00000020   Code   RO         4909    i.__0printf         mc_p.l(printfa.o)
    0x08002ca4   0x08002ca4   0x0000002e   Code   RO         4994    i.__ARM_clz         mf_p.l(depilogue.o)
    0x08002cd2   0x08002cd2   0x0000001a   Code   RO         1701    i.__ARM_common_switch8  py32f002b_hal_tim.o
    0x08002cec   0x08002cec   0x00000044   Code   RO          913    i.__NVIC_SetPriority  py32f002b_hal_cortex.o
    0x08002d30   0x08002d30   0x0000000e   Code   RO         5014    i.__scatterload_copy  mc_p.l(handlers.o)
    0x08002d3e   0x08002d3e   0x00000002   Code   RO         5015    i.__scatterload_null  mc_p.l(handlers.o)
    0x08002d40   0x08002d40   0x0000000e   Code   RO         5016    i.__scatterload_zeroinit  mc_p.l(handlers.o)
    0x08002d4e   0x08002d4e   0x00000002   PAD
    0x08002d50   0x08002d50   0x00000174   Code   RO         4916    i._fp_digits        mc_p.l(printfa.o)
    0x08002ec4   0x08002ec4   0x000006ec   Code   RO         4917    i._printf_core      mc_p.l(printfa.o)
    0x080035b0   0x080035b0   0x00000020   Code   RO         4918    i._printf_post_padding  mc_p.l(printfa.o)
    0x080035d0   0x080035d0   0x0000002c   Code   RO         4919    i._printf_pre_padding  mc_p.l(printfa.o)
    0x080035fc   0x080035fc   0x000000e8   Code   RO         4278    i.apdu_exchange     iso14443a.o
    0x080036e4   0x080036e4   0x0000004a   Code   RO         3960    i.build_web_uri     picc.o
    0x0800372e   0x0800372e   0x00000002   PAD
    0x08003730   0x08003730   0x00000084   Code   RO         3904    i.com_reqa          rfid.o
    0x080037b4   0x080037b4   0x0000002a   Code   RO         3961    i.find_file         picc.o
    0x080037de   0x080037de   0x0000000e   Code   RO         3271    i.fputc             usart.o
    0x080037ec   0x080037ec   0x0000000e   Code   RO         3151    i.get_diff_tick     sys.o
    0x080037fa   0x080037fa   0x00000014   Code   RO         4606    i.get_fifo_level    nfc_transfer.o
    0x0800380e   0x0800380e   0x00000008   Code   RO         3962    i.hal_nfc_bit_clear  picc.o
    0x08003816   0x08003816   0x00000008   Code   RO         3963    i.hal_nfc_bit_set   picc.o
    0x0800381e   0x0800381e   0x0000000c   Code   RO         3964    i.hal_nfc_clear_register_bit  picc.o
    0x0800382a   0x0800382a   0x0000000c   Code   RO         3809    i.hal_nfc_pcd_reset  mh1612s.o
    0x08003836   0x08003836   0x00000008   Code   RO         4279    i.hal_nfc_read_register  iso14443a.o
    0x0800383e   0x0800383e   0x0000000c   Code   RO         4524    i.hal_nfc_write_register  nfc_config.o
    0x0800384a   0x0800384a   0x00000002   PAD
    0x0800384c   0x0800384c   0x00000034   Code   RO         3965    i.handle_read       picc.o
    0x08003880   0x08003880   0x00000054   Code   RO         3966    i.handle_select     picc.o
    0x080038d4   0x080038d4   0x00000014   Code   RO         3967    i.if_picc_state_active  picc.o
    0x080038e8   0x080038e8   0x00000080   Code   RO         3730    i.init_gsensor_for_interrupt  sc7a20.o
    0x08003968   0x08003968   0x00000070   Code   RO         3968    i.init_t4t_entity   picc.o
    0x080039d8   0x080039d8   0x0000000c   Code   RO         4465    i.intc_irq_register  intc.o
    0x080039e4   0x080039e4   0x00000010   Code   RO         4466    i.intc_irq_unregister  intc.o
    0x080039f4   0x080039f4   0x0000001c   Code   RO         3152    i.is_timeout        sys.o
    0x08003a10   0x08003a10   0x0000005c   Code   RO         3100    i.main              main.o
    0x08003a6c   0x08003a6c   0x000000c8   Code   RO         3810    i.mh1612s_gpio_init  mh1612s.o
    0x08003b34   0x08003b34   0x00000034   Code   RO         3811    i.mh1612s_init      mh1612s.o
    0x08003b68   0x08003b68   0x00000010   Code   RO         4525    i.nfc_antenna_off   nfc_config.o
    0x08003b78   0x08003b78   0x00000010   Code   RO         4526    i.nfc_antenna_on    nfc_config.o
    0x08003b88   0x08003b88   0x000001e0   Code   RO         4499    i.nfc_app           nfc_app.o
    0x08003d68   0x08003d68   0x00000012   Code   RO         3812    i.nfc_check_bit     mh1612s.o
    0x08003d7a   0x08003d7a   0x0000001e   Code   RO         3813    i.nfc_clear_bit     mh1612s.o
    0x08003d98   0x08003d98   0x00000020   Code   RO         3814    i.nfc_clear_reg_bit  mh1612s.o
    0x08003db8   0x08003db8   0x00000050   Code   RO         4527    i.nfc_config        nfc_config.o
    0x08003e08   0x08003e08   0x00000058   Code   RO         3815    i.nfc_get_reg       mh1612s.o
    0x08003e60   0x08003e60   0x0000007c   Code   RO         3816    i.nfc_read_reg      mh1612s.o
    0x08003edc   0x08003edc   0x0000001e   Code   RO         3817    i.nfc_set_bit       mh1612s.o
    0x08003efa   0x08003efa   0x00000050   Code   RO         3818    i.nfc_set_reg       mh1612s.o
    0x08003f4a   0x08003f4a   0x00000020   Code   RO         3819    i.nfc_set_reg_bit   mh1612s.o
    0x08003f6a   0x08003f6a   0x00000002   PAD
    0x08003f6c   0x08003f6c   0x00000064   Code   RO         3820    i.nfc_write_reg     mh1612s.o
    0x08003fd0   0x08003fd0   0x000000cc   Code   RO         3969    i.parse_capdu       picc.o
    0x0800409c   0x0800409c   0x00000218   Code   RO         4280    i.pcd_cascaded_anticoll  iso14443a.o
    0x080042b4   0x080042b4   0x000000c4   Code   RO         4281    i.pcd_cascaded_select  iso14443a.o
    0x08004378   0x08004378   0x00000a3c   Code   RO         4607    i.pcd_com_transceive  nfc_transfer.o
    0x08004db4   0x08004db4   0x00000028   Code   RO         4608    i.pcd_default_info  nfc_transfer.o
    0x08004ddc   0x08004ddc   0x00000022   Code   RO         4285    i.pcd_receive       iso14443a.o
    0x08004dfe   0x08004dfe   0x00000002   PAD
    0x08004e00   0x08004e00   0x00000110   Code   RO         4286    i.pcd_request       iso14443a.o
    0x08004f10   0x08004f10   0x0000017e   Code   RO         4529    i.pcd_set_rate      nfc_config.o
    0x0800508e   0x0800508e   0x00000002   PAD
    0x08005090   0x08005090   0x00000074   Code   RO         4530    i.pcd_set_tmo       nfc_config.o
    0x08005104   0x08005104   0x00000024   Code   RO         4533    i.pcd_set_tmo_FWT_n9  nfc_config.o
    0x08005128   0x08005128   0x00000070   Code   RO         4287    i.pcd_transmit      iso14443a.o
    0x08005198   0x08005198   0x00000050   Code   RO         3970    i.picc_14443_4_enable  picc.o
    0x080051e8   0x080051e8   0x0000000c   Code   RO         3971    i.picc_active_callback  picc.o
    0x080051f4   0x080051f4   0x00000048   Code   RO         3972    i.picc_active_irq   picc.o
    0x0800523c   0x0800523c   0x00000014   Code   RO         3975    i.picc_check_cid    picc.o
    0x08005250   0x08005250   0x00000024   Code   RO         3977    i.picc_err_callback  picc.o
    0x08005274   0x08005274   0x00000010   Code   RO         3978    i.picc_event_register  picc.o
    0x08005284   0x08005284   0x00000010   Code   RO         3979    i.picc_event_unregister  picc.o
    0x08005294   0x08005294   0x0000001c   Code   RO         3980    i.picc_field_in_callback  picc.o
    0x080052b0   0x080052b0   0x00000034   Code   RO         3981    i.picc_field_in_irq  picc.o
    0x080052e4   0x080052e4   0x00000020   Code   RO         3982    i.picc_field_out_callback  picc.o
    0x08005304   0x08005304   0x00000034   Code   RO         3983    i.picc_field_out_irq  picc.o
    0x08005338   0x08005338   0x0000000e   Code   RO         3985    i.picc_get_rx_len   picc.o
    0x08005346   0x08005346   0x00000002   PAD
    0x08005348   0x08005348   0x00000020   Code   RO         3986    i.picc_inactive_callback  picc.o
    0x08005368   0x08005368   0x00000058   Code   RO         3933    i.picc_init         card_emu.o
    0x080053c0   0x080053c0   0x00000010   Code   RO         3987    i.picc_reset        picc.o
    0x080053d0   0x080053d0   0x00000014   Code   RO         3989    i.picc_run_state_check  picc.o
    0x080053e4   0x080053e4   0x0000002e   Code   RO         3991    i.picc_rx_irq       picc.o
    0x08005412   0x08005412   0x00000010   Code   RO         3992    i.picc_set_atqa_hbyte  picc.o
    0x08005422   0x08005422   0x00000012   Code   RO         3993    i.picc_set_atqa_lbyte  picc.o
    0x08005434   0x08005434   0x0000001c   Code   RO         3994    i.picc_set_halt     picc.o
    0x08005450   0x08005450   0x0000001c   Code   RO         3995    i.picc_set_idle     picc.o
    0x0800546c   0x0800546c   0x0000003c   Code   RO         3996    i.picc_set_rate     picc.o
    0x080054a8   0x080054a8   0x00000010   Code   RO         3997    i.picc_start        picc.o
    0x080054b8   0x080054b8   0x00000010   Code   RO         3998    i.picc_stop         picc.o
    0x080054c8   0x080054c8   0x00000028   Code   RO         3999    i.picc_t2t_ack      picc.o
    0x080054f0   0x080054f0   0x00000024   Code   RO         4000    i.picc_t2t_nak      picc.o
    0x08005514   0x08005514   0x00000074   Code   RO         4001    i.picc_t2t_process  picc.o
    0x08005588   0x08005588   0x000000b8   Code   RO         4002    i.picc_t2t_read_callback  picc.o
    0x08005640   0x08005640   0x000000c4   Code   RO         4003    i.picc_t4t_apdu_process  picc.o
    0x08005704   0x08005704   0x00000128   Code   RO         4004    i.picc_t4t_block_process  picc.o
    0x0800582c   0x0800582c   0x00000094   Code   RO         4005    i.picc_t4t_process  picc.o
    0x080058c0   0x080058c0   0x00000080   Code   RO         4006    i.picc_t4t_rats_process  picc.o
    0x08005940   0x08005940   0x0000006c   Code   RO         4007    i.picc_t4t_send_i   picc.o
    0x080059ac   0x080059ac   0x00000038   Code   RO         4008    i.picc_t4t_send_r   picc.o
    0x080059e4   0x080059e4   0x0000008c   Code   RO         4009    i.picc_task         picc.o
    0x08005a70   0x08005a70   0x00000062   Code   RO         4010    i.picc_uid_set      picc.o
    0x08005ad2   0x08005ad2   0x00000002   PAD
    0x08005ad4   0x08005ad4   0x000000b8   Code   RO         4011    i.picc_write        picc.o
    0x08005b8c   0x08005b8c   0x000000cc   Code   RO         4288    i.read_fifo         iso14443a.o
    0x08005c58   0x08005c58   0x00000038   Code   RO         3905    i.reader_mode       rfid.o
    0x08005c90   0x08005c90   0x00000120   Code   RO         3364    i.rm1002_init       1002.o
    0x08005db0   0x08005db0   0x00000034   Code   RO         3365    i.rm1002_reg_read   1002.o
    0x08005de4   0x08005de4   0x00000034   Code   RO         3366    i.rm1002_reg_write  1002.o
    0x08005e18   0x08005e18   0x00000034   Code   RO         3733    i.sc7a20_reg_write  sc7a20.o
    0x08005e4c   0x08005e4c   0x00000010   Code   RO         4012    i.set_picc_init     picc.o
    0x08005e5c   0x08005e5c   0x0000004c   Code   RO         3821    i.spi1_init         mh1612s.o
    0x08005ea8   0x08005ea8   0x00000060   Data   RO          163    .constdata          system_py32f002b.o
    0x08005f08   0x08005f08   0x00000020   Data   RO          164    .constdata          system_py32f002b.o
    0x08005f28   0x08005f28   0x00000020   Data   RO          416    .constdata          py32f002b_hal_rcc.o
    0x08005f48   0x08005f48   0x00000020   Data   RO         2291    .constdata          py32f002b_hal_flash.o
    0x08005f68   0x08005f68   0x00000010   Data   RO         3735    .constdata          sc7a20.o
    0x08005f78   0x08005f78   0x0000002c   Data   RO         4014    .constdata          picc.o
    0x08005fa4   0x08005fa4   0x00000020   Data   RO         5012    Region$$Table       anon$$obj.o


    Execution Region RW_IRAM1 (Exec base: 0x20000000, Load base: 0x08005fc4, Size: 0x00000a68, Max: 0x00000c00, ABSOLUTE, COMPRESSED[0x000001e4])

    Exec Addr    Load Addr    Size         Type   Attr      Idx    E Section Name        Object

    0x20000000   COMPRESSED   0x00000004   Data   RW          165    .data               system_py32f002b.o
    0x20000004   COMPRESSED   0x0000000c   Data   RW          232    .data               py32f002b_hal.o
    0x20000010   COMPRESSED   0x00000044   Data   RW         2971    .data               flash.o
    0x20000054   COMPRESSED   0x00000010   Data   RW         3102    .data               main.o
    0x20000064   COMPRESSED   0x00000010   Data   RW         3103    .data               main.o
    0x20000074   COMPRESSED   0x00000010   Data   RW         3104    .data               main.o
    0x20000084   COMPRESSED   0x00000010   Data   RW         3105    .data               main.o
    0x20000094   COMPRESSED   0x00000008   Data   RW         3106    .data               main.o
    0x2000009c   COMPRESSED   0x00000001   Data   RW         3222    .data               tim.o
    0x2000009d   COMPRESSED   0x00000001   Data   RW         3223    .data               tim.o
    0x2000009e   COMPRESSED   0x00000002   PAD
    0x200000a0   COMPRESSED   0x00000008   Data   RW         3277    .data               usart.o
    0x200000a8   COMPRESSED   0x00000098   Data   RW         3370    .data               1002.o
    0x20000140   COMPRESSED   0x00000070   Data   RW         3934    .data               card_emu.o
    0x200001b0   COMPRESSED   0x000000fc   Data   RW         4015    .data               picc.o
    0x200002ac   COMPRESSED   0x00000001   Data   RW         4468    .data               intc.o
    0x200002ad   COMPRESSED   0x00000001   Data   RW         4469    .data               intc.o
    0x200002ae   COMPRESSED   0x00000002   PAD
    0x200002b0   COMPRESSED   0x000000b8   Data   RW         4501    .data               nfc_app.o
    0x20000368   COMPRESSED   0x00000001   Data   RW         4534    .data               nfc_config.o
    0x20000369   COMPRESSED   0x00000002   Data   RW         4610    .data               nfc_transfer.o
    0x2000036b   COMPRESSED   0x00000001   PAD
    0x2000036c   COMPRESSED   0x00000004   Data   RW         4977    .data               mc_p.l(stdout.o)
    0x20000370        -       0x00000018   Zero   RW         2290    .bss                py32f002b_hal_flash.o
    0x20000388        -       0x00000040   Zero   RW         2969    .bss                flash.o
    0x200003c8        -       0x0000000c   Zero   RW         3043    .bss                iwdg.o
    0x200003d4        -       0x00000020   Zero   RW         3219    .bss                tim.o
    0x200003f4        -       0x000000c4   Zero   RW         3275    .bss                usart.o
    0x200004b8        -       0x00000040   Zero   RW         3454    .bss                i2c.o
    0x200004f8        -       0x00000044   Zero   RW         3822    .bss                mh1612s.o
    0x2000053c        -       0x00000025   Zero   RW         3906    .bss                rfid.o
    0x20000561   COMPRESSED   0x00000003   PAD
    0x20000564        -       0x00000078   Zero   RW         4013    .bss                picc.o
    0x200005dc        -       0x0000002c   Zero   RW         4467    .bss                intc.o
    0x20000608        -       0x00000040   Zero   RW         4500    .bss                nfc_app.o
    0x20000648        -       0x00000020   Zero   RW         4609    .bss                nfc_transfer.o
    0x20000668        -       0x00000400   Zero   RW          193    STACK               startup_py32f002bxx.o

